
ASEM-51 V1.3                                         Copyright (c) 2002 by W.W. Heinz                                         PAGE 1





       MCS-51 Family Macro Assembler   A S E M - 5 1   V 1.3
       =====================================================



	Source File:	/media/user/soft/simulide/simulide_lauchpad/1.0.0/resources/examples/Micro/mcs-51/mcs-51_test/mcs-51_extint.asm
	Object File:	/media/user/soft/simulide/simulide_lauchpad/1.0.0/resources/examples/Micro/mcs-51/mcs-51_test/mcs-51_extint.hex
	List File:	/media/user/soft/simulide/simulide_lauchpad/1.0.0/resources/examples/Micro/mcs-51/mcs-51_test/mcs-51_extint.lst



 Line  I  Addr  Code            Source

    1:
    2:		N      0000	ORG 0000H         ; starting address for the microcontroller
    3:	  0000	02 00 30	LJMP MAIN         ; used to bypass the memory which store the interrupt service routine
    4:
    5:		N      0003	ORG  0003H        ; memory location which holds the interrupt service routine for INT0
    6:	  0003	D2 90		    SETB  P1.0    ; Set LED pin ( turn on LED )
    7:	  0005	C2 89		    CLR  TCON.1   ; Clear INT0 flag
    8:	  0007	11 3C		    ACALL delay
    9:	  0009	32		    RETI          ; used to exit the interrupt subroutine
   10:
   11:		N      0030	ORG 0030H; Memory location where the program code (i.e MAIN) is kept
   12:	  0030			MAIN:
   13:	  0030	75 B0 FF	    MOV P3, #0FFH       ; P0 as input
   14:	  0033	75 A8 81	    MOV IE, #10000001B  ; enables interrupts p3.3 edge triggered INT0
   15:
   16:	  0036	7A 82		    MOV R2,#130         ; moves 130 into r2 which acts as a counter
   17:
   18:	  0038			AGAIN:
   19:	  0038	C2 90		    CLR  P1.0     ; Clear LED pin ( turn on LED )
   20:	  003A	80 FC		    SJMP AGAIN    ; decrements value in r2 and jumps to again label till value !=0
   21:
   22:	  003C			delay:
   23:	  003C	7B 0A		    mov R3,#10    ; 2 clock cycles (call) = 2
   24:	  003E	7A 00		    mov R2,#0     ; 2 clock cycles (call) = 2
   25:	  0040	79 00		    mov R1,#0     ; 2 clock cycles (loading) = 2
   26:	  0042			  d1:
   27:	  0042	D9 FE		    djnz R1,d1    ; 2 * 256 clock cycles *225 = 115200
   28:	  0044	DA FC		    djnz R2,d1    ; 2 * 225 clock cycles = 450
   29:	  0046	DB FA		    djnz R3,d1    ; 2 * 225 clock cycles = 450
   30:	  0048	22		    ret           ; 2 clock cycles (return) = 2
   31:
   32:				END





                     register banks used:  ---

                     no errors




ASEM-51 V1.3                                         Copyright (c) 2002 by W.W. Heinz                                         PAGE 2





	       L I S T   O F   S Y M B O L S
	       =============================


SYMBOL				  TYPE     VALUE	LINE
------------------------------------------------------------
??ASEM_51			  NUMBER    8051
??VERSION			  NUMBER    0130
AC				  BIT	      D6
ACC				  DATA	      E0
AGAIN				  CODE	    0038	  18
B				  DATA	      F0
CY				  BIT	      D7
D1				  CODE	    0042	  26
DELAY				  CODE	    003C	  22
DPH				  DATA	      83
DPL				  DATA	      82
EA				  BIT	      AF
ES				  BIT	      AC
ET0				  BIT	      A9
ET1				  BIT	      AB
EX0				  BIT	      A8
EX1				  BIT	      AA
EXTI0				  CODE	    0003
EXTI1				  CODE	    0013
F0				  BIT	      D5
IE				  DATA	      A8
IE0				  BIT	      89
IE1				  BIT	      8B
INT0				  BIT	      B2
INT1				  BIT	      B3
IP				  DATA	      B8
IT0				  BIT	      88
IT1				  BIT	      8A
MAIN				  CODE	    0030	  12
OV				  BIT	      D2
P				  BIT	      D0
P0				  DATA	      80
P1				  DATA	      90
P2				  DATA	      A0
P3				  DATA	      B0
PCON				  DATA	      87
PS				  BIT	      BC
PSW				  DATA	      D0
PT0				  BIT	      B9
PT1				  BIT	      BB
PX0				  BIT	      B8
PX1				  BIT	      BA
RB8				  BIT	      9A
RD				  BIT	      B7
REN				  BIT	      9C
RESET				  CODE	    0000
RI				  BIT	      98
RS0				  BIT	      D3
RS1				  BIT	      D4
RXD				  BIT	      B0

ASEM-51 V1.3                                         Copyright (c) 2002 by W.W. Heinz                                         PAGE 3



SYMBOL				  TYPE     VALUE	LINE
------------------------------------------------------------
SBUF				  DATA	      99
SCON				  DATA	      98
SINT				  CODE	    0023
SM0				  BIT	      9F
SM1				  BIT	      9E
SM2				  BIT	      9D
SP				  DATA	      81
T0				  BIT	      B4
T1				  BIT	      B5
TB8				  BIT	      9B
TCON				  DATA	      88
TF0				  BIT	      8D
TF1				  BIT	      8F
TH0				  DATA	      8C
TH1				  DATA	      8D
TI				  BIT	      99
TIMER0				  CODE	    000B
TIMER1				  CODE	    001B
TL0				  DATA	      8A
TL1				  DATA	      8B
TMOD				  DATA	      89
TR0				  BIT	      8C
TR1				  BIT	      8E
TXD				  BIT	      B1
WR				  BIT	      B6
