GCASM List File (GCBASIC 1.00.00 2022-12-01 (Linux 64 bit) : Build 1199)

Symbols:
-X 	EQU 	30
-Y 	EQU 	26
-Z 	EQU 	18
ACBG 	EQU 	6
ACD 	EQU 	7
ACI 	EQU 	4
ACIC 	EQU 	2
ACIE 	EQU 	3
ACIS0 	EQU 	0
ACIS1 	EQU 	1
ACME 	EQU 	3
ACO 	EQU 	5
ACSR 	EQU 	8
ADATE 	EQU 	5
ADCH 	EQU 	5
ADCH0 	EQU 	0
ADCH1 	EQU 	1
ADCH2 	EQU 	2
ADCH3 	EQU 	3
ADCH4 	EQU 	4
ADCH5 	EQU 	5
ADCH6 	EQU 	6
ADCH7 	EQU 	7
ADCL 	EQU 	4
ADCL0 	EQU 	0
ADCL1 	EQU 	1
ADCL2 	EQU 	2
ADCL3 	EQU 	3
ADCL4 	EQU 	4
ADCL5 	EQU 	5
ADCL6 	EQU 	6
ADCL7 	EQU 	7
ADCSRA 	EQU 	6
ADEN 	EQU 	7
ADFR 	EQU 	5
ADIE 	EQU 	3
ADIF 	EQU 	4
ADLAR 	EQU 	5
ADMUX 	EQU 	7
ADPS0 	EQU 	0
ADPS1 	EQU 	1
ADPS2 	EQU 	2
ADSC 	EQU 	6
ADTS0 	EQU 	5
ADTS1 	EQU 	6
ADTS2 	EQU 	7
AS2 	EQU 	3
ASB 	EQU 	6
ASRE 	EQU 	4
ASSR 	EQU 	34
BASPROGRAMEND 	EQU 	65
BASPROGRAMSTART 	EQU 	42
BLBSET 	EQU 	3
BORF 	EQU 	2
C 	EQU 	0
CAL0 	EQU 	0
CAL1 	EQU 	1
CAL2 	EQU 	2
CAL3 	EQU 	3
CAL4 	EQU 	4
CAL5 	EQU 	5
CAL6 	EQU 	6
CAL7 	EQU 	7
CHR9 	EQU 	2
COM00 	EQU 	4
COM01 	EQU 	5
COM1A0 	EQU 	6
COM1A1 	EQU 	7
COM1B0 	EQU 	4
COM1B1 	EQU 	5
COM20 	EQU 	4
COM21 	EQU 	5
CPHA 	EQU 	2
CPOL 	EQU 	3
CS00 	EQU 	0
CS01 	EQU 	1
CS02 	EQU 	2
CS10 	EQU 	0
CS11 	EQU 	1
CS12 	EQU 	2
CS20 	EQU 	0
CS21 	EQU 	1
CS22 	EQU 	2
CTC0 	EQU 	3
CTC1 	EQU 	3
CTC10 	EQU 	3
CTC11 	EQU 	4
CTC2 	EQU 	3
DDA0 	EQU 	0
DDA1 	EQU 	1
DDA2 	EQU 	2
DDA3 	EQU 	3
DDA4 	EQU 	4
DDA5 	EQU 	5
DDA6 	EQU 	6
DDA7 	EQU 	7
DDB0 	EQU 	0
DDB1 	EQU 	1
DDB2 	EQU 	2
DDB3 	EQU 	3
DDB4 	EQU 	4
DDB5 	EQU 	5
DDB6 	EQU 	6
DDB7 	EQU 	7
DDC0 	EQU 	0
DDC1 	EQU 	1
DDC2 	EQU 	2
DDC3 	EQU 	3
DDC4 	EQU 	4
DDC5 	EQU 	5
DDC6 	EQU 	6
DDC7 	EQU 	7
DDD0 	EQU 	0
DDD1 	EQU 	1
DDD2 	EQU 	2
DDD3 	EQU 	3
DDD4 	EQU 	4
DDD5 	EQU 	5
DDD6 	EQU 	6
DDD7 	EQU 	7
DDRA 	EQU 	26
DDRB 	EQU 	23
DDRC 	EQU 	20
DDRD 	EQU 	17
DELAYTEMP 	EQU 	r25
DELAYTEMP2 	EQU 	r26
DELAY_MS 	EQU 	67
DMS_INNER 	EQU 	70
DMS_OUTER 	EQU 	69
DMS_START 	EQU 	68
DOR 	EQU 	3
DORD 	EQU 	5
EEARH 	EQU 	31
EEARL 	EQU 	30
EECR 	EQU 	28
EEDR 	EQU 	29
EEDR0 	EQU 	0
EEDR1 	EQU 	1
EEDR2 	EQU 	2
EEDR3 	EQU 	3
EEDR4 	EQU 	4
EEDR5 	EQU 	5
EEDR6 	EQU 	6
EEDR7 	EQU 	7
EEMWE 	EQU 	2
EERE 	EQU 	0
EERIE 	EQU 	3
EEWE 	EQU 	1
EXTRF 	EQU 	1
FE 	EQU 	4
FOC0 	EQU 	7
FOC1A 	EQU 	3
FOC1B 	EQU 	2
FOC2 	EQU 	7
GICR 	EQU 	59
GIFR 	EQU 	58
H 	EQU 	5
I 	EQU 	7
ICES1 	EQU 	6
ICF1 	EQU 	5
ICNC1 	EQU 	7
ICR1H 	EQU 	39
ICR1L 	EQU 	38
INITSYS 	EQU 	79
INT0 	EQU 	6
INT1 	EQU 	7
INT2 	EQU 	5
INTF0 	EQU 	6
INTF1 	EQU 	7
INTF2 	EQU 	5
ISC00 	EQU 	0
ISC01 	EQU 	1
ISC10 	EQU 	2
ISC11 	EQU 	3
ISC2 	EQU 	6
IVCE 	EQU 	0
IVSEL 	EQU 	1
JTD 	EQU 	7
JTRF 	EQU 	4
MCUCR 	EQU 	53
MCUCSR 	EQU 	52
MPCM 	EQU 	0
MSTR 	EQU 	4
MUX0 	EQU 	0
MUX1 	EQU 	1
MUX2 	EQU 	2
MUX3 	EQU 	3
MUX4 	EQU 	4
N 	EQU 	2
OCDR 	EQU 	49
OCF0 	EQU 	1
OCF1A 	EQU 	4
OCF1B 	EQU 	3
OCF2 	EQU 	7
OCIE0 	EQU 	1
OCIE1A 	EQU 	4
OCIE1B 	EQU 	3
OCIE2 	EQU 	7
OCR0 	EQU 	60
OCR0_0 	EQU 	0
OCR0_1 	EQU 	1
OCR0_2 	EQU 	2
OCR0_3 	EQU 	3
OCR0_4 	EQU 	4
OCR0_5 	EQU 	5
OCR0_6 	EQU 	6
OCR0_7 	EQU 	7
OCR1AH 	EQU 	43
OCR1AL 	EQU 	42
OCR1BH 	EQU 	41
OCR1BL 	EQU 	40
OCR2 	EQU 	35
OCR2UB 	EQU 	1
OCR2_0 	EQU 	0
OCR2_1 	EQU 	1
OCR2_2 	EQU 	2
OCR2_3 	EQU 	3
OCR2_4 	EQU 	4
OCR2_5 	EQU 	5
OCR2_6 	EQU 	6
OCR2_7 	EQU 	7
OSCCAL 	EQU 	49
OSCCAL0 	EQU 	0
OSCCAL1 	EQU 	1
OSCCAL2 	EQU 	2
OSCCAL3 	EQU 	3
OSCCAL4 	EQU 	4
OSCCAL5 	EQU 	5
OSCCAL6 	EQU 	6
OSCCAL7 	EQU 	7
PA0 	EQU 	0
PA1 	EQU 	1
PA2 	EQU 	2
PA3 	EQU 	3
PA4 	EQU 	4
PA5 	EQU 	5
PA6 	EQU 	6
PA7 	EQU 	7
PB0 	EQU 	0
PB1 	EQU 	1
PB2 	EQU 	2
PB3 	EQU 	3
PB4 	EQU 	4
PB5 	EQU 	5
PB6 	EQU 	6
PB7 	EQU 	7
PC0 	EQU 	0
PC1 	EQU 	1
PC2 	EQU 	2
PC3 	EQU 	3
PC4 	EQU 	4
PC5 	EQU 	5
PC6 	EQU 	6
PC7 	EQU 	7
PD0 	EQU 	0
PD1 	EQU 	1
PD2 	EQU 	2
PD3 	EQU 	3
PD4 	EQU 	4
PD5 	EQU 	5
PD6 	EQU 	6
PD7 	EQU 	7
PE 	EQU 	2
PGERS 	EQU 	1
PGWRT 	EQU 	2
PINA 	EQU 	25
PINA0 	EQU 	0
PINA1 	EQU 	1
PINA2 	EQU 	2
PINA3 	EQU 	3
PINA4 	EQU 	4
PINA5 	EQU 	5
PINA6 	EQU 	6
PINA7 	EQU 	7
PINB 	EQU 	22
PINB0 	EQU 	0
PINB1 	EQU 	1
PINB2 	EQU 	2
PINB3 	EQU 	3
PINB4 	EQU 	4
PINB5 	EQU 	5
PINB6 	EQU 	6
PINB7 	EQU 	7
PINC 	EQU 	19
PINC0 	EQU 	0
PINC1 	EQU 	1
PINC2 	EQU 	2
PINC3 	EQU 	3
PINC4 	EQU 	4
PINC5 	EQU 	5
PINC6 	EQU 	6
PINC7 	EQU 	7
PIND 	EQU 	16
PIND0 	EQU 	0
PIND1 	EQU 	1
PIND2 	EQU 	2
PIND3 	EQU 	3
PIND4 	EQU 	4
PIND5 	EQU 	5
PIND6 	EQU 	6
PIND7 	EQU 	7
PORF 	EQU 	0
PORTA 	EQU 	27
PORTA0 	EQU 	0
PORTA1 	EQU 	1
PORTA2 	EQU 	2
PORTA3 	EQU 	3
PORTA4 	EQU 	4
PORTA5 	EQU 	5
PORTA6 	EQU 	6
PORTA7 	EQU 	7
PORTB 	EQU 	24
PORTB0 	EQU 	0
PORTB1 	EQU 	1
PORTB2 	EQU 	2
PORTB3 	EQU 	3
PORTB4 	EQU 	4
PORTB5 	EQU 	5
PORTB6 	EQU 	6
PORTB7 	EQU 	7
PORTC 	EQU 	21
PORTC0 	EQU 	0
PORTC1 	EQU 	1
PORTC2 	EQU 	2
PORTC3 	EQU 	3
PORTC4 	EQU 	4
PORTC5 	EQU 	5
PORTC6 	EQU 	6
PORTC7 	EQU 	7
PORTD 	EQU 	18
PORTD0 	EQU 	0
PORTD1 	EQU 	1
PORTD2 	EQU 	2
PORTD3 	EQU 	3
PORTD4 	EQU 	4
PORTD5 	EQU 	5
PORTD6 	EQU 	6
PORTD7 	EQU 	7
PSR10 	EQU 	0
PSR2 	EQU 	0
PUD 	EQU 	2
PWM0 	EQU 	6
PWM10 	EQU 	0
PWM11 	EQU 	1
PWM2 	EQU 	6
RAMEND 	EQU 	2143
REFS0 	EQU 	6
REFS1 	EQU 	7
RWWSB 	EQU 	6
RWWSRE 	EQU 	4
RXB8 	EQU 	1
RXC 	EQU 	7
RXCIE 	EQU 	7
RXEN 	EQU 	4
S 	EQU 	4
SE 	EQU 	7
SFIOR 	EQU 	48
SM0 	EQU 	4
SM1 	EQU 	5
SM2 	EQU 	6
SPCR 	EQU 	13
SPDR 	EQU 	15
SPDR0 	EQU 	0
SPDR1 	EQU 	1
SPDR2 	EQU 	2
SPDR3 	EQU 	3
SPDR4 	EQU 	4
SPDR5 	EQU 	5
SPDR6 	EQU 	6
SPDR7 	EQU 	7
SPE 	EQU 	6
SPH 	EQU 	62
SPI2X 	EQU 	0
SPIE 	EQU 	7
SPIF 	EQU 	7
SPL 	EQU 	61
SPMCR 	EQU 	55
SPMEN 	EQU 	0
SPMIE 	EQU 	7
SPR0 	EQU 	0
SPR1 	EQU 	1
SPSR 	EQU 	14
SREG 	EQU 	63
SREG_C 	EQU 	0
SREG_H 	EQU 	5
SREG_I 	EQU 	7
SREG_N 	EQU 	2
SREG_S 	EQU 	4
SREG_T 	EQU 	6
SREG_V 	EQU 	3
SREG_Z 	EQU 	1
SYSDOLOOP_E1 	EQU 	65
SYSDOLOOP_E2 	EQU 	57
SYSDOLOOP_S1 	EQU 	53
SYSDOLOOP_S2 	EQU 	55
SYSVALUECOPY 	EQU 	r21
SYSWAITTEMPMS 	EQU 	r29
SYSWAITTEMPMS_H 	EQU 	r30
T 	EQU 	6
TCCR0 	EQU 	51
TCCR1A 	EQU 	47
TCCR1B 	EQU 	46
TCCR2 	EQU 	37
TCN2UB 	EQU 	2
TCNT0 	EQU 	50
TCNT0_0 	EQU 	0
TCNT0_1 	EQU 	1
TCNT0_2 	EQU 	2
TCNT0_3 	EQU 	3
TCNT0_4 	EQU 	4
TCNT0_5 	EQU 	5
TCNT0_6 	EQU 	6
TCNT0_7 	EQU 	7
TCNT1H 	EQU 	45
TCNT1L 	EQU 	44
TCNT2 	EQU 	36
TCNT2_0 	EQU 	0
TCNT2_1 	EQU 	1
TCNT2_2 	EQU 	2
TCNT2_3 	EQU 	3
TCNT2_4 	EQU 	4
TCNT2_5 	EQU 	5
TCNT2_6 	EQU 	6
TCNT2_7 	EQU 	7
TCR2UB 	EQU 	0
TICIE1 	EQU 	5
TIFR 	EQU 	56
TIMSK 	EQU 	57
TOIE0 	EQU 	0
TOIE1 	EQU 	2
TOIE2 	EQU 	6
TOV0 	EQU 	0
TOV1 	EQU 	2
TOV2 	EQU 	6
TWA0 	EQU 	1
TWA1 	EQU 	2
TWA2 	EQU 	3
TWA3 	EQU 	4
TWA4 	EQU 	5
TWA5 	EQU 	6
TWA6 	EQU 	7
TWAR 	EQU 	2
TWBR 	EQU 	0
TWBR0 	EQU 	0
TWBR1 	EQU 	1
TWBR2 	EQU 	2
TWBR3 	EQU 	3
TWBR4 	EQU 	4
TWBR5 	EQU 	5
TWBR6 	EQU 	6
TWBR7 	EQU 	7
TWCR 	EQU 	54
TWD0 	EQU 	0
TWD1 	EQU 	1
TWD2 	EQU 	2
TWD3 	EQU 	3
TWD4 	EQU 	4
TWD5 	EQU 	5
TWD6 	EQU 	6
TWD7 	EQU 	7
TWDR 	EQU 	3
TWEA 	EQU 	6
TWEN 	EQU 	2
TWGCE 	EQU 	0
TWIE 	EQU 	0
TWINT 	EQU 	7
TWPS0 	EQU 	0
TWPS1 	EQU 	1
TWS3 	EQU 	3
TWS4 	EQU 	4
TWS5 	EQU 	5
TWS6 	EQU 	6
TWS7 	EQU 	7
TWSR 	EQU 	1
TWSTA 	EQU 	5
TWSTO 	EQU 	4
TWWC 	EQU 	3
TXB8 	EQU 	0
TXC 	EQU 	6
TXCIE 	EQU 	6
TXEN 	EQU 	3
U2X 	EQU 	1
UBRRH 	EQU 	32
UBRRL 	EQU 	9
UCPOL 	EQU 	0
UCSRA 	EQU 	11
UCSRB 	EQU 	10
UCSRC 	EQU 	32
UCSZ0 	EQU 	1
UCSZ1 	EQU 	2
UCSZ2 	EQU 	2
UDR 	EQU 	12
UDR0 	EQU 	0
UDR1 	EQU 	1
UDR2 	EQU 	2
UDR3 	EQU 	3
UDR4 	EQU 	4
UDR5 	EQU 	5
UDR6 	EQU 	6
UDR7 	EQU 	7
UDRE 	EQU 	5
UDRIE 	EQU 	5
UMSEL 	EQU 	6
UPE 	EQU 	2
UPM0 	EQU 	4
UPM1 	EQU 	5
URSEL 	EQU 	7
USBS 	EQU 	3
V 	EQU 	3
WCOL 	EQU 	6
WDDE 	EQU 	4
WDE 	EQU 	3
WDP0 	EQU 	0
WDP1 	EQU 	1
WDP2 	EQU 	2
WDRF 	EQU 	3
WDTCR 	EQU 	33
WDTOE 	EQU 	4
WGM00 	EQU 	6
WGM01 	EQU 	3
WGM10 	EQU 	0
WGM11 	EQU 	1
WGM12 	EQU 	3
WGM13 	EQU 	4
WGM20 	EQU 	6
WGM21 	EQU 	3
X 	EQU 	28
X+ 	EQU 	29
Y 	EQU 	8
Y+ 	EQU 	25
Z 	EQU 	1
Z+ 	EQU 	17
rZ 	EQU 	0

Code:
Loc	Obj Code	Original Assembly

000000	C029	RJMP BASPROGRAMSTART

000002	9518	RETI

000004	9518	RETI

000006	9518	RETI

000008	9518	RETI

00000A	9518	RETI

00000C	9518	RETI

00000E	9518	RETI

000010	9518	RETI

000012	9518	RETI

000014	9518	RETI

000016	9518	RETI

000018	9518	RETI

00001A	9518	RETI

00001C	9518	RETI

00001E	9518	RETI

000020	9518	RETI

000022	9518	RETI

000024	9518	RETI

000026	9518	RETI

000028	9518	RETI



		BASPROGRAMSTART
00002A	E058	LDI SYSVALUECOPY,HIGH(RAMEND)
00002B	BF5E	OUT SPH, SYSVALUECOPY
00002C	E55F	LDI SYSVALUECOPY,LOW(RAMEND)
00002D	BF5D	OUT SPL, SYSVALUECOPY
00002E	D020	RCALL INITSYS

00002F	E050	LDI SYSVALUECOPY,0
000030	B957	OUT ADMUX,SYSVALUECOPY
000031	EF5F	LDI SYSVALUECOPY,255
000032	BB57	OUT DDRB,SYSVALUECOPY
000033	EF5F	LDI SYSVALUECOPY,255
000034	BB51	OUT DDRD,SYSVALUECOPY
		SYSDOLOOP_S1
000035	EC57	LDI SYSVALUECOPY,199
000036	B956	OUT ADCSRA,SYSVALUECOPY
		SYSDOLOOP_S2
000037	9936	SBIC ADCSRA,ADSC
000038	CFFE	RJMP SYSDOLOOP_S2
		SYSDOLOOP_E2
000039	B154	IN SYSVALUECOPY,ADCL
00003A	BB58	OUT PORTB,SYSVALUECOPY
00003B	B155	IN SYSVALUECOPY,ADCH
00003C	BB52	OUT PORTD,SYSVALUECOPY
00003D	E6D4	LDI SYSWAITTEMPMS,100
00003E	E0E0	LDI SYSWAITTEMPMS_H,0
00003F	D003	RCALL DELAY_MS
000040	CFF4	RJMP SYSDOLOOP_S1
		SYSDOLOOP_E1
		BASPROGRAMEND
000041	9588	SLEEP
000042	CFFE	RJMP BASPROGRAMEND


		DELAY_MS
000043	95E3	INC SYSWAITTEMPMS_H
		DMS_START
000044	EFAE	LDI DELAYTEMP2,254
		DMS_OUTER
000045	E194	LDI DELAYTEMP,20
		DMS_INNER
000046	959A	DEC DELAYTEMP
000047	F7F1	BRNE DMS_INNER
000048	95AA	DEC DELAYTEMP2
000049	F7D9	BRNE DMS_OUTER
00004A	95DA	DEC SYSWAITTEMPMS
00004B	F7C1	BRNE DMS_START
00004C	95EA	DEC SYSWAITTEMPMS_H
00004D	F7B1	BRNE DMS_START
00004E	9508	RET


		INITSYS
00004F	E050	LDI SYSVALUECOPY,0
000050	BB5B	OUT PORTA,SYSVALUECOPY
000051	E050	LDI SYSVALUECOPY,0
000052	BB58	OUT PORTB,SYSVALUECOPY
000053	E050	LDI SYSVALUECOPY,0
000054	BB55	OUT PORTC,SYSVALUECOPY
000055	E050	LDI SYSVALUECOPY,0
000056	BB52	OUT PORTD,SYSVALUECOPY
000057	9508	RET


