GCASM List File (GCBASIC 1.00.00 2022-12-01 (Linux 64 bit) : Build 1199)

Symbols:
A 	EQU 	0
ACCESS 	EQU 	0
ACKDT 	EQU 	5
ACKEN 	EQU 	4
ACKSTAT 	EQU 	6
ADCON0 	EQU 	31
ADCON0_GO_DONE 	EQU 	2
ADCON1 	EQU 	159
ADCS0 	EQU 	6
ADCS1 	EQU 	7
ADCS2 	EQU 	6
ADDEN 	EQU 	3
ADFM 	EQU 	7
ADIE 	EQU 	6
ADIF 	EQU 	6
ADON 	EQU 	0
ADRESH 	EQU 	30
ADRESL 	EQU 	158
B 	EQU 	1
BANKED 	EQU 	1
BASPROGRAMEND 	EQU 	38
BASPROGRAMSTART 	EQU 	5
BCLIE 	EQU 	3
BCLIF 	EQU 	3
BF 	EQU 	0
BRGH 	EQU 	2
C 	EQU 	0
C1INV 	EQU 	4
C1OUT 	EQU 	6
C2INV 	EQU 	5
C2OUT 	EQU 	7
CCP1CON 	EQU 	23
CCP1IE 	EQU 	2
CCP1IF 	EQU 	2
CCP1M0 	EQU 	0
CCP1M1 	EQU 	1
CCP1M2 	EQU 	2
CCP1M3 	EQU 	3
CCP1X 	EQU 	5
CCP1Y 	EQU 	4
CCP2CON 	EQU 	29
CCP2IE 	EQU 	0
CCP2IF 	EQU 	0
CCP2M0 	EQU 	0
CCP2M1 	EQU 	1
CCP2M2 	EQU 	2
CCP2M3 	EQU 	3
CCP2X 	EQU 	5
CCP2Y 	EQU 	4
CCPR1 	EQU 	21
CCPR1H 	EQU 	22
CCPR1L 	EQU 	21
CCPR2 	EQU 	27
CCPR2H 	EQU 	28
CCPR2L 	EQU 	27
CHS0 	EQU 	3
CHS1 	EQU 	4
CHS2 	EQU 	5
CIS 	EQU 	3
CKE 	EQU 	6
CKP 	EQU 	4
CM0 	EQU 	0
CM1 	EQU 	1
CM2 	EQU 	2
CMCON 	EQU 	156
CMIE 	EQU 	6
CMIF 	EQU 	6
COUNTER 	EQU 	32
CREN 	EQU 	4
CSRC 	EQU 	7
CVR0 	EQU 	0
CVR1 	EQU 	1
CVR2 	EQU 	2
CVR3 	EQU 	3
CVRCON 	EQU 	157
CVREN 	EQU 	7
CVROE 	EQU 	6
CVRR 	EQU 	5
D 	EQU 	5
DATA_ADDRESS 	EQU 	5
DC 	EQU 	1
DELAYTEMP 	EQU 	112
DELAYTEMP2 	EQU 	113
DELAY_MS 	EQU 	77
DISPCHAR 	EQU 	33
DISPLAYVALUE 	EQU 	40
DISPPORT 	EQU 	34
DISPTEMP 	EQU 	35
DMS_INNER 	EQU 	82
DMS_OUTER 	EQU 	80
DMS_START 	EQU 	78
D_A 	EQU 	5
D_NOT_A 	EQU 	5
EEADR 	EQU 	269
EEADRH 	EQU 	271
EECON1 	EQU 	396
EECON2 	EQU 	397
EEDATA 	EQU 	268
EEDATH 	EQU 	270
EEIE 	EQU 	4
EEIF 	EQU 	4
EEPGD 	EQU 	7
ENDIF1 	EQU 	32
ENDIF2 	EQU 	48
F 	EQU 	1
FERR 	EQU 	2
FSR 	EQU 	4
GCEN 	EQU 	7
GIE 	EQU 	7
GO 	EQU 	2
GO_DONE 	EQU 	2
GO_NOT_DONE 	EQU 	2
I2C_DATA 	EQU 	5
I2C_READ 	EQU 	2
I2C_START 	EQU 	3
I2C_STOP 	EQU 	4
INDF 	EQU 	0
INITSEVENSEG 	EQU 	91
INITSYS 	EQU 	105
INTCON 	EQU 	11
INTE 	EQU 	4
INTEDG 	EQU 	6
INTF 	EQU 	1
IRP 	EQU 	7
MAIN 	EQU 	17
NOT_A 	EQU 	5
NOT_ADDRESS 	EQU 	5
NOT_BO 	EQU 	0
NOT_BOR 	EQU 	0
NOT_DONE 	EQU 	2
NOT_PD 	EQU 	3
NOT_POR 	EQU 	1
NOT_RBPU 	EQU 	7
NOT_RC8 	EQU 	6
NOT_T1SYNC 	EQU 	2
NOT_TO 	EQU 	4
NOT_TX8 	EQU 	6
NOT_W 	EQU 	2
NOT_WRITE 	EQU 	2
OERR 	EQU 	1
OPTION_REG 	EQU 	129
P 	EQU 	4
PCFG0 	EQU 	0
PCFG1 	EQU 	1
PCFG2 	EQU 	2
PCFG3 	EQU 	3
PCL 	EQU 	2
PCLATH 	EQU 	10
PCON 	EQU 	142
PEIE 	EQU 	6
PEN 	EQU 	2
PIE1 	EQU 	140
PIE2 	EQU 	141
PIR1 	EQU 	12
PIR2 	EQU 	13
PORTA 	EQU 	5
PORTB 	EQU 	6
PORTC 	EQU 	7
PR2 	EQU 	146
PS0 	EQU 	0
PS1 	EQU 	1
PS2 	EQU 	2
PSA 	EQU 	3
R 	EQU 	2
RA0 	EQU 	0
RA1 	EQU 	1
RA2 	EQU 	2
RA3 	EQU 	3
RA4 	EQU 	4
RA5 	EQU 	5
RB0 	EQU 	0
RB1 	EQU 	1
RB2 	EQU 	2
RB3 	EQU 	3
RB4 	EQU 	4
RB5 	EQU 	5
RB6 	EQU 	6
RB7 	EQU 	7
RBIE 	EQU 	3
RBIF 	EQU 	0
RC0 	EQU 	0
RC1 	EQU 	1
RC2 	EQU 	2
RC3 	EQU 	3
RC4 	EQU 	4
RC5 	EQU 	5
RC6 	EQU 	6
RC7 	EQU 	7
RC8_9 	EQU 	6
RC9 	EQU 	6
RCD8 	EQU 	0
RCEN 	EQU 	3
RCIE 	EQU 	5
RCIF 	EQU 	5
RCREG 	EQU 	26
RCSTA 	EQU 	24
RD 	EQU 	0
READ_WRITE 	EQU 	2
RP0 	EQU 	5
RP1 	EQU 	6
RSEN 	EQU 	1
RX9 	EQU 	6
RX9D 	EQU 	0
R_NOT_W 	EQU 	2
R_W 	EQU 	2
S 	EQU 	3
SEN 	EQU 	0
SEVENSEGDISPDIGIT 	EQU 	125
SMP 	EQU 	7
SPBRG 	EQU 	153
SPEN 	EQU 	7
SREN 	EQU 	5
SSPADD 	EQU 	147
SSPBUF 	EQU 	19
SSPCON 	EQU 	20
SSPCON2 	EQU 	145
SSPEN 	EQU 	5
SSPIE 	EQU 	3
SSPIF 	EQU 	3
SSPM0 	EQU 	0
SSPM1 	EQU 	1
SSPM2 	EQU 	2
SSPM3 	EQU 	3
SSPOV 	EQU 	6
SSPSTAT 	EQU 	148
STATUS 	EQU 	3
SYNC 	EQU 	4
SYSSTRINGA 	EQU 	119
SYSWAITTEMPMS 	EQU 	114
SYSWAITTEMPMS_H 	EQU 	115
T0CS 	EQU 	5
T0IE 	EQU 	5
T0IF 	EQU 	2
T0SE 	EQU 	4
T1CKPS0 	EQU 	4
T1CKPS1 	EQU 	5
T1CON 	EQU 	16
T1INSYNC 	EQU 	2
T1OSCEN 	EQU 	3
T1SYNC 	EQU 	2
T2CKPS0 	EQU 	0
T2CKPS1 	EQU 	1
T2CON 	EQU 	18
TABLESEVENSEGDISPDIGIT 	EQU 	138
TMR0 	EQU 	1
TMR0IE 	EQU 	5
TMR0IF 	EQU 	2
TMR1 	EQU 	14
TMR1CS 	EQU 	1
TMR1H 	EQU 	15
TMR1IE 	EQU 	0
TMR1IF 	EQU 	0
TMR1L 	EQU 	14
TMR1ON 	EQU 	0
TMR2 	EQU 	17
TMR2IE 	EQU 	1
TMR2IF 	EQU 	1
TMR2ON 	EQU 	2
TOUTPS0 	EQU 	3
TOUTPS1 	EQU 	4
TOUTPS2 	EQU 	5
TOUTPS3 	EQU 	6
TRISA 	EQU 	133
TRISA0 	EQU 	0
TRISA1 	EQU 	1
TRISA2 	EQU 	2
TRISA3 	EQU 	3
TRISA4 	EQU 	4
TRISA5 	EQU 	5
TRISB 	EQU 	134
TRISB0 	EQU 	0
TRISB1 	EQU 	1
TRISB2 	EQU 	2
TRISB3 	EQU 	3
TRISB4 	EQU 	4
TRISB5 	EQU 	5
TRISB6 	EQU 	6
TRISB7 	EQU 	7
TRISC 	EQU 	135
TRISC0 	EQU 	0
TRISC1 	EQU 	1
TRISC2 	EQU 	2
TRISC3 	EQU 	3
TRISC4 	EQU 	4
TRISC5 	EQU 	5
TRISC6 	EQU 	6
TRISC7 	EQU 	7
TRMT 	EQU 	1
TX8_9 	EQU 	6
TX9 	EQU 	6
TX9D 	EQU 	0
TXD8 	EQU 	0
TXEN 	EQU 	5
TXIE 	EQU 	4
TXIF 	EQU 	4
TXREG 	EQU 	25
TXSTA 	EQU 	152
UA 	EQU 	1
W 	EQU 	0
WCOL 	EQU 	7
WR 	EQU 	1
WREN 	EQU 	2
WRERR 	EQU 	3
Z 	EQU 	2
_DISPDOT 	EQU 	36

Code:
Loc	Obj Code	Original Assembly











000000	118A	PAGESEL BASPROGRAMSTART
000000	118A 120A	PAGESEL BASPROGRAMSTART
000002	2805	GOTO BASPROGRAMSTART

000004	0009	RETFIE



		BASPROGRAMSTART
000005	2069	CALL INITSYS
000006	205B	CALL INITSEVENSEG

000000	1683	BANKSEL TRISC
000000	1683 1303	BANKSEL TRISC
000009	1287	BCF TRISC,5
00000A	1187	BCF TRISC,3
00000B	3022	MOVLW 34
000000	1283	BANKSEL SSPCON
000000	1283 1303	BANKSEL SSPCON
00000E	0094	MOVWF SSPCON
00000F	300F	MOVLW 15
000010	00A0	MOVWF COUNTER
		MAIN
000011	3001	MOVLW 1
000012	00A2	MOVWF DISPPORT
000013	0820	MOVF COUNTER,W
000014	00A1	MOVWF DISPCHAR
000015	01A4	CLRF _DISPDOT
000016	2028	CALL DISPLAYVALUE
000017	0820	MOVF COUNTER,W
000018	0093	MOVWF SSPBUF
000019	03A0	DECF COUNTER,F
00001A	0820	MOVF COUNTER,W
00001B	3C0F	SUBLW 15
00001C	1803	BTFSC STATUS, C
00001D	2820	GOTO ENDIF1
00001E	300F	MOVLW 15
00001F	00A0	MOVWF COUNTER
		ENDIF1
000020	30F4	MOVLW 244
000021	00F2	MOVWF SYSWAITTEMPMS
000022	3001	MOVLW 1
000023	00F3	MOVWF SYSWAITTEMPMS_H
000024	204D	CALL DELAY_MS
000025	2811	GOTO MAIN
		BASPROGRAMEND
000026	0063	SLEEP
000027	2826	GOTO BASPROGRAMEND


		DISPLAYVALUE
000028	0A21	INCF DISPCHAR,W
000029	00F7	MOVWF SYSSTRINGA
00002A	207D	CALL SEVENSEGDISPDIGIT
00002B	00A3	MOVWF DISPTEMP
00002C	1C24	BTFSS _DISPDOT,0
00002D	2830	GOTO ENDIF2
00002E	3080	MOVLW 128
00002F	04A3	IORWF DISPTEMP,F
		ENDIF2
000030	1386	BCF PORTB,7
000031	1306	BCF PORTB,6
000032	1286	BCF PORTB,5
000033	1206	BCF PORTB,4
000034	1186	BCF PORTB,3
000035	1106	BCF PORTB,2
000036	1086	BCF PORTB,1
000037	1006	BCF PORTB,0
000038	1387	BCF PORTC,7
000039	0322	DECF DISPPORT,W
00003A	1903	BTFSC STATUS, Z
00003B	1787	BSF PORTC,7
00003C	1823	BTFSC DISPTEMP,0
00003D	1786	BSF PORTB,7
00003E	18A3	BTFSC DISPTEMP,1
00003F	1706	BSF PORTB,6
000040	1923	BTFSC DISPTEMP,2
000041	1686	BSF PORTB,5
000042	19A3	BTFSC DISPTEMP,3
000043	1606	BSF PORTB,4
000044	1A23	BTFSC DISPTEMP,4
000045	1586	BSF PORTB,3
000046	1AA3	BTFSC DISPTEMP,5
000047	1506	BSF PORTB,2
000048	1B23	BTFSC DISPTEMP,6
000049	1486	BSF PORTB,1
00004A	1BA3	BTFSC DISPTEMP,7
00004B	1406	BSF PORTB,0
00004C	0008	RETURN


		DELAY_MS
00004D	0AF3	INCF SYSWAITTEMPMS_H, F
		DMS_START
00004E	306C	MOVLW 108
00004F	00F1	MOVWF DELAYTEMP2
		DMS_OUTER
000050	300B	MOVLW 11
000051	00F0	MOVWF DELAYTEMP
		DMS_INNER
000052	0BF0	DECFSZ DELAYTEMP, F
000053	2852	GOTO DMS_INNER
000054	0BF1	DECFSZ DELAYTEMP2, F
000055	2850	GOTO DMS_OUTER
000056	0BF2	DECFSZ SYSWAITTEMPMS, F
000057	284E	GOTO DMS_START
000058	0BF3	DECFSZ SYSWAITTEMPMS_H, F
000059	284E	GOTO DMS_START
00005A	0008	RETURN


		INITSEVENSEG
000000	1683	BANKSEL TRISB
000000	1683 1303	BANKSEL TRISB
00005D	1386	BCF TRISB,7
00005E	1306	BCF TRISB,6
00005F	1286	BCF TRISB,5
000060	1206	BCF TRISB,4
000061	1186	BCF TRISB,3
000062	1106	BCF TRISB,2
000063	1086	BCF TRISB,1
000064	1006	BCF TRISB,0
000065	1387	BCF TRISC,7
000000	1283	BANKSEL STATUS
000000	1283 1303	BANKSEL STATUS
000068	0008	RETURN


		INITSYS
000000	1683	BANKSEL ADCON1
000000	1683 1303	BANKSEL ADCON1
00006B	139F	BCF ADCON1,ADFM
000000	1283	BANKSEL ADCON0
000000	1283 1303	BANKSEL ADCON0
00006E	101F	BCF ADCON0,ADON
000000	1683	BANKSEL ADCON1
000000	1683 1303	BANKSEL ADCON1
000071	119F	BCF ADCON1,PCFG3
000072	151F	BSF ADCON1,PCFG2
000073	149F	BSF ADCON1,PCFG1
000074	101F	BCF ADCON1,PCFG0
000075	3007	MOVLW 7
000076	009C	MOVWF CMCON
000000	1283	BANKSEL PORTA
000000	1283 1303	BANKSEL PORTA
000079	0185	CLRF PORTA
00007A	0186	CLRF PORTB
00007B	0187	CLRF PORTC
00007C	0008	RETURN


		SEVENSEGDISPDIGIT
00007D	3011	MOVLW 17
00007E	0277	SUBWF SYSSTRINGA, W
00007F	1803	BTFSC STATUS, C
000080	3400	RETLW 0
000081	0877	MOVF SYSSTRINGA, W
000082	3E8A	ADDLW LOW TABLESEVENSEGDISPDIGIT
000083	00F7	MOVWF SYSSTRINGA
000084	3000	MOVLW HIGH TABLESEVENSEGDISPDIGIT
000085	1803	BTFSC STATUS, C
000086	3E01	ADDLW 1
000087	008A	MOVWF PCLATH
000088	0877	MOVF SYSSTRINGA, W
000089	0082	MOVWF PCL
		TABLESEVENSEGDISPDIGIT
00008A	3410	RETLW 16
00008B	343F	RETLW 63
00008C	3406	RETLW 6
00008D	345B	RETLW 91
00008E	344F	RETLW 79
00008F	3466	RETLW 102
000090	346D	RETLW 109
000091	347D	RETLW 125
000092	3407	RETLW 7
000093	347F	RETLW 127
000094	346F	RETLW 111
000095	3477	RETLW 119
000096	347C	RETLW 124
000097	3439	RETLW 57
000098	345E	RETLW 94
000099	3479	RETLW 121
00009A	3471	RETLW 113





