GCASM List File (GCBASIC 0.98.<<>> 2021-<<>>-24 (Linux 64 bit) : Build 1005)

Symbols:
A 	EQU 	0
ACCESS 	EQU 	0
ACKDT 	EQU 	5
ACKEN 	EQU 	4
ACKSTAT 	EQU 	6
ADCON0 	EQU 	31
ADCON0_GO_DONE 	EQU 	2
ADCON1 	EQU 	159
ADCS0 	EQU 	6
ADCS1 	EQU 	7
ADDEN 	EQU 	3
ADFM 	EQU 	7
ADIE 	EQU 	6
ADIF 	EQU 	6
ADON 	EQU 	0
ADREADPORT 	EQU 	32
ADRESH 	EQU 	30
ADRESL 	EQU 	158
AD_VAL 	EQU 	33
AD_VAL_H 	EQU 	34
B 	EQU 	1
BANKED 	EQU 	1
BASPROGRAMEND 	EQU 	50
BASPROGRAMSTART 	EQU 	5
BCLIE 	EQU 	3
BCLIF 	EQU 	3
BF 	EQU 	0
BRGH 	EQU 	2
C 	EQU 	0
CCP1CON 	EQU 	23
CCP1IE 	EQU 	2
CCP1IF 	EQU 	2
CCP1M0 	EQU 	0
CCP1M1 	EQU 	1
CCP1M2 	EQU 	2
CCP1M3 	EQU 	3
CCP1X 	EQU 	5
CCP1Y 	EQU 	4
CCP2CON 	EQU 	29
CCP2IE 	EQU 	0
CCP2IF 	EQU 	0
CCP2M0 	EQU 	0
CCP2M1 	EQU 	1
CCP2M2 	EQU 	2
CCP2M3 	EQU 	3
CCP2X 	EQU 	5
CCP2Y 	EQU 	4
CCPR1 	EQU 	21
CCPR1H 	EQU 	22
CCPR1L 	EQU 	21
CCPR2 	EQU 	27
CCPR2H 	EQU 	28
CCPR2L 	EQU 	27
CHS0 	EQU 	3
CHS1 	EQU 	4
CHS2 	EQU 	5
CKE 	EQU 	6
CKP 	EQU 	4
CREN 	EQU 	4
CSRC 	EQU 	7
D 	EQU 	5
D10US_START 	EQU 	52
DATA_ADDRESS 	EQU 	5
DC 	EQU 	1
DELAYTEMP 	EQU 	112
DELAYTEMP2 	EQU 	113
DELAYUS0 	EQU 	54
DELAY_10US 	EQU 	52
DELAY_MS 	EQU 	60
DMS_INNER 	EQU 	65
DMS_OUTER 	EQU 	63
DMS_START 	EQU 	61
D_A 	EQU 	5
D_NOT_A 	EQU 	5
EEADR 	EQU 	269
EEADRH 	EQU 	271
EECON1 	EQU 	396
EECON2 	EQU 	397
EEDATA 	EQU 	268
EEDATH 	EQU 	270
EEIE 	EQU 	4
EEIF 	EQU 	4
EEPGD 	EQU 	7
ELSE6_1 	EQU 	163
ENDIF6 	EQU 	165
ENDIF7 	EQU 	144
F 	EQU 	1
FERR 	EQU 	2
FN_READAD4 	EQU 	92
FSR 	EQU 	4
GCEN 	EQU 	7
GIE 	EQU 	7
GO 	EQU 	2
GO_DONE 	EQU 	2
GO_NOT_DONE 	EQU 	2
I2C_DATA 	EQU 	5
I2C_READ 	EQU 	2
I2C_START 	EQU 	3
I2C_STOP 	EQU 	4
INDF 	EQU 	0
INITSYS 	EQU 	74
INTCON 	EQU 	11
INTE 	EQU 	4
INTEDG 	EQU 	6
INTF 	EQU 	1
IRP 	EQU 	7
NOT_A 	EQU 	5
NOT_ADDRESS 	EQU 	5
NOT_BO 	EQU 	0
NOT_BOR 	EQU 	0
NOT_DONE 	EQU 	2
NOT_PD 	EQU 	3
NOT_POR 	EQU 	1
NOT_RBPU 	EQU 	7
NOT_RC8 	EQU 	6
NOT_T1SYNC 	EQU 	2
NOT_TO 	EQU 	4
NOT_TX8 	EQU 	6
NOT_W 	EQU 	2
NOT_WRITE 	EQU 	2
OERR 	EQU 	1
OPTION_REG 	EQU 	129
P 	EQU 	4
PCFG0 	EQU 	0
PCFG1 	EQU 	1
PCFG2 	EQU 	2
PCFG3 	EQU 	3
PCL 	EQU 	2
PCLATH 	EQU 	10
PCON 	EQU 	142
PEIE 	EQU 	6
PEN 	EQU 	2
PIE1 	EQU 	140
PIE2 	EQU 	141
PIR1 	EQU 	12
PIR2 	EQU 	13
PORTA 	EQU 	5
PORTB 	EQU 	6
PORTC 	EQU 	7
PR2 	EQU 	146
PS0 	EQU 	0
PS1 	EQU 	1
PS2 	EQU 	2
PSA 	EQU 	3
R 	EQU 	2
RA0 	EQU 	0
RA1 	EQU 	1
RA2 	EQU 	2
RA3 	EQU 	3
RA4 	EQU 	4
RA5 	EQU 	5
RB0 	EQU 	0
RB1 	EQU 	1
RB2 	EQU 	2
RB3 	EQU 	3
RB4 	EQU 	4
RB5 	EQU 	5
RB6 	EQU 	6
RB7 	EQU 	7
RBIE 	EQU 	3
RBIF 	EQU 	0
RC0 	EQU 	0
RC1 	EQU 	1
RC2 	EQU 	2
RC3 	EQU 	3
RC4 	EQU 	4
RC5 	EQU 	5
RC6 	EQU 	6
RC7 	EQU 	7
RC8_9 	EQU 	6
RC9 	EQU 	6
RCD8 	EQU 	0
RCEN 	EQU 	3
RCIE 	EQU 	5
RCIF 	EQU 	5
RCREG 	EQU 	26
RCSTA 	EQU 	24
RD 	EQU 	0
READAD 	EQU 	35
READ_WRITE 	EQU 	2
RP0 	EQU 	5
RP1 	EQU 	6
RSEN 	EQU 	1
RX9 	EQU 	6
RX9D 	EQU 	0
R_NOT_W 	EQU 	2
R_W 	EQU 	2
S 	EQU 	3
SCLTINTTRUE 	EQU 	177
SEN 	EQU 	0
SMP 	EQU 	7
SPBRG 	EQU 	153
SPEN 	EQU 	7
SREN 	EQU 	5
SSPADD 	EQU 	147
SSPBUF 	EQU 	19
SSPCON 	EQU 	20
SSPCON2 	EQU 	145
SSPEN 	EQU 	5
SSPIE 	EQU 	3
SSPIF 	EQU 	3
SSPM0 	EQU 	0
SSPM1 	EQU 	1
SSPM2 	EQU 	2
SSPM3 	EQU 	3
SSPOV 	EQU 	6
SSPSTAT 	EQU 	148
STATUS 	EQU 	3
SYNC 	EQU 	4
SYSBYTETEMPX 	EQU 	112
SYSCOMPLESSTHANINT 	EQU 	137
SYSDIVMULTA 	EQU 	119
SYSDIVMULTA_H 	EQU 	120
SYSDOLOOP_E1 	EQU 	50
SYSDOLOOP_S1 	EQU 	10
SYSINTEGERTEMPA 	EQU 	117
SYSINTEGERTEMPA_H 	EQU 	118
SYSINTEGERTEMPB 	EQU 	121
SYSINTEGERTEMPB_H 	EQU 	122
SYSREADADBYTE 	EQU 	35
SYSTEMP1 	EQU 	36
SYSWAITLOOP1 	EQU 	118
SYSWAITTEMP10US 	EQU 	117
SYSWAITTEMPMS 	EQU 	114
SYSWAITTEMPMS_H 	EQU 	115
T0CS 	EQU 	5
T0IE 	EQU 	5
T0IF 	EQU 	2
T0SE 	EQU 	4
T1CKPS0 	EQU 	4
T1CKPS1 	EQU 	5
T1CON 	EQU 	16
T1INSYNC 	EQU 	2
T1OSCEN 	EQU 	3
T1SYNC 	EQU 	2
T2CKPS0 	EQU 	0
T2CKPS1 	EQU 	1
T2CON 	EQU 	18
TMR0 	EQU 	1
TMR0IE 	EQU 	5
TMR0IF 	EQU 	2
TMR1 	EQU 	14
TMR1CS 	EQU 	1
TMR1H 	EQU 	15
TMR1IE 	EQU 	0
TMR1IF 	EQU 	0
TMR1L 	EQU 	14
TMR1ON 	EQU 	0
TMR2 	EQU 	17
TMR2IE 	EQU 	1
TMR2IF 	EQU 	1
TMR2ON 	EQU 	2
TOUTPS0 	EQU 	3
TOUTPS1 	EQU 	4
TOUTPS2 	EQU 	5
TOUTPS3 	EQU 	6
TRISA 	EQU 	133
TRISA0 	EQU 	0
TRISA1 	EQU 	1
TRISA2 	EQU 	2
TRISA3 	EQU 	3
TRISA4 	EQU 	4
TRISA5 	EQU 	5
TRISB 	EQU 	134
TRISB0 	EQU 	0
TRISB1 	EQU 	1
TRISB2 	EQU 	2
TRISB3 	EQU 	3
TRISB4 	EQU 	4
TRISB5 	EQU 	5
TRISB6 	EQU 	6
TRISB7 	EQU 	7
TRISC 	EQU 	135
TRISC0 	EQU 	0
TRISC1 	EQU 	1
TRISC2 	EQU 	2
TRISC3 	EQU 	3
TRISC4 	EQU 	4
TRISC5 	EQU 	5
TRISC6 	EQU 	6
TRISC7 	EQU 	7
TRMT 	EQU 	1
TX8_9 	EQU 	6
TX9 	EQU 	6
TX9D 	EQU 	0
TXD8 	EQU 	0
TXEN 	EQU 	5
TXIE 	EQU 	4
TXIF 	EQU 	4
TXREG 	EQU 	25
TXSTA 	EQU 	152
UA 	EQU 	1
VALUE 	EQU 	37
W 	EQU 	0
WCOL 	EQU 	7
WR 	EQU 	1
WREN 	EQU 	2
WRERR 	EQU 	3
Z 	EQU 	2

Code:
Loc	Obj Code	Original Assembly




















000000	118A	PAGESEL BASPROGRAMSTART
000001	2805	GOTO BASPROGRAMSTART

000004	0009	RETFIE



		BASPROGRAMSTART
000005	204A	CALL INITSYS

000000	1683	BANKSEL TRISB
000000	1683 1303	BANKSEL TRISB
000008	1386	BCF TRISB,7
000009	1306	BCF TRISB,6
		SYSDOLOOP_S1
000000	1283	BANKSEL ADREADPORT
000000	1283 1303	BANKSEL ADREADPORT
00000C	01A0	CLRF ADREADPORT
00000D	205C	CALL FN_READAD4
00000E	0823	MOVF SYSREADADBYTE,W
00000F	00A1	MOVWF AD_VAL
000010	01A2	CLRF AD_VAL_H
000011	0821	MOVF AD_VAL,W
000012	00A5	MOVWF VALUE
000013	0821	MOVF AD_VAL,W
000014	00F9	MOVWF SYSINTEGERTEMPB
000015	0822	MOVF AD_VAL_H,W
000016	00FA	MOVWF SYSINTEGERTEMPB_H
000017	307D	MOVLW 125
000018	00F5	MOVWF SYSINTEGERTEMPA
000019	01F6	CLRF SYSINTEGERTEMPA_H
00001A	2089	CALL SYSCOMPLESSTHANINT
00001B	1870	BTFSC SYSBYTETEMPX,0
00001C	1786	BSF PORTB,7
00001D	0821	MOVF AD_VAL,W
00001E	00F5	MOVWF SYSINTEGERTEMPA
00001F	0822	MOVF AD_VAL_H,W
000020	00F6	MOVWF SYSINTEGERTEMPA_H
000021	307D	MOVLW 125
000022	00F9	MOVWF SYSINTEGERTEMPB
000023	01FA	CLRF SYSINTEGERTEMPB_H
000024	2089	CALL SYSCOMPLESSTHANINT
000025	1870	BTFSC SYSBYTETEMPX,0
000026	1386	BCF PORTB,7
000027	1706	BSF PORTB,6
000028	30C8	MOVLW 200
000029	00F2	MOVWF SYSWAITTEMPMS
00002A	01F3	CLRF SYSWAITTEMPMS_H
00002B	203C	CALL DELAY_MS
00002C	1306	BCF PORTB,6
00002D	30C8	MOVLW 200
00002E	00F2	MOVWF SYSWAITTEMPMS
00002F	01F3	CLRF SYSWAITTEMPMS_H
000030	203C	CALL DELAY_MS
000031	280A	GOTO SYSDOLOOP_S1
		SYSDOLOOP_E1
		BASPROGRAMEND
000032	0063	SLEEP
000033	2832	GOTO BASPROGRAMEND


		DELAY_10US
		D10US_START
000034	300F	MOVLW 15
000035	00F0	MOVWF DELAYTEMP
		DELAYUS0
000036	0BF0	DECFSZ DELAYTEMP,F
000037	2836	GOTO DELAYUS0
000038	0000	NOP
000039	0BF5	DECFSZ SYSWAITTEMP10US, F
00003A	2834	GOTO D10US_START
00003B	0008	RETURN


		DELAY_MS
00003C	0AF3	INCF SYSWAITTEMPMS_H, F
		DMS_START
00003D	30E3	MOVLW 227
00003E	00F1	MOVWF DELAYTEMP2
		DMS_OUTER
00003F	3006	MOVLW 6
000040	00F0	MOVWF DELAYTEMP
		DMS_INNER
000041	0BF0	DECFSZ DELAYTEMP, F
000042	2841	GOTO DMS_INNER
000043	0BF1	DECFSZ DELAYTEMP2, F
000044	283F	GOTO DMS_OUTER
000045	0BF2	DECFSZ SYSWAITTEMPMS, F
000046	283D	GOTO DMS_START
000047	0BF3	DECFSZ SYSWAITTEMPMS_H, F
000048	283D	GOTO DMS_START
000049	0008	RETURN


		INITSYS
000000	1683	BANKSEL ADCON1
000000	1683 1303	BANKSEL ADCON1
00004C	139F	BCF ADCON1,ADFM
000000	1283	BANKSEL ADCON0
000000	1283 1303	BANKSEL ADCON0
00004F	101F	BCF ADCON0,ADON
000000	1683	BANKSEL ADCON1
000000	1683 1303	BANKSEL ADCON1
000052	119F	BCF ADCON1,PCFG3
000053	151F	BSF ADCON1,PCFG2
000054	149F	BSF ADCON1,PCFG1
000055	101F	BCF ADCON1,PCFG0
000000	1283	BANKSEL PORTA
000000	1283 1303	BANKSEL PORTA
000058	0185	CLRF PORTA
000059	0186	CLRF PORTB
00005A	0187	CLRF PORTC
00005B	0008	RETURN


		FN_READAD4
000000	1683	BANKSEL ADCON1
000000	1683 1303	BANKSEL ADCON1
00005E	139F	BCF ADCON1,ADFM
00005F	119F	BCF ADCON1,PCFG3
000060	111F	BCF ADCON1,PCFG2
000061	109F	BCF ADCON1,PCFG1
000062	101F	BCF ADCON1,PCFG0
000000	1283	BANKSEL ADCON0
000000	1283 1303	BANKSEL ADCON0
000065	139F	BCF ADCON0,ADCS1
000066	171F	BSF ADCON0,ADCS0
000067	119F	BCF ADCON0,CHS0
000068	121F	BCF ADCON0,CHS1
000069	129F	BCF ADCON0,CHS2
00006A	1820	BTFSC ADREADPORT,0
00006B	159F	BSF ADCON0,CHS0
00006C	18A0	BTFSC ADREADPORT,1
00006D	161F	BSF ADCON0,CHS1
00006E	1920	BTFSC ADREADPORT,2
00006F	169F	BSF ADCON0,CHS2
000070	141F	BSF ADCON0,ADON
000071	3002	MOVLW 2
000072	00F5	MOVWF SYSWAITTEMP10US
000073	2034	CALL DELAY_10US
000074	151F	BSF ADCON0,GO_NOT_DONE
000075	0000	NOP
		SYSWAITLOOP1
000076	191F	BTFSC ADCON0,GO_NOT_DONE
000077	2876	GOTO SYSWAITLOOP1
000078	101F	BCF ADCON0,ADON
000000	1683	BANKSEL ADCON1
000000	1683 1303	BANKSEL ADCON1
00007B	119F	BCF ADCON1,PCFG3
00007C	151F	BSF ADCON1,PCFG2
00007D	149F	BSF ADCON1,PCFG1
00007E	101F	BCF ADCON1,PCFG0
000000	1283	BANKSEL ADRESH
000000	1283 1303	BANKSEL ADRESH
000081	081E	MOVF ADRESH,W
000082	00A3	MOVWF READAD
000000	1683	BANKSEL ADCON1
000000	1683 1303	BANKSEL ADCON1
000085	139F	BCF ADCON1,ADFM
000000	1283	BANKSEL STATUS
000000	1283 1303	BANKSEL STATUS
000088	0008	RETURN


		SYSCOMPLESSTHANINT
000089	01F0	CLRF SYSBYTETEMPX
00008A	1FF6	BTFSS SYSINTEGERTEMPA_H,7
00008B	28A3	GOTO ELSE6_1
00008C	1BFA	BTFSC SYSINTEGERTEMPB_H,7
00008D	2890	GOTO ENDIF7
00008E	09F0	COMF SYSBYTETEMPX,F
00008F	0008	RETURN
		ENDIF7
000090	0975	COMF SYSINTEGERTEMPA,W
000091	00F7	MOVWF SYSDIVMULTA
000092	0976	COMF SYSINTEGERTEMPA_H,W
000093	00F8	MOVWF SYSDIVMULTA_H
000094	0AF7	INCF SYSDIVMULTA,F
000095	1903	BTFSC STATUS,Z
000096	0AF8	INCF SYSDIVMULTA_H,F
000097	0979	COMF SYSINTEGERTEMPB,W
000098	00F5	MOVWF SYSINTEGERTEMPA
000099	097A	COMF SYSINTEGERTEMPB_H,W
00009A	00F6	MOVWF SYSINTEGERTEMPA_H
00009B	0AF5	INCF SYSINTEGERTEMPA,F
00009C	1903	BTFSC STATUS,Z
00009D	0AF6	INCF SYSINTEGERTEMPA_H,F
00009E	0877	MOVF SYSDIVMULTA,W
00009F	00F9	MOVWF SYSINTEGERTEMPB
0000A0	0878	MOVF SYSDIVMULTA_H,W
0000A1	00FA	MOVWF SYSINTEGERTEMPB_H
0000A2	28A5	GOTO ENDIF6
		ELSE6_1
0000A3	1BFA	BTFSC SYSINTEGERTEMPB_H,7
0000A4	0008	RETURN
		ENDIF6
0000A5	0876	MOVF SYSINTEGERTEMPA_H,W
0000A6	027A	SUBWF SYSINTEGERTEMPB_H,W
0000A7	1C03	BTFSS STATUS,C
0000A8	0008	RETURN
0000A9	087A	MOVF SYSINTEGERTEMPB_H,W
0000AA	0276	SUBWF SYSINTEGERTEMPA_H,W
0000AB	1C03	BTFSS STATUS,C
0000AC	28B1	GOTO SCLTINTTRUE
0000AD	0879	MOVF SYSINTEGERTEMPB,W
0000AE	0275	SUBWF SYSINTEGERTEMPA,W
0000AF	1803	BTFSC STATUS,C
0000B0	0008	RETURN
		SCLTINTTRUE
0000B1	09F0	COMF SYSBYTETEMPX,F
0000B2	0008	RETURN



