GCASM List File (GCBASIC 1.00.00 2022-12-01 (Linux 64 bit) : Build 1199)

Symbols:
A 	EQU 	0
ACCESS 	EQU 	0
ADCON0 	EQU 	31
ADCON0_GO_DONE 	EQU 	1
ADCS0 	EQU 	4
ADCS1 	EQU 	5
ADCS2 	EQU 	6
ADFM 	EQU 	7
ADIE 	EQU 	6
ADIF 	EQU 	6
ADON 	EQU 	0
ADRESH 	EQU 	30
ADRESL 	EQU 	158
ANS0 	EQU 	0
ANS1 	EQU 	1
ANS2 	EQU 	2
ANS3 	EQU 	3
ANSEL 	EQU 	159
B 	EQU 	1
BANKED 	EQU 	1
BASPROGRAMEND 	EQU 	18
BASPROGRAMSTART 	EQU 	5
C 	EQU 	0
CCP1CON 	EQU 	21
CCP1IE 	EQU 	5
CCP1IF 	EQU 	5
CCP1M0 	EQU 	0
CCP1M1 	EQU 	1
CCP1M2 	EQU 	2
CCP1M3 	EQU 	3
CCPR1 	EQU 	19
CCPR1H 	EQU 	20
CCPR1L 	EQU 	19
CHS0 	EQU 	2
CHS1 	EQU 	3
CHS2 	EQU 	4
CINV 	EQU 	4
CIS 	EQU 	3
CM0 	EQU 	0
CM1 	EQU 	1
CM2 	EQU 	2
CMCON0 	EQU 	25
CMCON1 	EQU 	26
CMIE 	EQU 	3
CMIF 	EQU 	3
CMSYNC 	EQU 	0
COUT 	EQU 	6
DC 	EQU 	1
DC1B0 	EQU 	4
DC1B1 	EQU 	5
DELAYTEMP 	EQU 	112
DELAYTEMP2 	EQU 	113
DELAY_MS 	EQU 	20
DMS_INNER 	EQU 	25
DMS_OUTER 	EQU 	23
DMS_START 	EQU 	21
EEADR 	EQU 	155
EECON1 	EQU 	156
EECON2 	EQU 	157
EEDAT 	EQU 	154
EEDATA 	EQU 	154
EEIE 	EQU 	7
EEIF 	EQU 	7
F 	EQU 	1
FSR 	EQU 	4
GIE 	EQU 	7
GO 	EQU 	1
GO_DONE 	EQU 	1
GO_NOT_DONE 	EQU 	1
GP0 	EQU 	0
GP1 	EQU 	1
GP2 	EQU 	2
GP3 	EQU 	3
GP4 	EQU 	4
GP5 	EQU 	5
GPIE 	EQU 	3
GPIF 	EQU 	0
GPIO 	EQU 	5
HTS 	EQU 	2
INDF 	EQU 	0
INITSYS 	EQU 	34
INTCON 	EQU 	11
INTE 	EQU 	4
INTEDG 	EQU 	6
INTF 	EQU 	1
IOC 	EQU 	150
IOC0 	EQU 	0
IOC1 	EQU 	1
IOC2 	EQU 	2
IOC3 	EQU 	3
IOC4 	EQU 	4
IOC5 	EQU 	5
IOCA 	EQU 	150
IOCA0 	EQU 	0
IOCA1 	EQU 	1
IOCA2 	EQU 	2
IOCA3 	EQU 	3
IOCA4 	EQU 	4
IOCA5 	EQU 	5
IOCA_IOC0 	EQU 	0
IOCA_IOC1 	EQU 	1
IOCA_IOC2 	EQU 	2
IOCA_IOC3 	EQU 	3
IOCA_IOC4 	EQU 	4
IOCA_IOC5 	EQU 	5
IOCA_IOCA0 	EQU 	0
IOCA_IOCA1 	EQU 	1
IOCA_IOCA2 	EQU 	2
IOCA_IOCA3 	EQU 	3
IOCA_IOCA4 	EQU 	4
IOCA_IOCA5 	EQU 	5
IRCF0 	EQU 	4
IRCF1 	EQU 	5
IRCF2 	EQU 	6
IRP 	EQU 	7
LTS 	EQU 	1
MAIN 	EQU 	10
NOT_BOD 	EQU 	0
NOT_DONE 	EQU 	1
NOT_GPPU 	EQU 	7
NOT_PD 	EQU 	3
NOT_POR 	EQU 	1
NOT_T1SYNC 	EQU 	2
NOT_TO 	EQU 	4
OPTION_REG 	EQU 	129
OSCCON 	EQU 	143
OSCTUNE 	EQU 	144
OSFIE 	EQU 	2
OSFIF 	EQU 	2
OSTS 	EQU 	3
PCL 	EQU 	2
PCLATH 	EQU 	10
PCON 	EQU 	142
PEIE 	EQU 	6
PIE1 	EQU 	140
PIR1 	EQU 	12
PR2 	EQU 	146
PS0 	EQU 	0
PS1 	EQU 	1
PS2 	EQU 	2
PSA 	EQU 	3
RD 	EQU 	0
RP0 	EQU 	5
RP1 	EQU 	6
SBODEN 	EQU 	4
SCS 	EQU 	0
STATUS 	EQU 	3
SWDTEN 	EQU 	0
SYSWAITTEMPMS 	EQU 	114
SYSWAITTEMPMS_H 	EQU 	115
T0CS 	EQU 	5
T0IE 	EQU 	5
T0IF 	EQU 	2
T0SE 	EQU 	4
T1CKPS0 	EQU 	4
T1CKPS1 	EQU 	5
T1CON 	EQU 	16
T1GE 	EQU 	6
T1GINV 	EQU 	7
T1GSS 	EQU 	1
T1IE 	EQU 	0
T1IF 	EQU 	0
T1OSCEN 	EQU 	3
T2CKPS0 	EQU 	0
T2CKPS1 	EQU 	1
T2CON 	EQU 	18
T2IE 	EQU 	1
T2IF 	EQU 	1
TMR0 	EQU 	1
TMR0IE 	EQU 	5
TMR0IF 	EQU 	2
TMR1 	EQU 	14
TMR1CS 	EQU 	1
TMR1GE 	EQU 	6
TMR1H 	EQU 	15
TMR1IE 	EQU 	0
TMR1IF 	EQU 	0
TMR1L 	EQU 	14
TMR1ON 	EQU 	0
TMR2 	EQU 	17
TMR2IE 	EQU 	1
TMR2IF 	EQU 	1
TMR2ON 	EQU 	2
TOUTPS0 	EQU 	3
TOUTPS1 	EQU 	4
TOUTPS2 	EQU 	5
TOUTPS3 	EQU 	6
TRISIO 	EQU 	133
TRISIO0 	EQU 	0
TRISIO1 	EQU 	1
TRISIO2 	EQU 	2
TRISIO3 	EQU 	3
TRISIO4 	EQU 	4
TRISIO5 	EQU 	5
TUN0 	EQU 	0
TUN1 	EQU 	1
TUN2 	EQU 	2
TUN3 	EQU 	3
TUN4 	EQU 	4
ULPWUE 	EQU 	5
VCFG 	EQU 	6
VR0 	EQU 	0
VR1 	EQU 	1
VR2 	EQU 	2
VR3 	EQU 	3
VRCON 	EQU 	153
VREN 	EQU 	7
VRR 	EQU 	5
W 	EQU 	0
WDTCON 	EQU 	24
WDTPS0 	EQU 	1
WDTPS1 	EQU 	2
WDTPS2 	EQU 	3
WDTPS3 	EQU 	4
WPU 	EQU 	149
WPU0 	EQU 	0
WPU1 	EQU 	1
WPU2 	EQU 	2
WPU4 	EQU 	4
WPU5 	EQU 	5
WPUA 	EQU 	149
WPUA0 	EQU 	0
WPUA1 	EQU 	1
WPUA2 	EQU 	2
WPUA4 	EQU 	4
WPUA5 	EQU 	5
WPUA_WPU0 	EQU 	0
WPUA_WPU1 	EQU 	1
WPUA_WPU2 	EQU 	2
WPUA_WPU4 	EQU 	4
WPUA_WPU5 	EQU 	5
WPUA_WPUA0 	EQU 	0
WPUA_WPUA1 	EQU 	1
WPUA_WPUA2 	EQU 	2
WPUA_WPUA4 	EQU 	4
WPUA_WPUA5 	EQU 	5
WR 	EQU 	1
WREN 	EQU 	2
WRERR 	EQU 	3
Z 	EQU 	2

Code:
Loc	Obj Code	Original Assembly





000000	2805	GOTO BASPROGRAMSTART

000004	0009	RETFIE



		BASPROGRAMSTART
000005	2022	CALL INITSYS

000000	1683	BANKSEL TRISIO
000007	1105	BCF TRISIO,2
000008	30AF	MOVLW 175
000009	0099	MOVWF VRCON
		MAIN
00000A	3013	MOVLW 19
000000	1283	BANKSEL CMCON0
00000C	0099	MOVWF CMCON0
00000D	3064	MOVLW 100
00000E	00F2	MOVWF SYSWAITTEMPMS
00000F	01F3	CLRF SYSWAITTEMPMS_H
000010	2014	CALL DELAY_MS
000011	280A	GOTO MAIN
		BASPROGRAMEND
000012	0063	SLEEP
000013	2812	GOTO BASPROGRAMEND


		DELAY_MS
000014	0AF3	INCF SYSWAITTEMPMS_H, F
		DMS_START
000015	308E	MOVLW 142
000016	00F1	MOVWF DELAYTEMP2
		DMS_OUTER
000017	3001	MOVLW 1
000018	00F0	MOVWF DELAYTEMP
		DMS_INNER
000019	0BF0	DECFSZ DELAYTEMP, F
00001A	2819	GOTO DMS_INNER
00001B	0BF1	DECFSZ DELAYTEMP2, F
00001C	2817	GOTO DMS_OUTER
00001D	0BF2	DECFSZ SYSWAITTEMPMS, F
00001E	2815	GOTO DMS_START
00001F	0BF3	DECFSZ SYSWAITTEMPMS_H, F
000020	2815	GOTO DMS_START
000021	0008	RETURN


		INITSYS
000022	308F	MOVLW 143
000000	1683	BANKSEL OSCCON
000024	058F	ANDWF OSCCON,F
000025	3060	MOVLW 96
000026	048F	IORWF OSCCON,F
000027	308F	MOVLW 143
000028	058F	ANDWF OSCCON,F
000029	170F	BSF OSCCON,IRCF2
00002A	168F	BSF OSCCON,IRCF1
00002B	120F	BCF OSCCON,IRCF0
000000	1283	BANKSEL ADCON0
00002D	139F	BCF ADCON0,ADFM
00002E	101F	BCF ADCON0,ADON
000000	1683	BANKSEL ANSEL
000030	019F	CLRF ANSEL
000031	3007	MOVLW 7
000000	1283	BANKSEL CMCON0
000033	0099	MOVWF CMCON0
000034	0185	CLRF GPIO
000035	0008	RETURN


