GCASM List File (GCBASIC 0.98.<<>> 2021-<<>>-24 (Linux 64 bit) : Build 1005)

Symbols:
A 	EQU 	0
ABDEN 	EQU 	0
ABDOVF 	EQU 	7
ACCESS 	EQU 	0
ACKDT 	EQU 	5
ACKEN 	EQU 	4
ACKSTAT 	EQU 	6
ACKTIM 	EQU 	7
ADCON0 	EQU 	157
ADCON1 	EQU 	158
ADCS0 	EQU 	4
ADCS1 	EQU 	5
ADCS2 	EQU 	6
ADDEN 	EQU 	3
ADFM 	EQU 	7
ADFVR0 	EQU 	0
ADFVR1 	EQU 	1
ADGO 	EQU 	1
ADIE 	EQU 	6
ADIF 	EQU 	6
ADNREF 	EQU 	2
ADON 	EQU 	0
ADPREF0 	EQU 	0
ADPREF1 	EQU 	1
ADRES 	EQU 	155
ADRESH 	EQU 	156
ADRESL 	EQU 	155
AFSR0 	EQU 	4
AFSR0_H 	EQU 	5
AHEN 	EQU 	1
ANSA0 	EQU 	0
ANSA1 	EQU 	1
ANSA2 	EQU 	2
ANSA3 	EQU 	3
ANSA4 	EQU 	4
ANSB1 	EQU 	1
ANSB2 	EQU 	2
ANSB3 	EQU 	3
ANSB4 	EQU 	4
ANSB5 	EQU 	5
ANSB6 	EQU 	6
ANSB7 	EQU 	7
ANSELA 	EQU 	396
ANSELB 	EQU 	397
APFCON0 	EQU 	285
APFCON1 	EQU 	286
B 	EQU 	1
BANKED 	EQU 	1
BASPROGRAMEND 	EQU 	96
BASPROGRAMSTART 	EQU 	54
BAUDCON 	EQU 	415
BCL1IE 	EQU 	3
BCL1IF 	EQU 	3
BF 	EQU 	0
BOEN 	EQU 	4
BORCON 	EQU 	278
BORRDY 	EQU 	0
BRG16 	EQU 	3
BRGH 	EQU 	2
BSR 	EQU 	8
BSR0 	EQU 	0
BSR1 	EQU 	1
BSR2 	EQU 	2
BSR3 	EQU 	3
BSR4 	EQU 	4
BSR_SHAD 	EQU 	4070
C 	EQU 	0
C1HYS 	EQU 	1
C1IE 	EQU 	5
C1IF 	EQU 	5
C1INTN 	EQU 	6
C1INTP 	EQU 	7
C1NCH0 	EQU 	0
C1NCH1 	EQU 	1
C1OE 	EQU 	5
C1ON 	EQU 	7
C1OUT 	EQU 	6
C1PCH0 	EQU 	4
C1PCH1 	EQU 	5
C1POL 	EQU 	4
C1SP 	EQU 	2
C1SYNC 	EQU 	0
C2HYS 	EQU 	1
C2IE 	EQU 	6
C2IF 	EQU 	6
C2INTN 	EQU 	6
C2INTP 	EQU 	7
C2NCH0 	EQU 	0
C2NCH1 	EQU 	1
C2OE 	EQU 	5
C2ON 	EQU 	7
C2OUT 	EQU 	6
C2PCH0 	EQU 	4
C2PCH1 	EQU 	5
C2POL 	EQU 	4
C2SP 	EQU 	2
C2SYNC 	EQU 	0
CCP1AS 	EQU 	661
CCP1AS0 	EQU 	4
CCP1AS1 	EQU 	5
CCP1AS2 	EQU 	6
CCP1ASE 	EQU 	7
CCP1CON 	EQU 	659
CCP1IE 	EQU 	2
CCP1IF 	EQU 	2
CCP1M0 	EQU 	0
CCP1M1 	EQU 	1
CCP1M2 	EQU 	2
CCP1M3 	EQU 	3
CCP1SEL 	EQU 	0
CCPR1 	EQU 	657
CCPR1H 	EQU 	658
CCPR1L 	EQU 	657
CDAFVR0 	EQU 	2
CDAFVR1 	EQU 	3
CFGS 	EQU 	6
CHS0 	EQU 	2
CHS1 	EQU 	3
CHS2 	EQU 	4
CHS3 	EQU 	5
CHS4 	EQU 	6
CKE 	EQU 	6
CKP 	EQU 	4
CLKRCON 	EQU 	922
CLKRDC0 	EQU 	3
CLKRDC1 	EQU 	4
CLKRDIV0 	EQU 	0
CLKRDIV1 	EQU 	1
CLKRDIV2 	EQU 	2
CLKREN 	EQU 	7
CLKROE 	EQU 	6
CLKRSLR 	EQU 	5
CM1CON0 	EQU 	273
CM1CON1 	EQU 	274
CM2CON0 	EQU 	275
CM2CON1 	EQU 	276
CMOUT 	EQU 	277
COMPORT 	EQU 	32
CPSCH0 	EQU 	0
CPSCH1 	EQU 	1
CPSCH2 	EQU 	2
CPSCH3 	EQU 	3
CPSCON0 	EQU 	30
CPSCON1 	EQU 	31
CPSON 	EQU 	7
CPSOUT 	EQU 	1
CPSRNG0 	EQU 	2
CPSRNG1 	EQU 	3
CREN 	EQU 	4
CSRC 	EQU 	7
C_SHAD 	EQU 	0
DACCON0 	EQU 	280
DACCON1 	EQU 	281
DACEN 	EQU 	7
DACLPS 	EQU 	6
DACNSS 	EQU 	0
DACOE 	EQU 	5
DACPSS0 	EQU 	2
DACPSS1 	EQU 	3
DACR0 	EQU 	0
DACR1 	EQU 	1
DACR2 	EQU 	2
DACR3 	EQU 	3
DACR4 	EQU 	4
DC 	EQU 	1
DC1B0 	EQU 	4
DC1B1 	EQU 	5
DC_SHAD 	EQU 	1
DELAYTEMP 	EQU 	112
DELAYTEMP2 	EQU 	113
DELAY_MS 	EQU 	98
DHEN 	EQU 	0
DMS_INNER 	EQU 	103
DMS_OUTER 	EQU 	101
DMS_START 	EQU 	99
D_NOT_A 	EQU 	5
ECCP1AS 	EQU 	661
ECCP1AS_CCP1AS0 	EQU 	4
ECCP1AS_CCP1AS1 	EQU 	5
ECCP1AS_CCP1AS2 	EQU 	6
ECCP1AS_CCP1ASE 	EQU 	7
ECCP1AS_PSS1AC0 	EQU 	2
ECCP1AS_PSS1AC1 	EQU 	3
ECCP1AS_PSS1BD0 	EQU 	0
ECCP1AS_PSS1BD1 	EQU 	1
EEADR 	EQU 	401
EEADRH 	EQU 	402
EEADRL 	EQU 	401
EECON1 	EQU 	405
EECON2 	EQU 	406
EEDAT 	EQU 	403
EEDATH 	EQU 	404
EEDATL 	EQU 	403
EEIE 	EQU 	4
EEIF 	EQU 	4
EEPGD 	EQU 	7
ENDIF1 	EQU 	143
ENDIF2 	EQU 	143
ENDIF3 	EQU 	169
F 	EQU 	1
FERR 	EQU 	2
FREE 	EQU 	4
FSR0 	EQU 	4
FSR0H 	EQU 	5
FSR0H_SHAD 	EQU 	4073
FSR0L 	EQU 	4
FSR0L_SHAD 	EQU 	4072
FSR1 	EQU 	6
FSR1H 	EQU 	7
FSR1H_SHAD 	EQU 	4075
FSR1L 	EQU 	6
FSR1L_SHAD 	EQU 	4074
FVRCON 	EQU 	279
FVREN 	EQU 	7
FVRRDY 	EQU 	6
GCEN 	EQU 	7
GIE 	EQU 	7
GO 	EQU 	1
GO_DONE 	EQU 	1
GO_NOT_DONE 	EQU 	1
HFIOFL 	EQU 	3
HFIOFR 	EQU 	4
HFIOFS 	EQU 	0
HSERPRINT299 	EQU 	112
HSERPRINTCRLF 	EQU 	144
HSERPRINTCRLFCOUNT 	EQU 	33
HSERSEND289 	EQU 	157
INDF0 	EQU 	0
INDF1 	EQU 	1
INITSYS 	EQU 	171
INITUSART 	EQU 	189
INTCON 	EQU 	11
INTE 	EQU 	4
INTEDG 	EQU 	6
INTERRUPT 	EQU 	4
INTERRUPTDONE 	EQU 	32
INTF 	EQU 	1
IOCBF 	EQU 	918
IOCBF0 	EQU 	0
IOCBF1 	EQU 	1
IOCBF2 	EQU 	2
IOCBF3 	EQU 	3
IOCBF4 	EQU 	4
IOCBF5 	EQU 	5
IOCBF6 	EQU 	6
IOCBF7 	EQU 	7
IOCBN 	EQU 	917
IOCBN0 	EQU 	0
IOCBN1 	EQU 	1
IOCBN2 	EQU 	2
IOCBN3 	EQU 	3
IOCBN4 	EQU 	4
IOCBN5 	EQU 	5
IOCBN6 	EQU 	6
IOCBN7 	EQU 	7
IOCBP 	EQU 	916
IOCBP0 	EQU 	0
IOCBP1 	EQU 	1
IOCBP2 	EQU 	2
IOCBP3 	EQU 	3
IOCBP4 	EQU 	4
IOCBP5 	EQU 	5
IOCBP6 	EQU 	6
IOCBP7 	EQU 	7
IOCIE 	EQU 	3
IOCIF 	EQU 	0
IRCF0 	EQU 	3
IRCF1 	EQU 	4
IRCF2 	EQU 	5
IRCF3 	EQU 	6
LATA 	EQU 	268
LATA0 	EQU 	0
LATA1 	EQU 	1
LATA2 	EQU 	2
LATA3 	EQU 	3
LATA4 	EQU 	4
LATA6 	EQU 	6
LATA7 	EQU 	7
LATB 	EQU 	269
LATB0 	EQU 	0
LATB1 	EQU 	1
LATB2 	EQU 	2
LATB3 	EQU 	3
LATB4 	EQU 	4
LATB5 	EQU 	5
LATB6 	EQU 	6
LATB7 	EQU 	7
LFIOFR 	EQU 	1
LWLO 	EQU 	5
MC1OUT 	EQU 	0
MC2OUT 	EQU 	1
MDBIT 	EQU 	0
MDCARH 	EQU 	927
MDCARL 	EQU 	926
MDCH0 	EQU 	0
MDCH1 	EQU 	1
MDCH2 	EQU 	2
MDCH3 	EQU 	3
MDCHODIS 	EQU 	7
MDCHPOL 	EQU 	6
MDCHSYNC 	EQU 	5
MDCL0 	EQU 	0
MDCL1 	EQU 	1
MDCL2 	EQU 	2
MDCL3 	EQU 	3
MDCLODIS 	EQU 	7
MDCLPOL 	EQU 	6
MDCLSYNC 	EQU 	5
MDCON 	EQU 	924
MDEN 	EQU 	7
MDMS0 	EQU 	0
MDMS1 	EQU 	1
MDMS2 	EQU 	2
MDMS3 	EQU 	3
MDMSODIS 	EQU 	7
MDOE 	EQU 	6
MDOPOL 	EQU 	4
MDOUT 	EQU 	3
MDSLR 	EQU 	5
MDSRC 	EQU 	925
MFIOFR 	EQU 	2
NOTTMR0IF 	EQU 	32
NOT_BOR 	EQU 	0
NOT_PD 	EQU 	3
NOT_POR 	EQU 	1
NOT_RI 	EQU 	2
NOT_RMCLR 	EQU 	3
NOT_T1SYNC 	EQU 	2
NOT_TO 	EQU 	4
NOT_WPUEN 	EQU 	7
OERR 	EQU 	1
OPTION_REG 	EQU 	149
OSCCON 	EQU 	153
OSCSTAT 	EQU 	154
OSCTUNE 	EQU 	152
OSFIE 	EQU 	7
OSFIF 	EQU 	7
OSTS 	EQU 	5
P 	EQU 	4
P1CSEL 	EQU 	1
P1DC0 	EQU 	0
P1DC1 	EQU 	1
P1DC2 	EQU 	2
P1DC3 	EQU 	3
P1DC4 	EQU 	4
P1DC5 	EQU 	5
P1DC6 	EQU 	6
P1DSEL 	EQU 	2
P1M0 	EQU 	6
P1M1 	EQU 	7
P1RSEN 	EQU 	7
PCIE 	EQU 	6
PCL 	EQU 	2
PCLATH 	EQU 	10
PCLATH_SHAD 	EQU 	4071
PCON 	EQU 	150
PEIE 	EQU 	6
PEN 	EQU 	2
PIE1 	EQU 	145
PIE2 	EQU 	146
PIR1 	EQU 	17
PIR2 	EQU 	18
PLLR 	EQU 	6
PORTA 	EQU 	12
PORTB 	EQU 	13
PR2 	EQU 	27
PRINTLEN 	EQU 	34
PS0 	EQU 	0
PS1 	EQU 	1
PS2 	EQU 	2
PSA 	EQU 	3
PSS1AC0 	EQU 	2
PSS1AC1 	EQU 	3
PSS1BD0 	EQU 	0
PSS1BD1 	EQU 	1
PSTR1CON 	EQU 	662
PWM1CON 	EQU 	660
RA0 	EQU 	0
RA1 	EQU 	1
RA2 	EQU 	2
RA3 	EQU 	3
RA4 	EQU 	4
RA5 	EQU 	5
RA6 	EQU 	6
RA7 	EQU 	7
RB0 	EQU 	0
RB1 	EQU 	1
RB2 	EQU 	2
RB3 	EQU 	3
RB4 	EQU 	4
RB5 	EQU 	5
RB6 	EQU 	6
RB7 	EQU 	7
RCEN 	EQU 	3
RCIDL 	EQU 	6
RCIE 	EQU 	5
RCIF 	EQU 	5
RCREG 	EQU 	409
RCSTA 	EQU 	413
RD 	EQU 	0
READTMR0 	EQU 	204
RSEN 	EQU 	1
RX9 	EQU 	6
RX9D 	EQU 	0
RXDTSEL 	EQU 	7
R_NOT_W 	EQU 	2
S 	EQU 	3
SAVEFSR0H 	EQU 	35
SAVEFSR0L 	EQU 	36
SAVEPCLATH 	EQU 	37
SAVESYSBYTETEMPA 	EQU 	38
SAVESYSBYTETEMPB 	EQU 	39
SAVESYSBYTETEMPX 	EQU 	40
SAVESYSTEMP1 	EQU 	41
SBCDE 	EQU 	2
SBOREN 	EQU 	7
SCIE 	EQU 	5
SCKP 	EQU 	4
SCS0 	EQU 	0
SCS1 	EQU 	1
SDAHT 	EQU 	3
SDO1SEL 	EQU 	6
SEN 	EQU 	0
SENDB 	EQU 	3
SERDATA 	EQU 	42
SMP 	EQU 	7
SP1BRG 	EQU 	411
SP1BRGH 	EQU 	412
SP1BRGL 	EQU 	411
SPBRG 	EQU 	411
SPBRGH 	EQU 	412
SPBRGL 	EQU 	411
SPEN 	EQU 	7
SPLLEN 	EQU 	7
SRCLK0 	EQU 	4
SRCLK1 	EQU 	5
SRCLK2 	EQU 	6
SRCON0 	EQU 	282
SRCON1 	EQU 	283
SREN 	EQU 	5
SRLEN 	EQU 	7
SRNQEN 	EQU 	2
SRPR 	EQU 	0
SRPS 	EQU 	1
SRQEN 	EQU 	3
SRRC1E 	EQU 	0
SRRC2E 	EQU 	1
SRRCKE 	EQU 	2
SRRPE 	EQU 	3
SRSC1E 	EQU 	4
SRSC2E 	EQU 	5
SRSCKE 	EQU 	6
SRSPE 	EQU 	7
SS1SEL 	EQU 	5
SSP1ADD 	EQU 	530
SSP1BUF 	EQU 	529
SSP1CON1 	EQU 	533
SSP1CON2 	EQU 	534
SSP1CON3 	EQU 	535
SSP1IE 	EQU 	3
SSP1IF 	EQU 	3
SSP1MSK 	EQU 	531
SSP1STAT 	EQU 	532
SSPADD 	EQU 	530
SSPBUF 	EQU 	529
SSPCON 	EQU 	533
SSPCON1 	EQU 	533
SSPCON1_CKP 	EQU 	4
SSPCON1_SSPEN 	EQU 	5
SSPCON1_SSPM0 	EQU 	0
SSPCON1_SSPM1 	EQU 	1
SSPCON1_SSPM2 	EQU 	2
SSPCON1_SSPM3 	EQU 	3
SSPCON1_SSPOV 	EQU 	6
SSPCON1_WCOL 	EQU 	7
SSPCON2 	EQU 	534
SSPCON2_ACKDT 	EQU 	5
SSPCON2_ACKEN 	EQU 	4
SSPCON2_ACKSTAT 	EQU 	6
SSPCON2_GCEN 	EQU 	7
SSPCON2_PEN 	EQU 	2
SSPCON2_RCEN 	EQU 	3
SSPCON2_RSEN 	EQU 	1
SSPCON2_SEN 	EQU 	0
SSPCON3 	EQU 	535
SSPCON3_ACKTIM 	EQU 	7
SSPCON3_AHEN 	EQU 	1
SSPCON3_BOEN 	EQU 	4
SSPCON3_DHEN 	EQU 	0
SSPCON3_PCIE 	EQU 	6
SSPCON3_SBCDE 	EQU 	2
SSPCON3_SCIE 	EQU 	5
SSPCON3_SDAHT 	EQU 	3
SSPCON_CKP 	EQU 	4
SSPCON_SSPEN 	EQU 	5
SSPCON_SSPM0 	EQU 	0
SSPCON_SSPM1 	EQU 	1
SSPCON_SSPM2 	EQU 	2
SSPCON_SSPM3 	EQU 	3
SSPCON_SSPOV 	EQU 	6
SSPCON_WCOL 	EQU 	7
SSPEN 	EQU 	5
SSPM0 	EQU 	0
SSPM1 	EQU 	1
SSPM2 	EQU 	2
SSPM3 	EQU 	3
SSPMSK 	EQU 	531
SSPOV 	EQU 	6
SSPSTAT 	EQU 	532
SSPSTAT_BF 	EQU 	0
SSPSTAT_CKE 	EQU 	6
SSPSTAT_D_NOT_A 	EQU 	5
SSPSTAT_P 	EQU 	4
SSPSTAT_R_NOT_W 	EQU 	2
SSPSTAT_S 	EQU 	3
SSPSTAT_SMP 	EQU 	7
SSPSTAT_UA 	EQU 	1
STATUS 	EQU 	3
STATUS_SHAD 	EQU 	4068
STKOVF 	EQU 	7
STKPTR 	EQU 	4077
STKUNF 	EQU 	6
STR1A 	EQU 	0
STR1B 	EQU 	1
STR1C 	EQU 	2
STR1D 	EQU 	3
STR1SYNC 	EQU 	4
STRINGPOINTER 	EQU 	43
STRINGTABLE1 	EQU 	237
STRINGTABLE2 	EQU 	270
SWDTEN 	EQU 	0
SYNC 	EQU 	4
SYSBSR 	EQU 	44
SYSBYTETEMPA 	EQU 	117
SYSBYTETEMPB 	EQU 	121
SYSBYTETEMPX 	EQU 	112
SYSCOMPEQUAL 	EQU 	224
SYSDOLOOP_E1 	EQU 	95
SYSDOLOOP_S1 	EQU 	90
SYSFORLOOP1 	EQU 	123
SYSFORLOOPEND1 	EQU 	143
SYSINTSTATESAVE0 	EQU 	45
SYSPRINTDATAHANDLER 	EQU 	46
SYSPRINTDATAHANDLER_H 	EQU 	47
SYSPRINTTEMP 	EQU 	48
SYSREPEATLOOP1 	EQU 	148
SYSREPEATLOOPEND1 	EQU 	156
SYSREPEATTEMP1 	EQU 	49
SYSSTATUS 	EQU 	127
SYSSTRINGA 	EQU 	119
SYSSTRINGA_H 	EQU 	120
SYSSTRINGTABLES 	EQU 	230
SYSTEMP1 	EQU 	50
SYSTEMP2 	EQU 	51
SYSW 	EQU 	126
SYSWAITLOOP1 	EQU 	160
SYSWAITLOOP2 	EQU 	162
SYSWAITTEMPMS 	EQU 	114
SYSWAITTEMPMS_H 	EQU 	115
T0CS 	EQU 	5
T0IE 	EQU 	5
T0IF 	EQU 	2
T0SE 	EQU 	4
T0XCS 	EQU 	0
T1CKPS0 	EQU 	4
T1CKPS1 	EQU 	5
T1CON 	EQU 	24
T1GCON 	EQU 	25
T1GGO 	EQU 	3
T1GPOL 	EQU 	6
T1GSPM 	EQU 	4
T1GSS0 	EQU 	0
T1GSS1 	EQU 	1
T1GTM 	EQU 	5
T1GVAL 	EQU 	2
T1OSCEN 	EQU 	3
T1OSCR 	EQU 	7
T2CKPS0 	EQU 	0
T2CKPS1 	EQU 	1
T2CON 	EQU 	28
T2OUTPS0 	EQU 	3
T2OUTPS1 	EQU 	4
T2OUTPS2 	EQU 	5
T2OUTPS3 	EQU 	6
TMR0 	EQU 	21
TMR0CS 	EQU 	5
TMR0IE 	EQU 	5
TMR0IF 	EQU 	2
TMR0SE 	EQU 	4
TMR1 	EQU 	22
TMR1CS0 	EQU 	6
TMR1CS1 	EQU 	7
TMR1GE 	EQU 	7
TMR1GIE 	EQU 	7
TMR1GIF 	EQU 	7
TMR1H 	EQU 	23
TMR1IE 	EQU 	0
TMR1IF 	EQU 	0
TMR1L 	EQU 	22
TMR1ON 	EQU 	0
TMR2 	EQU 	26
TMR2IE 	EQU 	1
TMR2IF 	EQU 	1
TMR2ON 	EQU 	2
TOSH 	EQU 	4079
TOSL 	EQU 	4078
TRISA 	EQU 	140
TRISA0 	EQU 	0
TRISA1 	EQU 	1
TRISA2 	EQU 	2
TRISA3 	EQU 	3
TRISA4 	EQU 	4
TRISA5 	EQU 	5
TRISA6 	EQU 	6
TRISA7 	EQU 	7
TRISB 	EQU 	141
TRISB0 	EQU 	0
TRISB1 	EQU 	1
TRISB2 	EQU 	2
TRISB3 	EQU 	3
TRISB4 	EQU 	4
TRISB5 	EQU 	5
TRISB6 	EQU 	6
TRISB7 	EQU 	7
TRMT 	EQU 	1
TSEN 	EQU 	5
TSRNG 	EQU 	4
TUN0 	EQU 	0
TUN1 	EQU 	1
TUN2 	EQU 	2
TUN3 	EQU 	3
TUN4 	EQU 	4
TUN5 	EQU 	5
TX9 	EQU 	6
TX9D 	EQU 	0
TXCKSEL 	EQU 	0
TXEN 	EQU 	5
TXIE 	EQU 	4
TXIF 	EQU 	4
TXREG 	EQU 	410
TXSTA 	EQU 	414
UA 	EQU 	1
W 	EQU 	0
WCOL 	EQU 	7
WDTCON 	EQU 	151
WDTPS0 	EQU 	1
WDTPS1 	EQU 	2
WDTPS2 	EQU 	3
WDTPS3 	EQU 	4
WDTPS4 	EQU 	5
WPUA 	EQU 	524
WPUA5 	EQU 	5
WPUB 	EQU 	525
WPUB0 	EQU 	0
WPUB1 	EQU 	1
WPUB2 	EQU 	2
WPUB3 	EQU 	3
WPUB4 	EQU 	4
WPUB5 	EQU 	5
WPUB6 	EQU 	6
WPUB7 	EQU 	7
WR 	EQU 	1
WREG 	EQU 	9
WREG_SHAD 	EQU 	4069
WREN 	EQU 	2
WRERR 	EQU 	3
WUE 	EQU 	1
Z 	EQU 	2
Z_SHAD 	EQU 	2
_BOREN_SBODEN 	EQU 	15359

Code:
Loc	Obj Code	Original Assembly


































000000	2836	GOTO BASPROGRAMSTART

		INTERRUPT


000004	00FE	MOVWF SYSW
000005	0E03	SWAPF STATUS,W
000006	00FF	MOVWF SYSSTATUS
000007	0808	MOVF BSR,W
000000	0020	BANKSEL STATUS
000009	00AC	MOVWF SYSBSR
00000A	0804	MOVF FSR0L,W
00000B	00A4	MOVWF SAVEFSR0L
00000C	0805	MOVF FSR0H,W
00000D	00A3	MOVWF SAVEFSR0H
00000E	0832	MOVF SYSTEMP1,W
00000F	00A9	MOVWF SAVESYSTEMP1
000010	0875	MOVF SYSBYTETEMPA,W
000011	00A6	MOVWF SAVESYSBYTETEMPA
000012	0879	MOVF SYSBYTETEMPB,W
000013	00A7	MOVWF SAVESYSBYTETEMPB
000014	0870	MOVF SYSBYTETEMPX,W
000015	00A8	MOVWF SAVESYSBYTETEMPX
000016	080A	MOVF PCLATH,W
000017	00A5	MOVWF SAVEPCLATH
000018	018A	CLRF PCLATH
000019	1E8B	BTFSS INTCON,TMR0IE
00001A	2820	GOTO NOTTMR0IF
00001B	1D0B	BTFSS INTCON,TMR0IF
00001C	2820	GOTO NOTTMR0IF
00001D	20CC	CALL READTMR0
00001E	110B	BCF INTCON,TMR0IF
00001F	2820	GOTO INTERRUPTDONE
		NOTTMR0IF
		INTERRUPTDONE
000020	0824	MOVF SAVEFSR0L,W
000021	0084	MOVWF FSR0L
000022	0823	MOVF SAVEFSR0H,W
000023	0085	MOVWF FSR0H
000024	0829	MOVF SAVESYSTEMP1,W
000025	00B2	MOVWF SYSTEMP1
000026	0826	MOVF SAVESYSBYTETEMPA,W
000027	00F5	MOVWF SYSBYTETEMPA
000028	0827	MOVF SAVESYSBYTETEMPB,W
000029	00F9	MOVWF SYSBYTETEMPB
00002A	0828	MOVF SAVESYSBYTETEMPX,W
00002B	00F0	MOVWF SYSBYTETEMPX
00002C	0825	MOVF SAVEPCLATH,W
00002D	008A	MOVWF PCLATH
00002E	082C	MOVF SYSBSR,W
00002F	0088	MOVWF BSR
000030	0E7F	SWAPF SYSSTATUS,W
000031	0083	MOVWF STATUS
000032	0EFE	SWAPF SYSW,F
000033	0E7E	SWAPF SYSW,W
000034	0009	RETFIE



		BASPROGRAMSTART
000036	20AB	CALL INITSYS
000037	20BD	CALL INITUSART
000038	178B	BSF INTCON,GIE
000039	170B	BSF INTCON,PEIE
00003A	142D	BSF SYSINTSTATESAVE0,0
000000	0021	BANKSEL TRISB
00003C	128D	BCF TRISB,5

000000	0020	BANKSEL SYSINTSTATESAVE0
00003E	1C2D	BTFSS SYSINTSTATESAVE0,0
00003F	138B	BCF INTCON,GIE
000040	182D	BTFSC SYSINTSTATESAVE0,0
000041	178B	BSF INTCON,GIE
000000	0021	BANKSEL OPTION_REG
000043	1295	BCF OPTION_REG,TMR0CS
000044	1195	BCF OPTION_REG,PSA
000045	1015	BCF OPTION_REG,PS0
000046	1095	BCF OPTION_REG,PS1
000047	1115	BCF OPTION_REG,PS2
000048	168B	BSF INTCON,TMR0IE
000049	110B	BCF INTCON,TMR0IF
00004A	148D	BSF TRISB,1
00004B	110D	BCF TRISB,2
00004C	30ED	MOVLW LOW STRINGTABLE1
000000	0020	BANKSEL SYSPRINTDATAHANDLER
00004E	00AE	MOVWF SYSPRINTDATAHANDLER
00004F	3080	MOVLW (HIGH STRINGTABLE1) | 128
000050	00AF	MOVWF SYSPRINTDATAHANDLER_H
000051	3001	MOVLW 1
000052	00A0	MOVWF COMPORT
000053	2070	CALL HSERPRINT299
000054	3001	MOVLW 1
000055	00A1	MOVWF HSERPRINTCRLFCOUNT
000056	3001	MOVLW 1
000057	00A0	MOVWF COMPORT
000058	2090	CALL HSERPRINTCRLF
000059	168B	BSF INTCON,TMR0IE
		SYSDOLOOP_S1
00005A	3032	MOVLW 50
00005B	00F2	MOVWF SYSWAITTEMPMS
00005C	01F3	CLRF SYSWAITTEMPMS_H
00005D	2062	CALL DELAY_MS
00005E	285A	GOTO SYSDOLOOP_S1
		SYSDOLOOP_E1
00005F	2860	GOTO BASPROGRAMEND
		BASPROGRAMEND
000060	0063	SLEEP
000061	2860	GOTO BASPROGRAMEND


		DELAY_MS
000062	0AF3	INCF SYSWAITTEMPMS_H, F
		DMS_START
000063	306C	MOVLW 108
000064	00F1	MOVWF DELAYTEMP2
		DMS_OUTER
000065	300B	MOVLW 11
000066	00F0	MOVWF DELAYTEMP
		DMS_INNER
000067	0BF0	DECFSZ DELAYTEMP, F
000068	2867	GOTO DMS_INNER
000069	0BF1	DECFSZ DELAYTEMP2, F
00006A	2865	GOTO DMS_OUTER
00006B	0BF2	DECFSZ SYSWAITTEMPMS, F
00006C	2863	GOTO DMS_START
00006D	0BF3	DECFSZ SYSWAITTEMPMS_H, F
00006E	2863	GOTO DMS_START
00006F	0008	RETURN


		HSERPRINT299
000070	082E	MOVF SYSPRINTDATAHANDLER,W
000071	0084	MOVWF AFSR0
000072	082F	MOVF SYSPRINTDATAHANDLER_H,W
000073	0085	MOVWF AFSR0_H
000074	0800	MOVF INDF0,W
000075	00A2	MOVWF PRINTLEN
000076	08A2	MOVF PRINTLEN,F
000077	1903	BTFSC STATUS, Z
000078	288F	GOTO ENDIF1
000079	3001	MOVLW 1
00007A	00B0	MOVWF SYSPRINTTEMP
		SYSFORLOOP1
00007B	0830	MOVF SYSPRINTTEMP,W
00007C	072E	ADDWF SYSPRINTDATAHANDLER,W
00007D	0084	MOVWF AFSR0
00007E	3000	MOVLW 0
00007F	3D2F	ADDWFC SYSPRINTDATAHANDLER_H,W
000080	0085	MOVWF AFSR0_H
000081	0800	MOVF INDF0,W
000082	00AA	MOVWF SERDATA
000083	209D	CALL HSERSEND289
000084	0830	MOVF SYSPRINTTEMP,W
000085	0222	SUBWF PRINTLEN,W
000086	00B2	MOVWF SYSTEMP1
000087	00F5	MOVWF SYSBYTETEMPA
000088	01F9	CLRF SYSBYTETEMPB
000089	20E0	CALL SYSCOMPEQUAL
00008A	09F0	COMF SYSBYTETEMPX,F
00008B	1C70	BTFSS SYSBYTETEMPX,0
00008C	288F	GOTO ENDIF2
00008D	0AB0	INCF SYSPRINTTEMP,F
00008E	287B	GOTO SYSFORLOOP1
		ENDIF2
		SYSFORLOOPEND1
		ENDIF1
00008F	0008	RETURN


		HSERPRINTCRLF
000090	0821	MOVF HSERPRINTCRLFCOUNT,W
000091	00B1	MOVWF SYSREPEATTEMP1
000092	1903	BTFSC STATUS,Z
000093	289C	GOTO SYSREPEATLOOPEND1
		SYSREPEATLOOP1
000094	300D	MOVLW 13
000095	00AA	MOVWF SERDATA
000096	209D	CALL HSERSEND289
000097	300A	MOVLW 10
000098	00AA	MOVWF SERDATA
000099	209D	CALL HSERSEND289
00009A	0BB1	DECFSZ SYSREPEATTEMP1,F
00009B	2894	GOTO SYSREPEATLOOP1
		SYSREPEATLOOPEND1
00009C	0008	RETURN


		HSERSEND289
00009D	0320	DECF COMPORT,W
00009E	1D03	BTFSS STATUS, Z
00009F	28A9	GOTO ENDIF3
		SYSWAITLOOP1
0000A0	1E11	BTFSS PIR1,TXIF
0000A1	28A0	GOTO SYSWAITLOOP1
		SYSWAITLOOP2
000000	0023	BANKSEL TXSTA
0000A3	1C9E	BTFSS TXSTA,TRMT
0000A4	28A2	GOTO SYSWAITLOOP2
000000	0020	BANKSEL SERDATA
0000A6	082A	MOVF SERDATA,W
000000	0023	BANKSEL TXREG
0000A8	009A	MOVWF TXREG
		ENDIF3
000000	0020	BANKSEL STATUS
0000AA	0008	RETURN


		INITSYS
000000	0021	BANKSEL OSCCON
0000AC	1719	BSF OSCCON,IRCF3
0000AD	1699	BSF OSCCON,IRCF2
0000AE	1619	BSF OSCCON,IRCF1
0000AF	1599	BSF OSCCON,IRCF0
0000B0	1399	BCF OSCCON,SPLLEN
0000B1	139E	BCF ADCON1,ADFM
0000B2	101D	BCF ADCON0,ADON
000000	0023	BANKSEL ANSELA
0000B4	018C	CLRF ANSELA
0000B5	018D	CLRF ANSELB
000000	0022	BANKSEL CM2CON0
0000B7	1393	BCF CM2CON0,C2ON
0000B8	1391	BCF CM1CON0,C1ON
000000	0020	BANKSEL PORTA
0000BA	018C	CLRF PORTA
0000BB	018D	CLRF PORTB
0000BC	0008	RETURN


		INITUSART
0000BD	309F	MOVLW 159
000000	0023	BANKSEL SPBRG
0000BF	009B	MOVWF SPBRG
0000C0	3001	MOVLW 1
0000C1	009C	MOVWF SP1BRGH
0000C2	309F	MOVLW 159
0000C3	009B	MOVWF SP1BRGL
0000C4	159F	BSF BAUDCON,BRG16
0000C5	151E	BSF TXSTA,BRGH
0000C6	121E	BCF TXSTA,SYNC
0000C7	169E	BSF TXSTA,TXEN
0000C8	179D	BSF RCSTA,SPEN
0000C9	161D	BSF RCSTA,CREN
000000	0020	BANKSEL STATUS
0000CB	0008	RETURN


		READTMR0
000000	0022	BANKSEL LATB
0000CD	168D	BSF LATB,RB5
0000CE	110B	BCF INTCON,TMR0IF
0000CF	300E	MOVLW LOW STRINGTABLE2
000000	0020	BANKSEL SYSPRINTDATAHANDLER
0000D1	00AE	MOVWF SYSPRINTDATAHANDLER
0000D2	3081	MOVLW (HIGH STRINGTABLE2) | 128
0000D3	00AF	MOVWF SYSPRINTDATAHANDLER_H
0000D4	3001	MOVLW 1
0000D5	00A0	MOVWF COMPORT
0000D6	2070	CALL HSERPRINT299
0000D7	3001	MOVLW 1
0000D8	00A1	MOVWF HSERPRINTCRLFCOUNT
0000D9	3001	MOVLW 1
0000DA	00A0	MOVWF COMPORT
0000DB	2090	CALL HSERPRINTCRLF
000000	0022	BANKSEL LATB
0000DD	128D	BCF LATB,RB5
000000	0020	BANKSEL STATUS
0000DF	0008	RETURN


		SYSCOMPEQUAL
0000E0	01F0	CLRF SYSBYTETEMPX
0000E1	0875	MOVF SYSBYTETEMPA, W
0000E2	0279	SUBWF SYSBYTETEMPB, W
0000E3	1903	BTFSC STATUS, Z
0000E4	09F0	COMF SYSBYTETEMPX,F
0000E5	0008	RETURN


		SYSSTRINGTABLES
0000E6	0878	MOVF SYSSTRINGA_H,W
0000E7	008A	MOVWF PCLATH
0000E8	0877	MOVF SYSSTRINGA,W
0000E9	0AF7	INCF SYSSTRINGA,F
0000EA	1903	BTFSC STATUS,Z
0000EB	0AF8	INCF SYSSTRINGA_H,F
0000EC	0082	MOVWF PCL

		STRINGTABLE1
0000ED	3420	RETLW 32
0000EE	3454	RETLW 84
0000EF	3465	RETLW 101
0000F0	3473	RETLW 115
0000F1	3474	RETLW 116
0000F2	3420	RETLW 32
0000F3	3431	RETLW 49
0000F4	3436	RETLW 54
0000F5	3446	RETLW 70
0000F6	3431	RETLW 49
0000F7	3438	RETLW 56
0000F8	3432	RETLW 50
0000F9	3436	RETLW 54
0000FA	3420	RETLW 32
0000FB	3455	RETLW 85
0000FC	3453	RETLW 83
0000FD	3441	RETLW 65
0000FE	3452	RETLW 82
0000FF	3454	RETLW 84
000100	3420	RETLW 32
000101	3443	RETLW 67
000102	346F	RETLW 111
000103	346D	RETLW 109
000104	346D	RETLW 109
000105	3475	RETLW 117
000106	346E	RETLW 110
000107	3469	RETLW 105
000108	3463	RETLW 99
000109	3461	RETLW 97
00010A	3474	RETLW 116
00010B	3469	RETLW 105
00010C	346F	RETLW 111
00010D	346E	RETLW 110


		STRINGTABLE2
00010E	340D	RETLW 13
00010F	3454	RETLW 84
000110	344D	RETLW 77
000111	3452	RETLW 82
000112	3430	RETLW 48
000113	3420	RETLW 32
000114	3449	RETLW 73
000115	346E	RETLW 110
000116	3474	RETLW 116
000117	3465	RETLW 101
000118	3472	RETLW 114
000119	3475	RETLW 117
00011A	3470	RETLW 112
00011B	3474	RETLW 116



