GCASM List File (GCBASIC 0.98.<<>> 2021-<<>>-24 (Linux 64 bit) : Build 1005)

Symbols:
A 	EQU 	0
ACCESS 	EQU 	0
ADDEN 	EQU 	3
ADEN 	EQU 	3
B 	EQU 	1
BANKED 	EQU 	1
BASPROGRAMEND 	EQU 	24
BASPROGRAMSTART 	EQU 	5
BRGH 	EQU 	2
C 	EQU 	0
C1INV 	EQU 	4
C1OUT 	EQU 	6
C2INV 	EQU 	5
C2OUT 	EQU 	7
CCP1CON 	EQU 	23
CCP1IE 	EQU 	2
CCP1IF 	EQU 	2
CCP1M0 	EQU 	0
CCP1M1 	EQU 	1
CCP1M2 	EQU 	2
CCP1M3 	EQU 	3
CCP1X 	EQU 	5
CCP1Y 	EQU 	4
CCPR1 	EQU 	21
CCPR1H 	EQU 	22
CCPR1L 	EQU 	21
CIS 	EQU 	3
CM0 	EQU 	0
CM1 	EQU 	1
CM2 	EQU 	2
CMCON 	EQU 	31
CMIE 	EQU 	6
CMIF 	EQU 	6
CREN 	EQU 	4
CSRC 	EQU 	7
DC 	EQU 	1
DELAYTEMP 	EQU 	112
DELAYTEMP2 	EQU 	113
DELAY_MS 	EQU 	26
DMS_INNER 	EQU 	31
DMS_OUTER 	EQU 	29
DMS_START 	EQU 	27
EEADR 	EQU 	155
EECON1 	EQU 	156
EECON2 	EQU 	157
EEDATA 	EQU 	154
EEIE 	EQU 	7
EEIF 	EQU 	7
F 	EQU 	1
FERR 	EQU 	2
FSR 	EQU 	4
GIE 	EQU 	7
INDF 	EQU 	0
INITSYS 	EQU 	40
INTCON 	EQU 	11
INTE 	EQU 	4
INTEDG 	EQU 	6
INTF 	EQU 	1
IRP 	EQU 	7
NOT_BO 	EQU 	0
NOT_BOD 	EQU 	0
NOT_BOR 	EQU 	0
NOT_PD 	EQU 	3
NOT_POR 	EQU 	1
NOT_RBPU 	EQU 	7
NOT_T1SYNC 	EQU 	2
NOT_TO 	EQU 	4
OERR 	EQU 	1
OPTION_REG 	EQU 	129
OSCF 	EQU 	3
PCL 	EQU 	2
PCLATH 	EQU 	10
PCON 	EQU 	142
PEIE 	EQU 	6
PIE1 	EQU 	140
PIR1 	EQU 	12
PORTA 	EQU 	5
PORTB 	EQU 	6
PR2 	EQU 	146
PS0 	EQU 	0
PS1 	EQU 	1
PS2 	EQU 	2
PSA 	EQU 	3
RA0 	EQU 	0
RA1 	EQU 	1
RA2 	EQU 	2
RA3 	EQU 	3
RA4 	EQU 	4
RA5 	EQU 	5
RA6 	EQU 	6
RA7 	EQU 	7
RB0 	EQU 	0
RB1 	EQU 	1
RB2 	EQU 	2
RB3 	EQU 	3
RB4 	EQU 	4
RB5 	EQU 	5
RB6 	EQU 	6
RB7 	EQU 	7
RBIE 	EQU 	3
RBIF 	EQU 	0
RCIE 	EQU 	5
RCIF 	EQU 	5
RCREG 	EQU 	26
RCSTA 	EQU 	24
RD 	EQU 	0
RP0 	EQU 	5
RP1 	EQU 	6
RX9 	EQU 	6
RX9D 	EQU 	0
SPBRG 	EQU 	153
SPEN 	EQU 	7
SREN 	EQU 	5
STATUS 	EQU 	3
SYNC 	EQU 	4
SYSDOLOOP_E1 	EQU 	24
SYSDOLOOP_S1 	EQU 	9
SYSWAITTEMPMS 	EQU 	114
SYSWAITTEMPMS_H 	EQU 	115
T0CS 	EQU 	5
T0IE 	EQU 	5
T0IF 	EQU 	2
T0SE 	EQU 	4
T1CKPS0 	EQU 	4
T1CKPS1 	EQU 	5
T1CON 	EQU 	16
T1OSCEN 	EQU 	3
T2CKPS0 	EQU 	0
T2CKPS1 	EQU 	1
T2CON 	EQU 	18
TMR0 	EQU 	1
TMR0IE 	EQU 	5
TMR0IF 	EQU 	2
TMR1 	EQU 	14
TMR1CS 	EQU 	1
TMR1H 	EQU 	15
TMR1IE 	EQU 	0
TMR1IF 	EQU 	0
TMR1L 	EQU 	14
TMR1ON 	EQU 	0
TMR2 	EQU 	17
TMR2IE 	EQU 	1
TMR2IF 	EQU 	1
TMR2ON 	EQU 	2
TOUTPS0 	EQU 	3
TOUTPS1 	EQU 	4
TOUTPS2 	EQU 	5
TOUTPS3 	EQU 	6
TRISA 	EQU 	133
TRISA0 	EQU 	0
TRISA1 	EQU 	1
TRISA2 	EQU 	2
TRISA3 	EQU 	3
TRISA4 	EQU 	4
TRISA5 	EQU 	5
TRISA6 	EQU 	6
TRISA7 	EQU 	7
TRISB 	EQU 	134
TRISB0 	EQU 	0
TRISB1 	EQU 	1
TRISB2 	EQU 	2
TRISB3 	EQU 	3
TRISB4 	EQU 	4
TRISB5 	EQU 	5
TRISB6 	EQU 	6
TRISB7 	EQU 	7
TRMT 	EQU 	1
TX9 	EQU 	6
TX9D 	EQU 	0
TXEN 	EQU 	5
TXIE 	EQU 	4
TXIF 	EQU 	4
TXREG 	EQU 	25
TXSTA 	EQU 	152
VR0 	EQU 	0
VR1 	EQU 	1
VR2 	EQU 	2
VR3 	EQU 	3
VRCON 	EQU 	159
VREN 	EQU 	7
VROE 	EQU 	6
VRR 	EQU 	5
W 	EQU 	0
WR 	EQU 	1
WREN 	EQU 	2
WRERR 	EQU 	3
Z 	EQU 	2

Code:
Loc	Obj Code	Original Assembly





000000	2805	GOTO BASPROGRAMSTART

000004	0009	RETFIE



		BASPROGRAMSTART
000005	2028	CALL INITSYS

000000	1683	BANKSEL TRISA
000000	1683 1303	BANKSEL TRISA
000008	1205	BCF TRISA,4
		SYSDOLOOP_S1
000000	1283	BANKSEL PORTA
000000	1283 1303	BANKSEL PORTA
00000B	1605	BSF PORTA,4
00000C	30F4	MOVLW 244
00000D	00F2	MOVWF SYSWAITTEMPMS
00000E	3001	MOVLW 1
00000F	00F3	MOVWF SYSWAITTEMPMS_H
000010	201A	CALL DELAY_MS
000011	1205	BCF PORTA,4
000012	30F4	MOVLW 244
000013	00F2	MOVWF SYSWAITTEMPMS
000014	3001	MOVLW 1
000015	00F3	MOVWF SYSWAITTEMPMS_H
000016	201A	CALL DELAY_MS
000017	2809	GOTO SYSDOLOOP_S1
		SYSDOLOOP_E1
		BASPROGRAMEND
000018	0063	SLEEP
000019	2818	GOTO BASPROGRAMEND


		DELAY_MS
00001A	0AF3	INCF SYSWAITTEMPMS_H, F
		DMS_START
00001B	308E	MOVLW 142
00001C	00F1	MOVWF DELAYTEMP2
		DMS_OUTER
00001D	3001	MOVLW 1
00001E	00F0	MOVWF DELAYTEMP
		DMS_INNER
00001F	0BF0	DECFSZ DELAYTEMP, F
000020	281F	GOTO DMS_INNER
000021	0BF1	DECFSZ DELAYTEMP2, F
000022	281D	GOTO DMS_OUTER
000023	0BF2	DECFSZ SYSWAITTEMPMS, F
000024	281B	GOTO DMS_START
000025	0BF3	DECFSZ SYSWAITTEMPMS_H, F
000026	281B	GOTO DMS_START
000027	0008	RETURN


		INITSYS
000028	3007	MOVLW 7
000029	009F	MOVWF CMCON
00002A	0185	CLRF PORTA
00002B	0186	CLRF PORTB
00002C	0008	RETURN


