GCASM List File (GCBASIC 0.98.<<>> 2021-<<>>-24 (Linux 64 bit) : Build 1005)

Symbols:
A 	EQU 	0
ACCESS 	EQU 	0
ADCON0 	EQU 	31
ADCON0_GO_DONE 	EQU 	1
ADCS0 	EQU 	4
ADCS1 	EQU 	5
ADCS2 	EQU 	6
ADDR 	EQU 	37
ADFM 	EQU 	7
ADIE 	EQU 	6
ADIF 	EQU 	6
ADON 	EQU 	0
ADRESH 	EQU 	30
ADRESL 	EQU 	158
ANS0 	EQU 	0
ANS1 	EQU 	1
ANS2 	EQU 	2
ANS3 	EQU 	3
ANSEL 	EQU 	159
B 	EQU 	1
BANKED 	EQU 	1
BASPROGRAMEND 	EQU 	52
BASPROGRAMSTART 	EQU 	5
C 	EQU 	0
CAL0 	EQU 	2
CAL1 	EQU 	3
CAL2 	EQU 	4
CAL3 	EQU 	5
CAL4 	EQU 	6
CAL5 	EQU 	7
CHS0 	EQU 	2
CHS1 	EQU 	3
CINV 	EQU 	4
CIS 	EQU 	3
CM0 	EQU 	0
CM1 	EQU 	1
CM2 	EQU 	2
CMCON 	EQU 	25
CMIE 	EQU 	3
CMIF 	EQU 	3
COUT 	EQU 	6
DATA 	EQU 	38
DC 	EQU 	1
DELAYTEMP 	EQU 	32
DELAYTEMP2 	EQU 	33
DELAY_MS 	EQU 	54
DELAY_S 	EQU 	68
DMS_INNER 	EQU 	59
DMS_OUTER 	EQU 	57
DMS_START 	EQU 	55
DS_START 	EQU 	68
EEADDRESS 	EQU 	155
EEADR 	EQU 	155
EECON1 	EQU 	156
EECON2 	EQU 	157
EEDAT 	EQU 	154
EEDATA 	EQU 	154
EEDATAVALUE 	EQU 	154
EEIE 	EQU 	7
EEIF 	EQU 	7
EPWRITE 	EQU 	76
F 	EQU 	1
FSR 	EQU 	4
GIE 	EQU 	7
GO 	EQU 	1
GO_DONE 	EQU 	1
GO_NOT_DONE 	EQU 	1
GP0 	EQU 	0
GP1 	EQU 	1
GP2 	EQU 	2
GP3 	EQU 	3
GP4 	EQU 	4
GP5 	EQU 	5
GPIE 	EQU 	3
GPIF 	EQU 	0
GPIO 	EQU 	5
GPIO0 	EQU 	0
GPIO1 	EQU 	1
GPIO2 	EQU 	2
GPIO3 	EQU 	3
GPIO4 	EQU 	4
GPIO5 	EQU 	5
INDF 	EQU 	0
INITSYS 	EQU 	89
INTCON 	EQU 	11
INTE 	EQU 	4
INTEDG 	EQU 	6
INTF 	EQU 	1
IOC 	EQU 	150
IOC0 	EQU 	0
IOC1 	EQU 	1
IOC2 	EQU 	2
IOC3 	EQU 	3
IOC4 	EQU 	4
IOC5 	EQU 	5
IOCB 	EQU 	150
IOCB0 	EQU 	0
IOCB1 	EQU 	1
IOCB2 	EQU 	2
IOCB3 	EQU 	3
IOCB4 	EQU 	4
IOCB5 	EQU 	5
IOCB_IOC0 	EQU 	0
IOCB_IOC1 	EQU 	1
IOCB_IOC2 	EQU 	2
IOCB_IOC3 	EQU 	3
IOCB_IOC4 	EQU 	4
IOCB_IOC5 	EQU 	5
IOCB_IOCB0 	EQU 	0
IOCB_IOCB1 	EQU 	1
IOCB_IOCB2 	EQU 	2
IOCB_IOCB3 	EQU 	3
IOCB_IOCB4 	EQU 	4
IOCB_IOCB5 	EQU 	5
IRP 	EQU 	7
NOT_BOD 	EQU 	0
NOT_BOR 	EQU 	0
NOT_DONE 	EQU 	1
NOT_GPPU 	EQU 	7
NOT_PD 	EQU 	3
NOT_POR 	EQU 	1
NOT_T1SYNC 	EQU 	2
NOT_TO 	EQU 	4
OPTION_REG 	EQU 	129
OSCCAL 	EQU 	144
PCL 	EQU 	2
PCLATH 	EQU 	10
PCON 	EQU 	142
PEIE 	EQU 	6
PIE1 	EQU 	140
PIR1 	EQU 	12
PS0 	EQU 	0
PS1 	EQU 	1
PS2 	EQU 	2
PSA 	EQU 	3
RD 	EQU 	0
RP0 	EQU 	5
RP1 	EQU 	6
STATUS 	EQU 	3
SYSDOLOOP_E1 	EQU 	52
SYSDOLOOP_S1 	EQU 	48
SYSEPREAD 	EQU 	102
SYSFORLOOP1 	EQU 	8
SYSFORLOOP2 	EQU 	29
SYSFORLOOPEND1 	EQU 	24
SYSFORLOOPEND2 	EQU 	48
SYSWAITLOOP1 	EQU 	84
SYSWAITTEMPMS 	EQU 	34
SYSWAITTEMPMS_H 	EQU 	35
SYSWAITTEMPS 	EQU 	36
T0CS 	EQU 	5
T0IE 	EQU 	5
T0IF 	EQU 	2
T0SE 	EQU 	4
T1CKPS0 	EQU 	4
T1CKPS1 	EQU 	5
T1CON 	EQU 	16
T1IE 	EQU 	0
T1IF 	EQU 	0
T1OSCEN 	EQU 	3
TMR0 	EQU 	1
TMR0IE 	EQU 	5
TMR0IF 	EQU 	2
TMR1 	EQU 	14
TMR1CS 	EQU 	1
TMR1GE 	EQU 	6
TMR1H 	EQU 	15
TMR1IE 	EQU 	0
TMR1IF 	EQU 	0
TMR1L 	EQU 	14
TMR1ON 	EQU 	0
TRISIO 	EQU 	133
TRISIO0 	EQU 	0
TRISIO1 	EQU 	1
TRISIO2 	EQU 	2
TRISIO3 	EQU 	3
TRISIO4 	EQU 	4
TRISIO5 	EQU 	5
VCFG 	EQU 	6
VR0 	EQU 	0
VR1 	EQU 	1
VR2 	EQU 	2
VR3 	EQU 	3
VRCON 	EQU 	153
VREN 	EQU 	7
VRR 	EQU 	5
W 	EQU 	0
WPU 	EQU 	149
WPU0 	EQU 	0
WPU1 	EQU 	1
WPU2 	EQU 	2
WPU4 	EQU 	4
WPU5 	EQU 	5
WR 	EQU 	1
WREN 	EQU 	2
WRERR 	EQU 	3
Z 	EQU 	2

Code:
Loc	Obj Code	Original Assembly










000000	2805	GOTO BASPROGRAMSTART

000004	0009	RETFIE



		BASPROGRAMSTART
000005	2059	CALL INITSYS

000006	30FF	MOVLW 255
000007	00A5	MOVWF ADDR
		SYSFORLOOP1
000008	0AA5	INCF ADDR,F
000009	0825	MOVF ADDR,W
000000	1683	BANKSEL EEADDRESS
00000B	009B	MOVWF EEADDRESS
00000C	0825	MOVF ADDR,W
00000D	009A	MOVWF EEDATAVALUE
000000	1283	BANKSEL STATUS
00000F	204C	CALL EPWRITE
000010	300A	MOVLW 10
000011	00A2	MOVWF SYSWAITTEMPMS
000012	01A3	CLRF SYSWAITTEMPMS_H
000013	2036	CALL DELAY_MS
000014	3014	MOVLW 20
000015	0225	SUBWF ADDR,W
000016	1C03	BTFSS STATUS, C
000017	2808	GOTO SYSFORLOOP1
		SYSFORLOOPEND1
000018	3002	MOVLW 2
000019	00A4	MOVWF SYSWAITTEMPS
00001A	2044	CALL DELAY_S
00001B	30FF	MOVLW 255
00001C	00A5	MOVWF ADDR
		SYSFORLOOP2
00001D	0AA5	INCF ADDR,F
00001E	0825	MOVF ADDR,W
000000	1683	BANKSEL EEADDRESS
000020	009B	MOVWF EEADDRESS
000000	1283	BANKSEL STATUS
000022	2066	CALL SYSEPREAD
000000	1683	BANKSEL EEDATAVALUE
000024	081A	MOVF EEDATAVALUE,W
000025	00A6	MOVWF DATA
000026	30F4	MOVLW 244
000027	00A2	MOVWF SYSWAITTEMPMS
000028	3001	MOVLW 1
000029	00A3	MOVWF SYSWAITTEMPMS_H
000000	1283	BANKSEL STATUS
00002B	2036	CALL DELAY_MS
00002C	3019	MOVLW 25
00002D	0225	SUBWF ADDR,W
00002E	1C03	BTFSS STATUS, C
00002F	281D	GOTO SYSFORLOOP2
		SYSFORLOOPEND2
		SYSDOLOOP_S1
000030	3001	MOVLW 1
000031	00A4	MOVWF SYSWAITTEMPS
000032	2044	CALL DELAY_S
000033	2830	GOTO SYSDOLOOP_S1
		SYSDOLOOP_E1
		BASPROGRAMEND
000034	0063	SLEEP
000035	2834	GOTO BASPROGRAMEND


		DELAY_MS
000036	0AA3	INCF SYSWAITTEMPMS_H, F
		DMS_START
000037	30E3	MOVLW 227
000038	00A1	MOVWF DELAYTEMP2
		DMS_OUTER
000039	3006	MOVLW 6
00003A	00A0	MOVWF DELAYTEMP
		DMS_INNER
00003B	0BA0	DECFSZ DELAYTEMP, F
00003C	283B	GOTO DMS_INNER
00003D	0BA1	DECFSZ DELAYTEMP2, F
00003E	2839	GOTO DMS_OUTER
00003F	0BA2	DECFSZ SYSWAITTEMPMS, F
000040	2837	GOTO DMS_START
000041	0BA3	DECFSZ SYSWAITTEMPMS_H, F
000042	2837	GOTO DMS_START
000043	0008	RETURN


		DELAY_S
		DS_START
000044	30E8	MOVLW 232
000045	00A2	MOVWF SYSWAITTEMPMS
000046	3003	MOVLW 3
000047	00A3	MOVWF SYSWAITTEMPMS_H
000048	2036	CALL DELAY_MS
000049	0BA4	DECFSZ SYSWAITTEMPS, F
00004A	2844	GOTO DS_START
00004B	0008	RETURN


		EPWRITE
000000	1683	BANKSEL EECON1
00004D	151C	BSF EECON1,WREN
00004E	3055	MOVLW 85
00004F	009D	MOVWF EECON2
000050	30AA	MOVLW 170
000051	009D	MOVWF EECON2
000052	149C	BSF EECON1,WR
000053	111C	BCF EECON1,WREN
		SYSWAITLOOP1
000054	189C	BTFSC EECON1,WR
000055	2854	GOTO SYSWAITLOOP1
000056	111C	BCF EECON1,WREN
000000	1283	BANKSEL STATUS
000058	0008	RETURN


		INITSYS
000059	23FF	CALL 1023
000000	1683	BANKSEL OSCCAL
00005B	0090	MOVWF OSCCAL
000000	1283	BANKSEL ADCON0
00005D	139F	BCF ADCON0,ADFM
00005E	101F	BCF ADCON0,ADON
000000	1683	BANKSEL ANSEL
000060	019F	CLRF ANSEL
000061	3007	MOVLW 7
000000	1283	BANKSEL CMCON
000063	0099	MOVWF CMCON
000064	0185	CLRF GPIO
000065	0008	RETURN


		SYSEPREAD
000000	1683	BANKSEL EECON1
000067	141C	BSF EECON1,RD
000000	1283	BANKSEL STATUS
000069	0008	RETURN


