GCASM List File (GCBASIC 1.00.00 2022-12-01 (Linux 64 bit) : Build 1199)

Symbols:
-X 	EQU 	30
-Y 	EQU 	26
-Z 	EQU 	18
ACBG 	EQU 	6
ACD 	EQU 	7
ACI 	EQU 	4
ACIE 	EQU 	3
ACIS0 	EQU 	0
ACIS1 	EQU 	1
ACME 	EQU 	6
ACO 	EQU 	5
ACSR 	EQU 	8
ADATE 	EQU 	5
ADC0D 	EQU 	5
ADC1D 	EQU 	2
ADC2D 	EQU 	4
ADC3D 	EQU 	3
ADCH 	EQU 	5
ADCH0 	EQU 	0
ADCH1 	EQU 	1
ADCH2 	EQU 	2
ADCH3 	EQU 	3
ADCH4 	EQU 	4
ADCH5 	EQU 	5
ADCH6 	EQU 	6
ADCH7 	EQU 	7
ADCL 	EQU 	4
ADCL0 	EQU 	0
ADCL1 	EQU 	1
ADCL2 	EQU 	2
ADCL3 	EQU 	3
ADCL4 	EQU 	4
ADCL5 	EQU 	5
ADCL6 	EQU 	6
ADCL7 	EQU 	7
ADCSRA 	EQU 	6
ADCSRB 	EQU 	3
ADEN 	EQU 	7
ADIE 	EQU 	3
ADIF 	EQU 	4
ADLAR 	EQU 	5
ADMUX 	EQU 	7
ADPS0 	EQU 	0
ADPS1 	EQU 	1
ADPS2 	EQU 	2
ADREADPORT 	EQU 	96
ADSC 	EQU 	6
ADTS0 	EQU 	0
ADTS1 	EQU 	1
ADTS2 	EQU 	2
AIN0D 	EQU 	0
AIN1D 	EQU 	1
AINBG 	EQU 	6
BASPROGRAMEND 	EQU 	35
BASPROGRAMSTART 	EQU 	11
BODCR 	EQU 	48
BODS 	EQU 	1
BODSE 	EQU 	0
BORF 	EQU 	2
BPDS 	EQU 	1
BPDSE 	EQU 	0
C 	EQU 	0
CAL0 	EQU 	0
CAL1 	EQU 	1
CAL2 	EQU 	2
CAL3 	EQU 	3
CAL4 	EQU 	4
CAL5 	EQU 	5
CAL6 	EQU 	6
CLKPCE 	EQU 	7
CLKPR 	EQU 	38
CLKPS0 	EQU 	0
CLKPS1 	EQU 	1
CLKPS2 	EQU 	2
CLKPS3 	EQU 	3
COM0A0 	EQU 	6
COM0A1 	EQU 	7
COM0B0 	EQU 	4
COM0B1 	EQU 	5
CS00 	EQU 	0
CS01 	EQU 	1
CS02 	EQU 	2
CTPB 	EQU 	4
D10US_START 	EQU 	37
DDB0 	EQU 	0
DDB1 	EQU 	1
DDB2 	EQU 	2
DDB3 	EQU 	3
DDB4 	EQU 	4
DDB5 	EQU 	5
DDRB 	EQU 	23
DELAYTEMP 	EQU 	r25
DELAYTEMP2 	EQU 	r26
DELAYUS0 	EQU 	38
DELAY_10US 	EQU 	37
DELAY_MS 	EQU 	43
DIDR0 	EQU 	20
DMS_INNER 	EQU 	46
DMS_OUTER 	EQU 	45
DMS_START 	EQU 	44
DWDR 	EQU 	46
DWDR0 	EQU 	0
DWDR1 	EQU 	1
DWDR2 	EQU 	2
DWDR3 	EQU 	3
DWDR4 	EQU 	4
DWDR5 	EQU 	5
DWDR6 	EQU 	6
DWDR7 	EQU 	7
EEAR 	EQU 	30
EEAR0 	EQU 	0
EEAR1 	EQU 	1
EEAR2 	EQU 	2
EEAR3 	EQU 	3
EEAR4 	EQU 	4
EEAR5 	EQU 	5
EECR 	EQU 	28
EEDR 	EQU 	29
EEDR0 	EQU 	0
EEDR1 	EQU 	1
EEDR2 	EQU 	2
EEDR3 	EQU 	3
EEDR4 	EQU 	4
EEDR5 	EQU 	5
EEDR6 	EQU 	6
EEDR7 	EQU 	7
EEMPE 	EQU 	2
EEMWE 	EQU 	2
EEPE 	EQU 	1
EEPM0 	EQU 	4
EEPM1 	EQU 	5
EERE 	EQU 	0
EERIE 	EQU 	3
EEWE 	EQU 	1
ELSE1_1 	EQU 	30
ENDIF1 	EQU 	31
EXTRF 	EQU 	1
FN_READAD4 	EQU 	58
FOC0A 	EQU 	7
FOC0B 	EQU 	6
GIFR 	EQU 	58
GIMSK 	EQU 	59
GTCCR 	EQU 	40
H 	EQU 	5
I 	EQU 	7
INITSYS 	EQU 	55
INT0 	EQU 	6
INTF0 	EQU 	6
ISC00 	EQU 	0
ISC01 	EQU 	1
LDR 	EQU 	97
MCUCR 	EQU 	53
MCUSR 	EQU 	52
MUX0 	EQU 	0
MUX1 	EQU 	1
N 	EQU 	2
OCF0A 	EQU 	2
OCF0B 	EQU 	3
OCIE0A 	EQU 	2
OCIE0B 	EQU 	3
OCR0A 	EQU 	54
OCR0A_0 	EQU 	0
OCR0A_1 	EQU 	1
OCR0A_2 	EQU 	2
OCR0A_3 	EQU 	3
OCR0A_4 	EQU 	4
OCR0A_5 	EQU 	5
OCR0A_6 	EQU 	6
OCR0A_7 	EQU 	7
OCR0B 	EQU 	41
OCR0B_0 	EQU 	0
OCR0B_1 	EQU 	1
OCR0B_2 	EQU 	2
OCR0B_3 	EQU 	3
OCR0B_4 	EQU 	4
OCR0B_5 	EQU 	5
OCR0B_6 	EQU 	6
OCR0B_7 	EQU 	7
OSCCAL 	EQU 	49
OSCCAL0 	EQU 	0
OSCCAL1 	EQU 	1
OSCCAL2 	EQU 	2
OSCCAL3 	EQU 	3
OSCCAL4 	EQU 	4
OSCCAL5 	EQU 	5
OSCCAL6 	EQU 	6
OSCCAL7 	EQU 	7
PB0 	EQU 	0
PB1 	EQU 	1
PB2 	EQU 	2
PB3 	EQU 	3
PB4 	EQU 	4
PB5 	EQU 	5
PCIE 	EQU 	5
PCIF 	EQU 	5
PCINT0 	EQU 	0
PCINT1 	EQU 	1
PCINT2 	EQU 	2
PCINT3 	EQU 	3
PCINT4 	EQU 	4
PCINT5 	EQU 	5
PCMSK 	EQU 	21
PGERS 	EQU 	1
PGWRT 	EQU 	2
PINB 	EQU 	22
PINB0 	EQU 	0
PINB1 	EQU 	1
PINB2 	EQU 	2
PINB3 	EQU 	3
PINB4 	EQU 	4
PINB5 	EQU 	5
PORF 	EQU 	0
PORTB 	EQU 	24
PORTB0 	EQU 	0
PORTB1 	EQU 	1
PORTB2 	EQU 	2
PORTB3 	EQU 	3
PORTB4 	EQU 	4
PORTB5 	EQU 	5
PRADC 	EQU 	0
PRR 	EQU 	37
PRTIM0 	EQU 	1
PSR10 	EQU 	0
PUD 	EQU 	6
RAMEND 	EQU 	159
READAD 	EQU 	98
REFS0 	EQU 	6
RFLB 	EQU 	3
S 	EQU 	4
SE 	EQU 	5
SM0 	EQU 	3
SM1 	EQU 	4
SP0 	EQU 	0
SP1 	EQU 	1
SP2 	EQU 	2
SP3 	EQU 	3
SP4 	EQU 	4
SP5 	EQU 	5
SP6 	EQU 	6
SP7 	EQU 	7
SPL 	EQU 	61
SPMCSR 	EQU 	55
SPMEN 	EQU 	0
SREG 	EQU 	63
SREG_C 	EQU 	0
SREG_H 	EQU 	5
SREG_I 	EQU 	7
SREG_N 	EQU 	2
SREG_S 	EQU 	4
SREG_T 	EQU 	6
SREG_V 	EQU 	3
SREG_Z 	EQU 	1
SYSCALCTEMPA 	EQU 	r22
SYSCALCTEMPB 	EQU 	r28
SYSDOLOOP_E1 	EQU 	35
SYSDOLOOP_S1 	EQU 	15
SYSREADADBYTE 	EQU 	98
SYSVALUECOPY 	EQU 	r21
SYSWAITLOOP1 	EQU 	69
SYSWAITTEMP10US 	EQU 	r27
SYSWAITTEMPMS 	EQU 	r29
SYSWAITTEMPMS_H 	EQU 	r30
T 	EQU 	6
TCCR0A 	EQU 	47
TCCR0B 	EQU 	51
TCNT0 	EQU 	50
TCNT0_0 	EQU 	0
TCNT0_1 	EQU 	1
TCNT0_2 	EQU 	2
TCNT0_3 	EQU 	3
TCNT0_4 	EQU 	4
TCNT0_5 	EQU 	5
TCNT0_6 	EQU 	6
TCNT0_7 	EQU 	7
TIFR0 	EQU 	56
TIMSK0 	EQU 	57
TOIE0 	EQU 	1
TOV0 	EQU 	1
TSM 	EQU 	7
V 	EQU 	3
WDCE 	EQU 	4
WDE 	EQU 	3
WDP0 	EQU 	0
WDP1 	EQU 	1
WDP2 	EQU 	2
WDP3 	EQU 	5
WDRF 	EQU 	3
WDTCR 	EQU 	33
WDTIE 	EQU 	6
WDTIF 	EQU 	7
WGM00 	EQU 	0
WGM01 	EQU 	1
WGM02 	EQU 	3
X 	EQU 	28
X+ 	EQU 	29
Y 	EQU 	8
Y+ 	EQU 	25
Z 	EQU 	1
Z+ 	EQU 	17
rZ 	EQU 	0

Code:
Loc	Obj Code	Original Assembly

000000	C00A	RJMP BASPROGRAMSTART

000001	9518	RETI

000002	9518	RETI

000003	9518	RETI

000004	9518	RETI

000005	9518	RETI

000006	9518	RETI

000007	9518	RETI

000008	9518	RETI

000009	9518	RETI



		BASPROGRAMSTART
00000B	E95F	LDI SYSVALUECOPY,LOW(RAMEND)
00000C	BF5D	OUT SPL, SYSVALUECOPY
00000D	D029	RCALL INITSYS
00000E	9AB8	SBI DDRB,0

		SYSDOLOOP_S1
00000F	E051	LDI SYSVALUECOPY,1
000010	9350 0060	STS ADREADPORT,SYSVALUECOPY
000012	D027	RCALL FN_READAD4
000013	9150 0062	LDS SYSVALUECOPY,SYSREADADBYTE
000015	9350 0061	STS LDR,SYSVALUECOPY
000017	E36C	LDI SYSCALCTEMPA,60
000018	91C0 0061	LDS SYSCALCTEMPB,LDR
00001A	176C	CP SYSCALCTEMPA,SYSCALCTEMPB
00001B	F010	BRLO ELSE1_1
00001C	9AC0	SBI PORTB,0
00001D	C001	RJMP ENDIF1
		ELSE1_1
00001E	98C0	CBI PORTB,0
		ENDIF1
00001F	E6D4	LDI SYSWAITTEMPMS,100
000020	E0E0	LDI SYSWAITTEMPMS_H,0
000021	D009	RCALL DELAY_MS
000022	CFEC	RJMP SYSDOLOOP_S1
		SYSDOLOOP_E1
		BASPROGRAMEND
000023	9588	SLEEP
000024	CFFE	RJMP BASPROGRAMEND


		DELAY_10US
		D10US_START
000025	E09F	LDI DELAYTEMP,15
		DELAYUS0
000026	959A	DEC DELAYTEMP
000027	F7F1	BRNE DELAYUS0
000028	95BA	DEC SYSWAITTEMP10US
000029	F7D9	BRNE D10US_START
00002A	9508	RET


		DELAY_MS
00002B	95E3	INC SYSWAITTEMPMS_H
		DMS_START
00002C	E7AB	LDI DELAYTEMP2,123
		DMS_OUTER
00002D	E09C	LDI DELAYTEMP,12
		DMS_INNER
00002E	959A	DEC DELAYTEMP
00002F	F7F1	BRNE DMS_INNER
000030	95AA	DEC DELAYTEMP2
000031	F7D9	BRNE DMS_OUTER
000032	95DA	DEC SYSWAITTEMPMS
000033	F7C1	BRNE DMS_START
000034	95EA	DEC SYSWAITTEMPMS_H
000035	F7B1	BRNE DMS_START
000036	9508	RET


		INITSYS
000037	E050	LDI SYSVALUECOPY,0
000038	BB58	OUT PORTB,SYSVALUECOPY
000039	9508	RET


		FN_READAD4
00003A	9150 0060	LDS SYSVALUECOPY,ADREADPORT
00003C	B957	OUT ADMUX,SYSVALUECOPY
00003D	9A3D	SBI ADMUX,ADLAR
00003E	983E	CBI ADMUX,REFS0
00003F	9A32	SBI ADCSRA,ADPS2
000040	9831	CBI ADCSRA,ADPS1
000041	E0B2	LDI SYSWAITTEMP10US,2
000042	DFE2	RCALL DELAY_10US
000043	9A37	SBI ADCSRA,ADEN
000044	9A36	SBI ADCSRA,ADSC
		SYSWAITLOOP1
000045	9936	SBIC ADCSRA,ADSC
000046	CFFE	RJMP SYSWAITLOOP1
000047	9837	CBI ADCSRA,ADEN
000048	B155	IN SYSVALUECOPY,ADCH
000049	9350 0062	STS READAD,SYSVALUECOPY
00004B	9508	RET


