
ASEM-51 V1.3                                         Copyright (c) 2002 by W.W. Heinz                                         PAGE 1





       MCS-51 Family Macro Assembler   A S E M - 5 1   V 1.3
       =====================================================



	Source File:	/media/user/soft/simulide/tests/MCU/mcs-51/mcs51_extPGM/asm/pgm_02_delay.asm
	Object File:	/media/user/soft/simulide/tests/MCU/mcs-51/mcs51_extPGM/asm/pgm_02_delay.hex
	List File:	/media/user/soft/simulide/tests/MCU/mcs-51/mcs51_extPGM/asm/pgm_02_delay.lst



 Line  I  Addr  Code            Source

    1:				; Compiler: Asem-51
    2:
    3:				; Program: Software Delays
    4:				; Author: Diego Souza (original example by from Prof. Vooi Yap)
    5:
    6:				; Generating delays via software
    7:				; Reference: https://forum.allaboutcircuits.com/threads/delay-calculation-for-8051.52052/
    8:
    9:				; Crystal frequency: 11.0592 MHz
   10:				; The 8051 uses 1/12 of oscilator frequency. So the frequency is:
   11:				; 11.0592 / 12 = 921.6 kHz
   12:				; The cycle execution time becomes 1/f = 1/921.6kHz = 1.085uS per cycle. So the
   13:				; Desired time = Total Cycles * 1.085 us
   14:
   15:				; If we are using an 11.0592 MHz xtal, we will need to consume
   16:				; approx 921 instruction cycles per millisecond of delay.
   17:				; 921 * 1.085 us = 0.999285 ms
   18:
   19:				; We could write a routine to consume 92,100 cyc, but that would only
   20:				; generate a delay of 100mSec. The delay subroutine below consumes
   21:				; 922 cyc for each count in R7, so we have a subroutine that can delay
   22:				; between 1 and 255 mSec.
   23:
   24:		N      0000	ORG 00H  ; Assembly Starts from 0000H.
   25:	  0000			Back:
   26:	  0000	C2 90		        Clr P1.0     ; Set Port1 bit 0 to zero
   27:	  0002	7F FA		        mov R7,#250  ; 250 mSec (we may change this)
   28:	  0004	11 16		        acall delay  ; Call delay subroutine
   29:	  0006	11 16		        acall delay  ; Call delay subroutine
   30:				        ;acall delay  ; Call delay subroutine
   31:				        ;acall delay  ; Call delay subroutine
   32:
   33:	  0008	D2 90		        Setb P1.0    ; Set Port1 bit 0 to one
   34:	  000A	7F FA		        mov R7,#250  ; 250 mSec (we may change this)
   35:	  000C	11 16		        acall delay  ; Call delay subroutine
   36:	  000E	11 16		        acall delay  ; Call delay subroutine
   37:	  0010	11 16		        acall delay  ; Call delay subroutine
   38:	  0012	11 16		        acall delay  ; Call delay subroutine
   39:	  0014	80 EA		        Sjmp Back    ; Restart the loop
   40:
   41:	  0016			delay:
   42:	  0016	7A E6		        mov R2,#230     ; 2 cycles
   43:	  0018			delay1:

ASEM-51 V1.3                                         Copyright (c) 2002 by W.W. Heinz                                         PAGE 2



 Line  I  Addr  Code            Source

   44:	  0018	00		        nop             ; 1 cycles
   45:	  0019	00		        nop             ; 1 cycles
   46:	  001A	DA FC		        djnz R2, delay1 ; 2 cycles consume 230x4 + 2 instr cycles = 922 cycles
   47:	  001C	DF F8		        djnz R7, delay  ; 922 cycles (which is equal to 1 ms) * number of counts in R7
   48:	  001E	22		        ret             ; Return from subroutine
   49:
   50:				        End ; End of program





                     register banks used:  ---

                     no errors




ASEM-51 V1.3                                         Copyright (c) 2002 by W.W. Heinz                                         PAGE 3





	       L I S T   O F   S Y M B O L S
	       =============================


SYMBOL				  TYPE     VALUE	LINE
------------------------------------------------------------
??ASEM_51			  NUMBER    8051
??VERSION			  NUMBER    0130
AC				  BIT	      D6
ACC				  DATA	      E0
B				  DATA	      F0
BACK				  CODE	    0000	  25
CY				  BIT	      D7
DELAY				  CODE	    0016	  41
DELAY1				  CODE	    0018	  43
DPH				  DATA	      83
DPL				  DATA	      82
EA				  BIT	      AF
ES				  BIT	      AC
ET0				  BIT	      A9
ET1				  BIT	      AB
EX0				  BIT	      A8
EX1				  BIT	      AA
EXTI0				  CODE	    0003
EXTI1				  CODE	    0013
F0				  BIT	      D5
IE				  DATA	      A8
IE0				  BIT	      89
IE1				  BIT	      8B
INT0				  BIT	      B2
INT1				  BIT	      B3
IP				  DATA	      B8
IT0				  BIT	      88
IT1				  BIT	      8A
OV				  BIT	      D2
P				  BIT	      D0
P0				  DATA	      80
P1				  DATA	      90
P2				  DATA	      A0
P3				  DATA	      B0
PCON				  DATA	      87
PS				  BIT	      BC
PSW				  DATA	      D0
PT0				  BIT	      B9
PT1				  BIT	      BB
PX0				  BIT	      B8
PX1				  BIT	      BA
RB8				  BIT	      9A
RD				  BIT	      B7
REN				  BIT	      9C
RESET				  CODE	    0000
RI				  BIT	      98
RS0				  BIT	      D3
RS1				  BIT	      D4
RXD				  BIT	      B0
SBUF				  DATA	      99

ASEM-51 V1.3                                         Copyright (c) 2002 by W.W. Heinz                                         PAGE 4



SYMBOL				  TYPE     VALUE	LINE
------------------------------------------------------------
SCON				  DATA	      98
SINT				  CODE	    0023
SM0				  BIT	      9F
SM1				  BIT	      9E
SM2				  BIT	      9D
SP				  DATA	      81
T0				  BIT	      B4
T1				  BIT	      B5
TB8				  BIT	      9B
TCON				  DATA	      88
TF0				  BIT	      8D
TF1				  BIT	      8F
TH0				  DATA	      8C
TH1				  DATA	      8D
TI				  BIT	      99
TIMER0				  CODE	    000B
TIMER1				  CODE	    001B
TL0				  DATA	      8A
TL1				  DATA	      8B
TMOD				  DATA	      89
TR0				  BIT	      8C
TR1				  BIT	      8E
TXD				  BIT	      B1
WR				  BIT	      B6
