
ASEM-51 V1.3                                         Copyright (c) 2002 by W.W. Heinz                                         PAGE 1





       MCS-51 Family Macro Assembler   A S E M - 5 1   V 1.3
       =====================================================



	Source File:	/media/user/soft/simulide/simulide_lauchpad/1.0.0/resources/examples/Micro/mcs-51/mcs-51_test/mcs-51_blink.asm
	Object File:	/media/user/soft/simulide/simulide_lauchpad/1.0.0/resources/examples/Micro/mcs-51/mcs-51_test/mcs-51_blink.hex
	List File:	/media/user/soft/simulide/simulide_lauchpad/1.0.0/resources/examples/Micro/mcs-51/mcs-51_test/mcs-51_blink.lst



 Line  I  Addr  Code            Source

    1:				; Compiler: Asem-51
    2:
    3:		N      0000	ORG 0
    4:	  0000			start:
    5:	  0000	C2 90		        clr P1.0
    6:	  0002	11 0E		        acall delay
    7:	  0004	11 0E		        acall delay
    8:
    9:	  0006	D2 90		        setb P1.0
   10:	  0008	11 0E		        acall delay
   11:	  000A	11 0E		        acall delay
   12:	  000C	80 F2		        sjmp start
   13:
   14:	  000E			delay:
   15:	  000E	7F FF		        mov R7,#255
   16:	  0010			delay0:
   17:	  0010	7A FF		        mov R2,#255
   18:	  0012			delay1:
   19:	  0012	DA FE		        djnz R2, delay1
   20:	  0014	DF FA		        djnz R7, delay0
   21:	  0016	22		        ret
   22:				End





                     register banks used:  ---

                     no errors




ASEM-51 V1.3                                         Copyright (c) 2002 by W.W. Heinz                                         PAGE 2





	       L I S T   O F   S Y M B O L S
	       =============================


SYMBOL				  TYPE     VALUE	LINE
------------------------------------------------------------
??ASEM_51			  NUMBER    8051
??VERSION			  NUMBER    0130
AC				  BIT	      D6
ACC				  DATA	      E0
B				  DATA	      F0
CY				  BIT	      D7
DELAY				  CODE	    000E	  14
DELAY0				  CODE	    0010	  16
DELAY1				  CODE	    0012	  18
DPH				  DATA	      83
DPL				  DATA	      82
EA				  BIT	      AF
ES				  BIT	      AC
ET0				  BIT	      A9
ET1				  BIT	      AB
EX0				  BIT	      A8
EX1				  BIT	      AA
EXTI0				  CODE	    0003
EXTI1				  CODE	    0013
F0				  BIT	      D5
IE				  DATA	      A8
IE0				  BIT	      89
IE1				  BIT	      8B
INT0				  BIT	      B2
INT1				  BIT	      B3
IP				  DATA	      B8
IT0				  BIT	      88
IT1				  BIT	      8A
OV				  BIT	      D2
P				  BIT	      D0
P0				  DATA	      80
P1				  DATA	      90
P2				  DATA	      A0
P3				  DATA	      B0
PCON				  DATA	      87
PS				  BIT	      BC
PSW				  DATA	      D0
PT0				  BIT	      B9
PT1				  BIT	      BB
PX0				  BIT	      B8
PX1				  BIT	      BA
RB8				  BIT	      9A
RD				  BIT	      B7
REN				  BIT	      9C
RESET				  CODE	    0000
RI				  BIT	      98
RS0				  BIT	      D3
RS1				  BIT	      D4
RXD				  BIT	      B0
SBUF				  DATA	      99

ASEM-51 V1.3                                         Copyright (c) 2002 by W.W. Heinz                                         PAGE 3



SYMBOL				  TYPE     VALUE	LINE
------------------------------------------------------------
SCON				  DATA	      98
SINT				  CODE	    0023
SM0				  BIT	      9F
SM1				  BIT	      9E
SM2				  BIT	      9D
SP				  DATA	      81
START				  CODE	    0000	   4
T0				  BIT	      B4
T1				  BIT	      B5
TB8				  BIT	      9B
TCON				  DATA	      88
TF0				  BIT	      8D
TF1				  BIT	      8F
TH0				  DATA	      8C
TH1				  DATA	      8D
TI				  BIT	      99
TIMER0				  CODE	    000B
TIMER1				  CODE	    001B
TL0				  DATA	      8A
TL1				  DATA	      8B
TMOD				  DATA	      89
TR0				  BIT	      8C
TR1				  BIT	      8E
TXD				  BIT	      B1
WR				  BIT	      B6
