gpasm-1.4.0 #1107 (Apr  3 2018) /media/user/s   12-20-2021  18:40:22        PAGE  1


LOC    OBJECT CODE    LINE  SOURCE TEXT
  VALUE

                      00001 
                      00002 ;**********************************************************************
                      00003 ;Filename: pwmdemo1.asm 
                      00004 ;Uses PIC16F627A
                      00005 ;Date: 13 Nov. 2013      
                      00006 ;Author:  Lewis Loflin
                      00007 ;http://www.bristolwatch.com 
                      00008 ;
                      00009 ;Uses PWM to control LEDs from off to bight to off again
                      00010 ;Demonstrates the use of loops and PWM
                      00011 ;Delay routines based on 16 mHz external
                      00012 ;
                      00013 ;PWM Period = [(PR2) + 1] * 4 * TOSC * (TMR2 Prescale Value)
                      00014 ;PWM duty cycle = (DCxB9:DCxB0 bits value) *
                      00015 ; Tosc * (TMR2 prescale value)
                      00016 ;Tosc = 16 mHz / 4
                      00017 ;PWM output PORTB, 3 
                      00018 ;**********************************************************************
                      00019 
                      00020 
                      00021 list      p=16f627A           ; list directive to define processor
                      00022 #include <p16F627A.inc>       ; processor specific variable definitions
Warning[231]: Found lower case match for include filename.
                      00001         LIST
                      00002 
                      00003 ;==========================================================================
                      00004 ; Build date : Aug 07 2014
                      00005 ;  MPASM PIC16F627A processor include
                      00006 ; 
                      00007 ;  (c) Copyright 1999-2014 Microchip Technology, All rights reserved
                      00008 ;==========================================================================
                      00009 
                      00010         NOLIST
                      00011 
                      00012 ;==========================================================================
                      00013 ;  This header file defines configurations, registers, and other useful
                      00014 ;  bits of information for the PIC16F627A microcontroller.  These names
                      00015 ;  are taken to match the data sheets as closely as possible.
                      00016 ;
                      00017 ;  Note that the processor must be selected before this file is included.
                      00018 ;  The processor may be selected the following ways:
                      00019 ;
                      00020 ;       1. Command line switch:
                      00021 ;               C:\MPASM MYFILE.ASM /PIC16F627A
                      00022 ;       2. LIST directive in the source file
                      00023 ;               LIST   P=PIC16F627A
                      00024 ;       3. Processor Type entry in the MPASM full-screen interface
                      00025 ;       4. Setting the processor in the MPLAB Project Dialog
                      00026 ;==========================================================================
                      00027 
                      00028 ;==========================================================================
                      00029 ;
                      00030 ;       Verify Processor
gpasm-1.4.0 #1107 (Apr  3 2018) /media/user/s   12-20-2021  18:40:22        PAGE  2


LOC    OBJECT CODE    LINE  SOURCE TEXT
  VALUE

                      00031 ;
                      00032 ;==========================================================================
                      00033         IFNDEF __16F627A
                      00034            MESSG "Processor-header file mismatch.  Verify selected processor."
                      00035         ENDIF
                      00036 
                      00037 
                      00038 
                      00039 ;==========================================================================
                      00040 ;
                      00041 ;       Register Definitions
                      00042 ;
                      00043 ;==========================================================================
                      00044 
  00000000            00045 W                EQU  H'0000'
  00000001            00046 F                EQU  H'0001'
                      00047 
                      00048 ;----- Register Files -----------------------------------------------------
                      00049 
                      00050 ;-----Bank0------------------
  00000000            00051 INDF             EQU  H'0000'
  00000001            00052 TMR0             EQU  H'0001'
  00000002            00053 PCL              EQU  H'0002'
  00000003            00054 STATUS           EQU  H'0003'
  00000004            00055 FSR              EQU  H'0004'
  00000005            00056 PORTA            EQU  H'0005'
  00000006            00057 PORTB            EQU  H'0006'
  0000000A            00058 PCLATH           EQU  H'000A'
  0000000B            00059 INTCON           EQU  H'000B'
  0000000C            00060 PIR1             EQU  H'000C'
  0000000E            00061 TMR1             EQU  H'000E'
  0000000E            00062 TMR1L            EQU  H'000E'
  0000000F            00063 TMR1H            EQU  H'000F'
  00000010            00064 T1CON            EQU  H'0010'
  00000011            00065 TMR2             EQU  H'0011'
  00000012            00066 T2CON            EQU  H'0012'
  00000015            00067 CCPR1            EQU  H'0015'
  00000015            00068 CCPR1L           EQU  H'0015'
  00000016            00069 CCPR1H           EQU  H'0016'
  00000017            00070 CCP1CON          EQU  H'0017'
  00000018            00071 RCSTA            EQU  H'0018'
  00000019            00072 TXREG            EQU  H'0019'
  0000001A            00073 RCREG            EQU  H'001A'
  0000001F            00074 CMCON            EQU  H'001F'
                      00075 
                      00076 ;-----Bank1------------------
  00000081            00077 OPTION_REG       EQU  H'0081'
  00000085            00078 TRISA            EQU  H'0085'
  00000086            00079 TRISB            EQU  H'0086'
  0000008C            00080 PIE1             EQU  H'008C'
  0000008E            00081 PCON             EQU  H'008E'
  00000092            00082 PR2              EQU  H'0092'
  00000098            00083 TXSTA            EQU  H'0098'
gpasm-1.4.0 #1107 (Apr  3 2018) /media/user/s   12-20-2021  18:40:22        PAGE  3


LOC    OBJECT CODE    LINE  SOURCE TEXT
  VALUE

  00000099            00084 SPBRG            EQU  H'0099'
  0000009A            00085 EEDATA           EQU  H'009A'
  0000009B            00086 EEADR            EQU  H'009B'
  0000009C            00087 EECON1           EQU  H'009C'
  0000009D            00088 EECON2           EQU  H'009D'
  0000009F            00089 VRCON            EQU  H'009F'
                      00090 
                      00091 ;----- STATUS Bits -----------------------------------------------------
  00000000            00092 C                EQU  H'0000'
  00000001            00093 DC               EQU  H'0001'
  00000002            00094 Z                EQU  H'0002'
  00000003            00095 NOT_PD           EQU  H'0003'
  00000004            00096 NOT_TO           EQU  H'0004'
  00000007            00097 IRP              EQU  H'0007'
                      00098 
  00000005            00099 RP0              EQU  H'0005'
  00000006            00100 RP1              EQU  H'0006'
                      00101 
                      00102 
                      00103 ;----- PORTA Bits -----------------------------------------------------
  00000000            00104 RA0              EQU  H'0000'
  00000001            00105 RA1              EQU  H'0001'
  00000002            00106 RA2              EQU  H'0002'
  00000003            00107 RA3              EQU  H'0003'
  00000004            00108 RA4              EQU  H'0004'
  00000005            00109 RA5              EQU  H'0005'
  00000006            00110 RA6              EQU  H'0006'
  00000007            00111 RA7              EQU  H'0007'
                      00112 
                      00113 
                      00114 ;----- PORTB Bits -----------------------------------------------------
  00000000            00115 RB0              EQU  H'0000'
  00000001            00116 RB1              EQU  H'0001'
  00000002            00117 RB2              EQU  H'0002'
  00000003            00118 RB3              EQU  H'0003'
  00000004            00119 RB4              EQU  H'0004'
  00000005            00120 RB5              EQU  H'0005'
  00000006            00121 RB6              EQU  H'0006'
  00000007            00122 RB7              EQU  H'0007'
                      00123 
                      00124 
                      00125 ;----- INTCON Bits -----------------------------------------------------
  00000000            00126 RBIF             EQU  H'0000'
  00000001            00127 INTF             EQU  H'0001'
  00000002            00128 T0IF             EQU  H'0002'
  00000003            00129 RBIE             EQU  H'0003'
  00000004            00130 INTE             EQU  H'0004'
  00000005            00131 T0IE             EQU  H'0005'
  00000006            00132 PEIE             EQU  H'0006'
  00000007            00133 GIE              EQU  H'0007'
                      00134 
  00000002            00135 TMR0IF           EQU  H'0002'
  00000005            00136 TMR0IE           EQU  H'0005'
gpasm-1.4.0 #1107 (Apr  3 2018) /media/user/s   12-20-2021  18:40:22        PAGE  4


LOC    OBJECT CODE    LINE  SOURCE TEXT
  VALUE

                      00137 
                      00138 
                      00139 ;----- PIR1 Bits -----------------------------------------------------
  00000000            00140 TMR1IF           EQU  H'0000'
  00000001            00141 TMR2IF           EQU  H'0001'
  00000002            00142 CCP1IF           EQU  H'0002'
  00000004            00143 TXIF             EQU  H'0004'
  00000005            00144 RCIF             EQU  H'0005'
  00000006            00145 CMIF             EQU  H'0006'
  00000007            00146 EEIF             EQU  H'0007'
                      00147 
                      00148 
                      00149 ;----- T1CON Bits -----------------------------------------------------
  00000000            00150 TMR1ON           EQU  H'0000'
  00000001            00151 TMR1CS           EQU  H'0001'
  00000002            00152 NOT_T1SYNC       EQU  H'0002'
  00000003            00153 T1OSCEN          EQU  H'0003'
                      00154 
  00000004            00155 T1CKPS0          EQU  H'0004'
  00000005            00156 T1CKPS1          EQU  H'0005'
                      00157 
                      00158 
                      00159 ;----- T2CON Bits -----------------------------------------------------
  00000002            00160 TMR2ON           EQU  H'0002'
                      00161 
  00000000            00162 T2CKPS0          EQU  H'0000'
  00000001            00163 T2CKPS1          EQU  H'0001'
  00000003            00164 TOUTPS0          EQU  H'0003'
  00000004            00165 TOUTPS1          EQU  H'0004'
  00000005            00166 TOUTPS2          EQU  H'0005'
  00000006            00167 TOUTPS3          EQU  H'0006'
                      00168 
                      00169 
                      00170 ;----- CCP1CON Bits -----------------------------------------------------
  00000004            00171 CCP1Y            EQU  H'0004'
  00000005            00172 CCP1X            EQU  H'0005'
                      00173 
  00000000            00174 CCP1M0           EQU  H'0000'
  00000001            00175 CCP1M1           EQU  H'0001'
  00000002            00176 CCP1M2           EQU  H'0002'
  00000003            00177 CCP1M3           EQU  H'0003'
                      00178 
                      00179 
                      00180 ;----- RCSTA Bits -----------------------------------------------------
  00000000            00181 RX9D             EQU  H'0000'
  00000001            00182 OERR             EQU  H'0001'
  00000002            00183 FERR             EQU  H'0002'
  00000003            00184 ADEN             EQU  H'0003'
  00000004            00185 CREN             EQU  H'0004'
  00000005            00186 SREN             EQU  H'0005'
  00000006            00187 RX9              EQU  H'0006'
  00000007            00188 SPEN             EQU  H'0007'
                      00189 
gpasm-1.4.0 #1107 (Apr  3 2018) /media/user/s   12-20-2021  18:40:22        PAGE  5


LOC    OBJECT CODE    LINE  SOURCE TEXT
  VALUE

  00000003            00190 ADDEN            EQU  H'0003'
                      00191 
                      00192 
                      00193 ;----- CMCON Bits -----------------------------------------------------
  00000003            00194 CIS              EQU  H'0003'
  00000004            00195 C1INV            EQU  H'0004'
  00000005            00196 C2INV            EQU  H'0005'
  00000006            00197 C1OUT            EQU  H'0006'
  00000007            00198 C2OUT            EQU  H'0007'
                      00199 
  00000000            00200 CM0              EQU  H'0000'
  00000001            00201 CM1              EQU  H'0001'
  00000002            00202 CM2              EQU  H'0002'
                      00203 
                      00204 
                      00205 ;----- OPTION_REG Bits -----------------------------------------------------
  00000003            00206 PSA              EQU  H'0003'
  00000004            00207 T0SE             EQU  H'0004'
  00000005            00208 T0CS             EQU  H'0005'
  00000006            00209 INTEDG           EQU  H'0006'
  00000007            00210 NOT_RBPU         EQU  H'0007'
                      00211 
  00000000            00212 PS0              EQU  H'0000'
  00000001            00213 PS1              EQU  H'0001'
  00000002            00214 PS2              EQU  H'0002'
                      00215 
                      00216 
                      00217 ;----- TRISA Bits -----------------------------------------------------
  00000000            00218 TRISA0           EQU  H'0000'
  00000001            00219 TRISA1           EQU  H'0001'
  00000002            00220 TRISA2           EQU  H'0002'
  00000003            00221 TRISA3           EQU  H'0003'
  00000004            00222 TRISA4           EQU  H'0004'
  00000005            00223 TRISA5           EQU  H'0005'
  00000006            00224 TRISA6           EQU  H'0006'
  00000007            00225 TRISA7           EQU  H'0007'
                      00226 
                      00227 
                      00228 ;----- TRISB Bits -----------------------------------------------------
  00000000            00229 TRISB0           EQU  H'0000'
  00000001            00230 TRISB1           EQU  H'0001'
  00000002            00231 TRISB2           EQU  H'0002'
  00000003            00232 TRISB3           EQU  H'0003'
  00000004            00233 TRISB4           EQU  H'0004'
  00000005            00234 TRISB5           EQU  H'0005'
  00000006            00235 TRISB6           EQU  H'0006'
  00000007            00236 TRISB7           EQU  H'0007'
                      00237 
                      00238 
                      00239 ;----- PIE1 Bits -----------------------------------------------------
  00000000            00240 TMR1IE           EQU  H'0000'
  00000001            00241 TMR2IE           EQU  H'0001'
  00000002            00242 CCP1IE           EQU  H'0002'
gpasm-1.4.0 #1107 (Apr  3 2018) /media/user/s   12-20-2021  18:40:22        PAGE  6


LOC    OBJECT CODE    LINE  SOURCE TEXT
  VALUE

  00000004            00243 TXIE             EQU  H'0004'
  00000005            00244 RCIE             EQU  H'0005'
  00000006            00245 CMIE             EQU  H'0006'
  00000007            00246 EEIE             EQU  H'0007'
                      00247 
                      00248 
                      00249 ;----- PCON Bits -----------------------------------------------------
  00000000            00250 NOT_BOR          EQU  H'0000'
  00000001            00251 NOT_POR          EQU  H'0001'
  00000003            00252 OSCF             EQU  H'0003'
                      00253 
  00000000            00254 NOT_BO           EQU  H'0000'
                      00255 
  00000000            00256 NOT_BOD          EQU  H'0000'
                      00257 
                      00258 
                      00259 ;----- TXSTA Bits -----------------------------------------------------
  00000000            00260 TX9D             EQU  H'0000'
  00000001            00261 TRMT             EQU  H'0001'
  00000002            00262 BRGH             EQU  H'0002'
  00000004            00263 SYNC             EQU  H'0004'
  00000005            00264 TXEN             EQU  H'0005'
  00000006            00265 TX9              EQU  H'0006'
  00000007            00266 CSRC             EQU  H'0007'
                      00267 
                      00268 
                      00269 ;----- EECON1 Bits -----------------------------------------------------
  00000000            00270 RD               EQU  H'0000'
  00000001            00271 WR               EQU  H'0001'
  00000002            00272 WREN             EQU  H'0002'
  00000003            00273 WRERR            EQU  H'0003'
                      00274 
                      00275 
                      00276 ;----- VRCON Bits -----------------------------------------------------
  00000005            00277 VRR              EQU  H'0005'
  00000006            00278 VROE             EQU  H'0006'
  00000007            00279 VREN             EQU  H'0007'
                      00280 
  00000000            00281 VR0              EQU  H'0000'
  00000001            00282 VR1              EQU  H'0001'
  00000002            00283 VR2              EQU  H'0002'
  00000003            00284 VR3              EQU  H'0003'
                      00285 
                      00286 
                      00287 
                      00288 
                      00289 ;==========================================================================
                      00290 ;
                      00291 ;       RAM Definitions
                      00292 ;
                      00293 ;==========================================================================
  000001FF            00294        __MAXRAM  H'01FF'
                      00295        __BADRAM  H'0007'-H'0009'
gpasm-1.4.0 #1107 (Apr  3 2018) /media/user/s   12-20-2021  18:40:22        PAGE  7


LOC    OBJECT CODE    LINE  SOURCE TEXT
  VALUE

                      00296        __BADRAM  H'000D'
                      00297        __BADRAM  H'0013'-H'0014'
                      00298        __BADRAM  H'001B'-H'001E'
                      00299        __BADRAM  H'0087'-H'0089'
                      00300        __BADRAM  H'008D'
                      00301        __BADRAM  H'008F'-H'0091'
                      00302        __BADRAM  H'0093'-H'0097'
                      00303        __BADRAM  H'009E'
                      00304        __BADRAM  H'0105'
                      00305        __BADRAM  H'0107'-H'0109'
                      00306        __BADRAM  H'010C'-H'011F'
                      00307        __BADRAM  H'0150'-H'016F'
                      00308        __BADRAM  H'0185'
                      00309        __BADRAM  H'0187'-H'0189'
                      00310        __BADRAM  H'018C'-H'018F'
                      00311        __BADRAM  H'0190'-H'01EF'
                      00312 
                      00313 ;==========================================================================
                      00314 ;
                      00315 ;       Configuration Bits
                      00316 ;
                      00317 ;   NAME            Address
                      00318 ;   CONFIG            2007h
                      00319 ;
                      00320 ;==========================================================================
                      00321 
                      00322 ; The following is an assignment of address values for all of the
                      00323 ; configuration registers for the purpose of table reads
  00002007            00324 _CONFIG          EQU  H'2007'
                      00325 
                      00326 ;----- CONFIG Options --------------------------------------------------
  00003FEC            00327 _FOSC_LP             EQU  H'3FEC'    ; LP oscillator: Low-power crystal on RA6/OSC2/CLKOUT and RA7/OSC1/
                            CLKIN
  00003FEC            00328 _LP_OSC              EQU  H'3FEC'    ; LP oscillator: Low-power crystal on RA6/OSC2/CLKOUT and RA7/OSC1/
                            CLKIN
  00003FED            00329 _FOSC_XT             EQU  H'3FED'    ; XT oscillator: Crystal/resonator on RA6/OSC2/CLKOUT and RA7/OSC1/
                            CLKIN
  00003FED            00330 _XT_OSC              EQU  H'3FED'    ; XT oscillator: Crystal/resonator on RA6/OSC2/CLKOUT and RA7/OSC1/
                            CLKIN
  00003FEE            00331 _FOSC_HS             EQU  H'3FEE'    ; HS oscillator: High-speed crystal/resonator on RA6/OSC2/CLKOUT an
                            d RA7/OSC1/CLKIN
  00003FEE            00332 _HS_OSC              EQU  H'3FEE'    ; HS oscillator: High-speed crystal/resonator on RA6/OSC2/CLKOUT an
                            d RA7/OSC1/CLKIN
  00003FEF            00333 _FOSC_ECIO           EQU  H'3FEF'    ; EC: I/O function on RA6/OSC2/CLKOUT pin, CLKIN on RA7/OSC1/CLKIN
  00003FEF            00334 _EXTCLK_OSC          EQU  H'3FEF'    ; EC: I/O function on RA6/OSC2/CLKOUT pin, CLKIN on RA7/OSC1/CLKIN
  00003FFC            00335 _FOSC_INTOSCIO       EQU  H'3FFC'    ; INTOSC oscillator: I/O function on RA6/OSC2/CLKOUT pin, I/O funct
                            ion on RA7/OSC1/CLKIN
  00003FFC            00336 _INTOSC_OSC_NOCLKOUT EQU  H'3FFC'    ; INTOSC oscillator: I/O function on RA6/OSC2/CLKOUT pin, I/O funct
                            ion on RA7/OSC1/CLKIN
  00003FFC            00337 _INTRC_OSC_NOCLKOUT  EQU  H'3FFC'    ; INTOSC oscillator: I/O function on RA6/OSC2/CLKOUT pin, I/O funct
                            ion on RA7/OSC1/CLKIN
  00003FFD            00338 _FOSC_INTOSCCLK      EQU  H'3FFD'    ; INTOSC oscillator: CLKOUT function on RA6/OSC2/CLKOUT pin, I/O fu
                            nction on RA7/OSC1/CLKIN
gpasm-1.4.0 #1107 (Apr  3 2018) /media/user/s   12-20-2021  18:40:22        PAGE  8


LOC    OBJECT CODE    LINE  SOURCE TEXT
  VALUE

  00003FFD            00339 _INTOSC_OSC_CLKOUT   EQU  H'3FFD'    ; INTOSC oscillator: CLKOUT function on RA6/OSC2/CLKOUT pin, I/O fu
                            nction on RA7/OSC1/CLKIN
  00003FFD            00340 _INTRC_OSC_CLKOUT    EQU  H'3FFD'    ; INTOSC oscillator: CLKOUT function on RA6/OSC2/CLKOUT pin, I/O fu
                            nction on RA7/OSC1/CLKIN
  00003FFE            00341 _FOSC_EXTRCIO        EQU  H'3FFE'    ; RC oscillator: I/O function on RA6/OSC2/CLKOUT pin, Resistor and 
                            Capacitor on RA7/OSC1/CLKIN
  00003FFE            00342 _RC_OSC_NOCLKOUT     EQU  H'3FFE'    ; RC oscillator: I/O function on RA6/OSC2/CLKOUT pin, Resistor and 
                            Capacitor on RA7/OSC1/CLKIN
  00003FFE            00343 _ER_OSC_NOCLKOUT     EQU  H'3FFE'    ; RC oscillator: I/O function on RA6/OSC2/CLKOUT pin, Resistor and 
                            Capacitor on RA7/OSC1/CLKIN
  00003FFF            00344 _FOSC_EXTRCCLK       EQU  H'3FFF'    ; RC oscillator: CLKOUT function on RA6/OSC2/CLKOUT pin, Resistor a
                            nd Capacitor on RA7/OSC1/CLKIN
  00003FFF            00345 _RC_OSC_CLKOUT       EQU  H'3FFF'    ; RC oscillator: CLKOUT function on RA6/OSC2/CLKOUT pin, Resistor a
                            nd Capacitor on RA7/OSC1/CLKIN
  00003FFF            00346 _ER_OSC_CLKOUT       EQU  H'3FFF'    ; RC oscillator: CLKOUT function on RA6/OSC2/CLKOUT pin, Resistor a
                            nd Capacitor on RA7/OSC1/CLKIN
                      00347 
  00003FFB            00348 _WDTE_OFF            EQU  H'3FFB'    ; WDT disabled
  00003FFB            00349 _WDT_OFF             EQU  H'3FFB'    ; WDT disabled
  00003FFF            00350 _WDTE_ON             EQU  H'3FFF'    ; WDT enabled
  00003FFF            00351 _WDT_ON              EQU  H'3FFF'    ; WDT enabled
                      00352 
  00003FF7            00353 _PWRTE_ON            EQU  H'3FF7'    ; PWRT enabled
  00003FFF            00354 _PWRTE_OFF           EQU  H'3FFF'    ; PWRT disabled
                      00355 
  00003FDF            00356 _MCLRE_OFF           EQU  H'3FDF'    ; RA5/MCLR/VPP pin function is digital input, MCLR internally tied 
                            to VDD
  00003FFF            00357 _MCLRE_ON            EQU  H'3FFF'    ; RA5/MCLR/VPP pin function is MCLR
                      00358 
  00003FBF            00359 _BOREN_OFF           EQU  H'3FBF'    ; BOD disabled
  00003FBF            00360 _BODEN_OFF           EQU  H'3FBF'    ; BOD disabled
  00003FBF            00361 _BOREN_OFF           EQU  H'3FBF'    ; BOD disabled
  00003FFF            00362 _BOREN_ON            EQU  H'3FFF'    ; BOD enabled
  00003FFF            00363 _BODEN_ON            EQU  H'3FFF'    ; BOD enabled
  00003FFF            00364 _BOREN_ON            EQU  H'3FFF'    ; BOD enabled
                      00365 
  00003F7F            00366 _LVP_OFF             EQU  H'3F7F'    ; RB4/PGM pin has digital I/O function, HV on MCLR must be used for
                             programming
  00003FFF            00367 _LVP_ON              EQU  H'3FFF'    ; RB4/PGM pin has PGM function, low-voltage programming enabled
                      00368 
  00003EFF            00369 _CPD_ON              EQU  H'3EFF'    ; Data memory code-protected
  00003EFF            00370 DATA_CP_ON           EQU  H'3EFF'    ; Data memory code-protected
  00003FFF            00371 _CPD_OFF             EQU  H'3FFF'    ; Data memory code protection off
  00003FFF            00372 DATA_CP_OFF          EQU  H'3FFF'    ; Data memory code protection off
                      00373 
  00001FFF            00374 _CP_ON               EQU  H'1FFF'    ; 0000h to 03FFh code-protected
  00003FFF            00375 _CP_OFF              EQU  H'3FFF'    ; Code protection off
                      00376 
                      00377 ;----- DEVID Equates --------------------------------------------------
  00002006            00378 _DEVID1          EQU  H'2006'
                      00379 
                      00380 ;----- IDLOC Equates --------------------------------------------------
  00002000            00381 _IDLOC0          EQU  H'2000'
gpasm-1.4.0 #1107 (Apr  3 2018) /media/user/s   12-20-2021  18:40:22        PAGE  9


LOC    OBJECT CODE    LINE  SOURCE TEXT
  VALUE

  00002001            00382 _IDLOC1          EQU  H'2001'
  00002002            00383 _IDLOC2          EQU  H'2002'
  00002003            00384 _IDLOC3          EQU  H'2003'
                      00385 
                      00386         LIST
                      00023 errorlevel  -302              ; suppress message 302 from list file
                      00024 
Warning[205]: Found directive in column 1: "__CONFIG"
2007   3F02           00025 __CONFIG _CP_OFF & _LVP_OFF & _BOREN_OFF & _MCLRE_OFF & _WDT_OFF & _PWRTE_ON & _HS_OSC 
                      00026         
                      00027 ; Use  _INTOSC_OSC_NOCLKOUT  for 
                      00028 ; internal 4 mHz osc and no ext reset, use pin RA5 as an input
                      00029 ; Use _HS_OSC for a 16 mHz ext crystal.
                      00030 ; Use _XT_OSC for 4 mHz ext crystal. Page 95 in spec sheet. 
                      00031 
                      00032 ;------------------------------------------------------------
                      00033         cblock 0x20     ; Begin General Purpose-Register
  00000023            00034 ;-------------------------- counters    
  00000020            00035         count1
  00000021            00036         count2
  00000022            00037         count3
  00000023            00038         val
                      00039         endc
                      00040 
0000                  00041         ORG     0x000             ; processor reset vector
0000   2801           00042         goto    setup              ; go to beginning of program
                      00043 
                      00044 
0001                  00045 setup ; init PIC16F627A
                      00046 
0001   3007           00047         movlw   0x07   
                      00048         ; Turn comparators off and enable pins for I/O 
0002   009F           00049         movwf   CMCON
0003   018B           00050         clrf    INTCON
0004   0192           00051         clrf    T2CON
0005   0191           00052         clrf    TMR2
0006   1683 1303      00053         banksel TRISA    
                      00054         ; BSF   STATUS,RP0 Jump to bank 1 use BANKSEL instead
0008   018C           00055         clrf    PIE1
0009   30FF           00056         movlw   d'255' ; frequency ~ 1000 Hz
000A   0092           00057         movwf   PR2
000B   0185           00058         clrf    TRISA
000C   0186           00059         clrf    TRISB
000D   1283 1303      00060         banksel INTCON ; back to bank 0
000F   0186           00061         clrf    PORTB
0010   0185           00062         clrf    PORTA
0011   3007           00063         movlw   b'00000111'
0012   0092           00064         movwf   T2CON ; turn on TMR2 prescale 16
0013   3000           00065         movlw   d'0' ; duty cycle = 0% or no output
0014   0095           00066         movwf   CCPR1L
0015   303C           00067         movlw   b'00111100'
0016   0097           00068         movwf   CCP1CON         ; turn on PWM 
0017   2818           00069         goto main
gpasm-1.4.0 #1107 (Apr  3 2018) /media/user/s   12-20-2021  18:40:22        PAGE 10


LOC    OBJECT CODE    LINE  SOURCE TEXT
  VALUE

                      00070 
                      00071 
0018                  00072 main
                      00073         ; first loop increases brightness of LEDs
0018   01A3           00074         clrf val ; val = 0
0019   2034           00075 gg  call delay_100ms 
001A   0823           00076         movf val, w 
001B   0095           00077         movwf CCPR1L ; output val to pwm RB3
001C   300A           00078         movlw d'10'
001D   07A3           00079         addwf val, F ; add 10 to val
001E   1C03           00080         btfss STATUS, C ; check for carry
001F   2819           00081         goto gg ; no carry loop again
                      00082         ; decreases brightness of LEDs
0020   30FF           00083         movlw 0xFF
0021   00A3           00084         movwf val
0022   2034           00085 hh      call delay_100ms
0023   0823           00086         movfw val
0024   0095           00087         movwf CCPR1L ; save val to register
0025   300A           00088         movlw d'10'
0026   02A3           00089         subwf val, F ; subtract 10 from val save in val
0027   1803           00090         btfsc STATUS, C ; check for < 0
0028   2822           00091         goto hh  ; no loop again
0029   0195           00092         clrf CCPR1L
Warning[203]: Found opcode in column 1: "goto"
002A   2818           00093 goto main
                      00094 
                      00095 
002B                  00096 delay_1ms
                      00097         ; 16 mHz crystal, 4 mS with 4 mhz crystal
002B   3007           00098         movlw 0x07
002C   00A0           00099         movwf count1
002D   30BC           00100 aa      movlw 0xBC
002E   00A1           00101         movwf count2
002F   0BA1           00102         decfsz count2, F
0030   282F           00103         goto $-1
0031   0BA0           00104         decfsz count1, F
0032   282D           00105         goto aa 
0033   0008           00106         return
                      00107 
                      00108 
0034                  00109 delay_100ms
                      00110         ; 16  mHz crystal, 400 mS with 4 mHz crystal
0034   3063           00111         movlw d'99'
0035   00A2           00112         movwf count3
0036   202B           00113 bb      call delay_1ms
0037   0BA2           00114         decfsz count3, F
0038   2836           00115         goto bb
0039   0008           00116         return
                      00117 
                      00118         END  ; directive 'end of program'
gpasm-1.4.0 #1107 (Apr  3 2018) /media/user/s   12-20-2021  18:40:22        PAGE 11


SYMBOL TABLE
  LABEL                             VALUE

ADDEN                             00000003
ADEN                              00000003
BRGH                              00000002
C                                 00000000
C1INV                             00000004
C1OUT                             00000006
C2INV                             00000005
C2OUT                             00000007
CCP1CON                           00000017
CCP1IE                            00000002
CCP1IF                            00000002
CCP1M0                            00000000
CCP1M1                            00000001
CCP1M2                            00000002
CCP1M3                            00000003
CCP1X                             00000005
CCP1Y                             00000004
CCPR1                             00000015
CCPR1H                            00000016
CCPR1L                            00000015
CIS                               00000003
CM0                               00000000
CM1                               00000001
CM2                               00000002
CMCON                             0000001F
CMIE                              00000006
CMIF                              00000006
CREN                              00000004
CSRC                              00000007
DATA_CP_OFF                       00003FFF
DATA_CP_ON                        00003EFF
DC                                00000001
EEADR                             0000009B
EECON1                            0000009C
EECON2                            0000009D
EEDATA                            0000009A
EEIE                              00000007
EEIF                              00000007
F                                 00000001
FERR                              00000002
FSR                               00000004
GIE                               00000007
INDF                              00000000
INTCON                            0000000B
INTE                              00000004
INTEDG                            00000006
INTF                              00000001
IRP                               00000007
NOT_BO                            00000000
NOT_BOD                           00000000
NOT_BOR                           00000000
NOT_PD                            00000003
NOT_POR                           00000001
gpasm-1.4.0 #1107 (Apr  3 2018) /media/user/s   12-20-2021  18:40:22        PAGE 12


SYMBOL TABLE
  LABEL                             VALUE 

NOT_RBPU                          00000007
NOT_T1SYNC                        00000002
NOT_TO                            00000004
OERR                              00000001
OPTION_REG                        00000081
OSCF                              00000003
PCL                               00000002
PCLATH                            0000000A
PCON                              0000008E
PEIE                              00000006
PIE1                              0000008C
PIR1                              0000000C
PORTA                             00000005
PORTB                             00000006
PR2                               00000092
PS0                               00000000
PS1                               00000001
PS2                               00000002
PSA                               00000003
RA0                               00000000
RA1                               00000001
RA2                               00000002
RA3                               00000003
RA4                               00000004
RA5                               00000005
RA6                               00000006
RA7                               00000007
RB0                               00000000
RB1                               00000001
RB2                               00000002
RB3                               00000003
RB4                               00000004
RB5                               00000005
RB6                               00000006
RB7                               00000007
RBIE                              00000003
RBIF                              00000000
RCIE                              00000005
RCIF                              00000005
RCREG                             0000001A
RCSTA                             00000018
RD                                00000000
RP0                               00000005
RP1                               00000006
RX9                               00000006
RX9D                              00000000
SPBRG                             00000099
SPEN                              00000007
SREN                              00000005
STATUS                            00000003
SYNC                              00000004
T0CS                              00000005
T0IE                              00000005
gpasm-1.4.0 #1107 (Apr  3 2018) /media/user/s   12-20-2021  18:40:22        PAGE 13


SYMBOL TABLE
  LABEL                             VALUE 

T0IF                              00000002
T0SE                              00000004
T1CKPS0                           00000004
T1CKPS1                           00000005
T1CON                             00000010
T1OSCEN                           00000003
T2CKPS0                           00000000
T2CKPS1                           00000001
T2CON                             00000012
TMR0                              00000001
TMR0IE                            00000005
TMR0IF                            00000002
TMR1                              0000000E
TMR1CS                            00000001
TMR1H                             0000000F
TMR1IE                            00000000
TMR1IF                            00000000
TMR1L                             0000000E
TMR1ON                            00000000
TMR2                              00000011
TMR2IE                            00000001
TMR2IF                            00000001
TMR2ON                            00000002
TOUTPS0                           00000003
TOUTPS1                           00000004
TOUTPS2                           00000005
TOUTPS3                           00000006
TRISA                             00000085
TRISA0                            00000000
TRISA1                            00000001
TRISA2                            00000002
TRISA3                            00000003
TRISA4                            00000004
TRISA5                            00000005
TRISA6                            00000006
TRISA7                            00000007
TRISB                             00000086
TRISB0                            00000000
TRISB1                            00000001
TRISB2                            00000002
TRISB3                            00000003
TRISB4                            00000004
TRISB5                            00000005
TRISB6                            00000006
TRISB7                            00000007
TRMT                              00000001
TX9                               00000006
TX9D                              00000000
TXEN                              00000005
TXIE                              00000004
TXIF                              00000004
TXREG                             00000019
TXSTA                             00000098
gpasm-1.4.0 #1107 (Apr  3 2018) /media/user/s   12-20-2021  18:40:22        PAGE 14


SYMBOL TABLE
  LABEL                             VALUE 

VR0                               00000000
VR1                               00000001
VR2                               00000002
VR3                               00000003
VRCON                             0000009F
VREN                              00000007
VROE                              00000006
VRR                               00000005
W                                 00000000
WR                                00000001
WREN                              00000002
WRERR                             00000003
Z                                 00000002
_BODEN_OFF                        00003FBF
_BODEN_ON                         00003FFF
_BOREN_OFF                        00003FBF
_BOREN_ON                         00003FFF
_CONFIG                           00002007
_CPD_OFF                          00003FFF
_CPD_ON                           00003EFF
_CP_OFF                           00003FFF
_CP_ON                            00001FFF
_DEVID1                           00002006
_ER_OSC_CLKOUT                    00003FFF
_ER_OSC_NOCLKOUT                  00003FFE
_EXTCLK_OSC                       00003FEF
_FOSC_ECIO                        00003FEF
_FOSC_EXTRCCLK                    00003FFF
_FOSC_EXTRCIO                     00003FFE
_FOSC_HS                          00003FEE
_FOSC_INTOSCCLK                   00003FFD
_FOSC_INTOSCIO                    00003FFC
_FOSC_LP                          00003FEC
_FOSC_XT                          00003FED
_HS_OSC                           00003FEE
_IDLOC0                           00002000
_IDLOC1                           00002001
_IDLOC2                           00002002
_IDLOC3                           00002003
_INTOSC_OSC_CLKOUT                00003FFD
_INTOSC_OSC_NOCLKOUT              00003FFC
_INTRC_OSC_CLKOUT                 00003FFD
_INTRC_OSC_NOCLKOUT               00003FFC
_LP_OSC                           00003FEC
_LVP_OFF                          00003F7F
_LVP_ON                           00003FFF
_MCLRE_OFF                        00003FDF
_MCLRE_ON                         00003FFF
_PWRTE_OFF                        00003FFF
_PWRTE_ON                         00003FF7
_RC_OSC_CLKOUT                    00003FFF
_RC_OSC_NOCLKOUT                  00003FFE
_WDTE_OFF                         00003FFB
gpasm-1.4.0 #1107 (Apr  3 2018) /media/user/s   12-20-2021  18:40:22        PAGE 15


SYMBOL TABLE
  LABEL                             VALUE 

_WDTE_ON                          00003FFF
_WDT_OFF                          00003FFB
_WDT_ON                           00003FFF
_XT_OSC                           00003FED
__16F627A                         00000001
__CODE_END                        000003FF
__CODE_START                      00000000
__COMMON_RAM_END                  0000007F
__COMMON_RAM_START                00000070
__EEPROM_END                      0000217F
__EEPROM_START                    00002100
__VECTOR_INT                      00000004
__VECTOR_RESET                    00000000
aa                                0000002D
bb                                00000036
count1                            00000020
count2                            00000021
count3                            00000022
delay_100ms                       00000034
delay_1ms                         0000002B
gg                                00000019
hh                                00000022
main                              00000018
setup                             00000001
val                               00000023


MEMORY USAGE MAP ('X' = Used,  '-' = Unused)

0000 : XXXXXXXXXXXXXXXX XXXXXXXXXXXXXXXX XXXXXXXXXXXXXXXX XXXXXXXXXX------
2000 : -------X-------- ---------------- ---------------- ----------------

All other memory blocks unused.

Program Memory Words Used:    58
Program Memory Words Free:   966


Errors   :     0
Warnings :     3 reported,     0 suppressed
Messages :     0 reported,     4 suppressed

