GCASM List File (GCBASIC 0.98.<<>> 2021-<<>>-24 (Linux 64 bit) : Build 1005)

Symbols:
A 	EQU 	0
ACCESS 	EQU 	0
ADDEN 	EQU 	3
ADEN 	EQU 	3
B 	EQU 	1
BANKED 	EQU 	1
BASPROGRAMEND 	EQU 	70
BASPROGRAMSTART 	EQU 	27
BRGH 	EQU 	2
C 	EQU 	0
C1INV 	EQU 	4
C1OUT 	EQU 	6
C2INV 	EQU 	5
C2OUT 	EQU 	7
CCP1CON 	EQU 	23
CCP1IE 	EQU 	2
CCP1IF 	EQU 	2
CCP1M0 	EQU 	0
CCP1M1 	EQU 	1
CCP1M2 	EQU 	2
CCP1M3 	EQU 	3
CCP1X 	EQU 	5
CCP1Y 	EQU 	4
CCPR1 	EQU 	21
CCPR1H 	EQU 	22
CCPR1L 	EQU 	21
CIS 	EQU 	3
CM0 	EQU 	0
CM1 	EQU 	1
CM2 	EQU 	2
CMCON 	EQU 	31
CMIE 	EQU 	6
CMIF 	EQU 	6
CREN 	EQU 	4
CSRC 	EQU 	7
DC 	EQU 	1
DELAYTEMP 	EQU 	112
DELAYTEMP2 	EQU 	113
DELAY_MS 	EQU 	72
DMS_INNER 	EQU 	77
DMS_OUTER 	EQU 	75
DMS_START 	EQU 	73
EEADR 	EQU 	155
EECON1 	EQU 	156
EECON2 	EQU 	157
EEDATA 	EQU 	154
EEIE 	EQU 	7
EEIF 	EQU 	7
ELSE1_1 	EQU 	90
ENDIF1 	EQU 	91
F 	EQU 	1
FERR 	EQU 	2
FSR 	EQU 	4
GIE 	EQU 	7
INCCOUNTER 	EQU 	86
INDF 	EQU 	0
INITSYS 	EQU 	95
INTCON 	EQU 	11
INTE 	EQU 	4
INTEDG 	EQU 	6
INTERRUPT 	EQU 	4
INTERRUPTDONE 	EQU 	19
INTF 	EQU 	1
IRP 	EQU 	7
NOTT0IF 	EQU 	19
NOT_BO 	EQU 	0
NOT_BOD 	EQU 	0
NOT_BOR 	EQU 	0
NOT_PD 	EQU 	3
NOT_POR 	EQU 	1
NOT_RBPU 	EQU 	7
NOT_T1SYNC 	EQU 	2
NOT_TO 	EQU 	4
OERR 	EQU 	1
OPTION_REG 	EQU 	129
OSCF 	EQU 	3
PCL 	EQU 	2
PCLATH 	EQU 	10
PCON 	EQU 	142
PEIE 	EQU 	6
PIE1 	EQU 	140
PIR1 	EQU 	12
PORTA 	EQU 	5
PORTB 	EQU 	6
PR2 	EQU 	146
PS0 	EQU 	0
PS1 	EQU 	1
PS2 	EQU 	2
PSA 	EQU 	3
RA0 	EQU 	0
RA1 	EQU 	1
RA2 	EQU 	2
RA3 	EQU 	3
RA4 	EQU 	4
RA5 	EQU 	5
RA6 	EQU 	6
RA7 	EQU 	7
RB0 	EQU 	0
RB1 	EQU 	1
RB2 	EQU 	2
RB3 	EQU 	3
RB4 	EQU 	4
RB5 	EQU 	5
RB6 	EQU 	6
RB7 	EQU 	7
RBIE 	EQU 	3
RBIF 	EQU 	0
RCIE 	EQU 	5
RCIF 	EQU 	5
RCREG 	EQU 	26
RCSTA 	EQU 	24
RD 	EQU 	0
RP0 	EQU 	5
RP1 	EQU 	6
RX9 	EQU 	6
RX9D 	EQU 	0
SAVEPCLATH 	EQU 	32
SPBRG 	EQU 	153
SPEN 	EQU 	7
SREN 	EQU 	5
STATUS 	EQU 	3
SYNC 	EQU 	4
SYSDOLOOP_E1 	EQU 	70
SYSDOLOOP_S1 	EQU 	57
SYSINTSTATESAVE0 	EQU 	33
SYSSTATUS 	EQU 	127
SYSW 	EQU 	126
SYSWAITTEMPMS 	EQU 	114
SYSWAITTEMPMS_H 	EQU 	115
T0CS 	EQU 	5
T0IE 	EQU 	5
T0IF 	EQU 	2
T0SE 	EQU 	4
T1CKPS0 	EQU 	4
T1CKPS1 	EQU 	5
T1CON 	EQU 	16
T1OSCEN 	EQU 	3
T2CKPS0 	EQU 	0
T2CKPS1 	EQU 	1
T2CON 	EQU 	18
TMR0 	EQU 	1
TMR0IE 	EQU 	5
TMR0IF 	EQU 	2
TMR1 	EQU 	14
TMR1CS 	EQU 	1
TMR1H 	EQU 	15
TMR1IE 	EQU 	0
TMR1IF 	EQU 	0
TMR1L 	EQU 	14
TMR1ON 	EQU 	0
TMR2 	EQU 	17
TMR2IE 	EQU 	1
TMR2IF 	EQU 	1
TMR2ON 	EQU 	2
TOUTPS0 	EQU 	3
TOUTPS1 	EQU 	4
TOUTPS2 	EQU 	5
TOUTPS3 	EQU 	6
TRISA 	EQU 	133
TRISA0 	EQU 	0
TRISA1 	EQU 	1
TRISA2 	EQU 	2
TRISA3 	EQU 	3
TRISA4 	EQU 	4
TRISA5 	EQU 	5
TRISA6 	EQU 	6
TRISA7 	EQU 	7
TRISB 	EQU 	134
TRISB0 	EQU 	0
TRISB1 	EQU 	1
TRISB2 	EQU 	2
TRISB3 	EQU 	3
TRISB4 	EQU 	4
TRISB5 	EQU 	5
TRISB6 	EQU 	6
TRISB7 	EQU 	7
TRMT 	EQU 	1
TX9 	EQU 	6
TX9D 	EQU 	0
TXEN 	EQU 	5
TXIE 	EQU 	4
TXIF 	EQU 	4
TXREG 	EQU 	25
TXSTA 	EQU 	152
VR0 	EQU 	0
VR1 	EQU 	1
VR2 	EQU 	2
VR3 	EQU 	3
VRCON 	EQU 	159
VREN 	EQU 	7
VROE 	EQU 	6
VRR 	EQU 	5
W 	EQU 	0
WR 	EQU 	1
WREN 	EQU 	2
WRERR 	EQU 	3
Z 	EQU 	2

Code:
Loc	Obj Code	Original Assembly









000000	281B	GOTO BASPROGRAMSTART

		INTERRUPT


000004	00FE	MOVWF SYSW
000005	0E03	SWAPF STATUS,W
000006	00FF	MOVWF SYSSTATUS
000000	1283	BANKSEL STATUS
000000	1283 1303	BANKSEL STATUS
000009	080A	MOVF PCLATH,W
00000A	00A0	MOVWF SAVEPCLATH
00000B	018A	CLRF PCLATH
00000C	1E8B	BTFSS INTCON,T0IE
00000D	2813	GOTO NOTT0IF
00000E	1D0B	BTFSS INTCON,T0IF
00000F	2813	GOTO NOTT0IF
000010	2056	CALL INCCOUNTER
000011	110B	BCF INTCON,T0IF
000012	2813	GOTO INTERRUPTDONE
		NOTT0IF
		INTERRUPTDONE
000013	0820	MOVF SAVEPCLATH,W
000014	008A	MOVWF PCLATH
000015	0E7F	SWAPF SYSSTATUS,W
000016	0083	MOVWF STATUS
000017	0EFE	SWAPF SYSW,F
000018	0E7E	SWAPF SYSW,W
000019	0009	RETFIE



		BASPROGRAMSTART
00001B	205F	CALL INITSYS
00001C	178B	BSF INTCON,GIE
00001D	170B	BSF INTCON,PEIE
00001E	1421	BSF SYSINTSTATESAVE0,0
000000	1683	BANKSEL TRISB
000000	1683 1303	BANKSEL TRISB
000021	1286	BCF TRISB,5

000022	168B	BSF INTCON,T0IE
000023	3007	MOVLW 7
000000	1283	BANKSEL CMCON
000000	1283 1303	BANKSEL CMCON
000026	009F	MOVWF CMCON
000000	1683	BANKSEL TRISB
000000	1683 1303	BANKSEL TRISB
000029	0186	CLRF TRISB
000000	1283	BANKSEL PORTB
000000	1283 1303	BANKSEL PORTB
00002C	0186	CLRF PORTB
000000	1683	BANKSEL TRISA
000000	1683 1303	BANKSEL TRISA
00002F	1605	BSF TRISA,4
000030	1681	BSF OPTION_REG,T0CS
000031	30FA	MOVLW 250
000000	1283	BANKSEL TMR0
000000	1283 1303	BANKSEL TMR0
000034	0081	MOVWF TMR0
000035	1C21	BTFSS SYSINTSTATESAVE0,0
000036	138B	BCF INTCON,GIE
000037	1821	BTFSC SYSINTSTATESAVE0,0
000038	178B	BSF INTCON,GIE
		SYSDOLOOP_S1
000039	1286	BCF PORTB,5
00003A	30F4	MOVLW 244
00003B	00F2	MOVWF SYSWAITTEMPMS
00003C	3001	MOVLW 1
00003D	00F3	MOVWF SYSWAITTEMPMS_H
00003E	2048	CALL DELAY_MS
00003F	1686	BSF PORTB,5
000040	30F4	MOVLW 244
000041	00F2	MOVWF SYSWAITTEMPMS
000042	3001	MOVLW 1
000043	00F3	MOVWF SYSWAITTEMPMS_H
000044	2048	CALL DELAY_MS
000045	2839	GOTO SYSDOLOOP_S1
		SYSDOLOOP_E1
		BASPROGRAMEND
000046	0063	SLEEP
000047	2846	GOTO BASPROGRAMEND


		DELAY_MS
000048	0AF3	INCF SYSWAITTEMPMS_H, F
		DMS_START
000049	308E	MOVLW 142
00004A	00F1	MOVWF DELAYTEMP2
		DMS_OUTER
00004B	3001	MOVLW 1
00004C	00F0	MOVWF DELAYTEMP
		DMS_INNER
00004D	0BF0	DECFSZ DELAYTEMP, F
00004E	284D	GOTO DMS_INNER
00004F	0BF1	DECFSZ DELAYTEMP2, F
000050	284B	GOTO DMS_OUTER
000051	0BF2	DECFSZ SYSWAITTEMPMS, F
000052	2849	GOTO DMS_START
000053	0BF3	DECFSZ SYSWAITTEMPMS_H, F
000054	2849	GOTO DMS_START
000055	0008	RETURN


		INCCOUNTER
000056	1C06	BTFSS PORTB,0
000057	285A	GOTO ELSE1_1
000058	1006	BCF PORTB,0
000059	285B	GOTO ENDIF1
		ELSE1_1
00005A	1406	BSF PORTB,0
		ENDIF1
00005B	110B	BCF INTCON,T0IF
00005C	30FA	MOVLW 250
00005D	0081	MOVWF TMR0
00005E	0008	RETURN


		INITSYS
00005F	3007	MOVLW 7
000060	009F	MOVWF CMCON
000061	0185	CLRF PORTA
000062	0186	CLRF PORTB
000063	0008	RETURN


